This is pdfTeX, Version 3.141592653-2.6-1.40.29 (TeX Live 2026) (preloaded format=pdflatex 2026.3.22)  16 JUN 2026 11:34
entering extended mode
 restricted \write18 enabled.
 %&-line parsing enabled.
**main.tex
(./main.tex
LaTeX2e <2025-11-01>
L3 programming layer <2026-01-19>
(/usr/local/texlive/2026/texmf-dist/tex/latex/base/book.cls
Document Class: book 2025/01/22 v1.4n Standard LaTeX document class
(/usr/local/texlive/2026/texmf-dist/tex/latex/base/bk11.clo
File: bk11.clo 2025/01/22 v1.4n Standard LaTeX file (size option)
)
\c@part=\count275
\c@chapter=\count276
\c@section=\count277
\c@subsection=\count278
\c@subsubsection=\count279
\c@paragraph=\count280
\c@subparagraph=\count281
\c@figure=\count282
\c@table=\count283
\abovecaptionskip=\skip49
\belowcaptionskip=\skip50
\bibindent=\dimen148
)
(/usr/local/texlive/2026/texmf-dist/tex/latex/base/inputenc.sty
Package: inputenc 2024/02/08 v1.3d Input encoding file
\inpenc@prehook=\toks17
\inpenc@posthook=\toks18
)
(/usr/local/texlive/2026/texmf-dist/tex/latex/base/fontenc.sty
Package: fontenc 2025/07/18 v2.1d Standard LaTeX package
)
(/usr/local/texlive/2026/texmf-dist/tex/generic/babel/babel.sty
Package: babel 2026/03/08 v26.4 The multilingual framework for LuaLaTeX, pdfLaT
eX and XeLaTeX
\babel@savecnt=\count284
LaTeX Encoding Info:    Redeclaring text command \ij (encoding OT1) on input li
ne 2078.
LaTeX Encoding Info:    Redeclaring text command \IJ (encoding OT1) on input li
ne 2080.
LaTeX Encoding Info:    Redeclaring text command \ij (encoding T1) on input lin
e 2082.
LaTeX Encoding Info:    Redeclaring text command \IJ (encoding T1) on input lin
e 2083.
LaTeX Encoding Info:    Ignoring declaration for text command \ij (encoding ?) 
on input line 2084.
LaTeX Encoding Info:    Ignoring declaration for text command \IJ (encoding ?) 
on input line 2086.
LaTeX Encoding Info:    Ignoring declaration for text command \SS (encoding ?) 
on input line 2111.
\U@D=\dimen149
\l@unhyphenated=\language91

(/usr/local/texlive/2026/texmf-dist/tex/generic/babel/txtbabel.def)
\bbl@readstream=\read2
\bbl@dirlevel=\count285

(/usr/local/texlive/2026/texmf-dist/tex/generic/babel/locale/es/babel-spanish.t
ex)
(/usr/local/texlive/2026/texmf-dist/tex/generic/babel/locale/en/babel-english.t
ex)
Package babel Info: Importing font and identification data for spanish
(babel)             from babel-es.ini. Reported on input line 4330.
 (/usr/local/texlive/2026/texmf-dist/tex/generic/babel-spanish/spanish.ldf
Language: spanish.ldf 2021/05/27 v5.0q Spanish support from the babel system
\es@quottoks=\toks19
\es@quotdepth=\count286
Package babel Info: Making " an active character on input line 570.
Package babel Info: Making . an active character on input line 675.
Package babel Info: Making < an active character on input line 722.
Package babel Info: Making > an active character on input line 722.
)
Package babel Info: Importing font and identification data for english
(babel)             from babel-en.ini. Reported on input line 4330.

(/usr/local/texlive/2026/texmf-dist/tex/generic/babel-english/english.ldf
Language: english 2017/06/06 v3.3r English support from the babel system
Package babel Info: Hyphen rules for 'canadian' set to \l@english
(babel)             (\language0). Reported on input line 102.
Package babel Info: Hyphen rules for 'australian' set to \l@ukenglish
(babel)             (\language22). Reported on input line 105.
Package babel Info: Hyphen rules for 'newzealand' set to \l@ukenglish
(babel)             (\language22). Reported on input line 108.
))
(/usr/local/texlive/2026/texmf-dist/tex/latex/hyphenat/hyphenat.sty
Package: hyphenat 2009/09/02 v2.3c hyphenation utilities
\langwohyphens=\language92
LaTeX Info: Redefining \_ on input line 43.
)
(/usr/local/texlive/2026/texmf-dist/tex/latex/geometry/geometry.sty
Package: geometry 2026/03/07 v6.0 Page Geometry

(/usr/local/texlive/2026/texmf-dist/tex/latex/graphics/keyval.sty
Package: keyval 2022/05/29 v1.15 key=value parser (DPC)
\KV@toks@=\toks20
)
(/usr/local/texlive/2026/texmf-dist/tex/generic/iftex/ifvtex.sty
Package: ifvtex 2019/10/25 v1.7 ifvtex legacy package. Use iftex instead.

(/usr/local/texlive/2026/texmf-dist/tex/generic/iftex/iftex.sty
Package: iftex 2024/12/12 v1.0g TeX engine tests
))
\Gm@cnth=\count287
\Gm@cntv=\count288
\c@Gm@tempcnt=\count289
\Gm@bindingoffset=\dimen150
\Gm@wd@mp=\dimen151
\Gm@odd@mp=\dimen152
\Gm@even@mp=\dimen153
\Gm@layoutwidth=\dimen154
\Gm@layoutheight=\dimen155
\Gm@layouthoffset=\dimen156
\Gm@layoutvoffset=\dimen157
\Gm@dimlist=\toks21
)
(/usr/local/texlive/2026/texmf-dist/tex/latex/amsmath/amsmath.sty
Package: amsmath 2025/07/09 v2.17z AMS math features
\@mathmargin=\skip51

For additional information on amsmath, use the `?' option.
(/usr/local/texlive/2026/texmf-dist/tex/latex/amsmath/amstext.sty
Package: amstext 2024/11/17 v2.01 AMS text

(/usr/local/texlive/2026/texmf-dist/tex/latex/amsmath/amsgen.sty
File: amsgen.sty 1999/11/30 v2.0 generic functions
\@emptytoks=\toks22
\ex@=\dimen158
))
(/usr/local/texlive/2026/texmf-dist/tex/latex/amsmath/amsbsy.sty
Package: amsbsy 1999/11/29 v1.2d Bold Symbols
\pmbraise@=\dimen159
)
(/usr/local/texlive/2026/texmf-dist/tex/latex/amsmath/amsopn.sty
Package: amsopn 2022/04/08 v2.04 operator names
)
\inf@bad=\count290
LaTeX Info: Redefining \frac on input line 233.
\uproot@=\count291
\leftroot@=\count292
LaTeX Info: Redefining \overline on input line 398.
LaTeX Info: Redefining \colon on input line 409.
\classnum@=\count293
\DOTSCASE@=\count294
LaTeX Info: Redefining \ldots on input line 495.
LaTeX Info: Redefining \dots on input line 498.
LaTeX Info: Redefining \cdots on input line 619.
\Mathstrutbox@=\box53
\strutbox@=\box54
LaTeX Info: Redefining \big on input line 721.
LaTeX Info: Redefining \Big on input line 722.
LaTeX Info: Redefining \bigg on input line 723.
LaTeX Info: Redefining \Bigg on input line 724.
\big@size=\dimen160
LaTeX Font Info:    Redeclaring font encoding OML on input line 742.
LaTeX Font Info:    Redeclaring font encoding OMS on input line 743.
\macc@depth=\count295
LaTeX Info: Redefining \bmod on input line 904.
LaTeX Info: Redefining \pmod on input line 909.
LaTeX Info: Redefining \smash on input line 939.
LaTeX Info: Redefining \relbar on input line 969.
LaTeX Info: Redefining \Relbar on input line 970.
\c@MaxMatrixCols=\count296
\dotsspace@=\muskip17
\c@parentequation=\count297
\dspbrk@lvl=\count298
\tag@help=\toks23
\row@=\count299
\column@=\count300
\maxfields@=\count301
\andhelp@=\toks24
\eqnshift@=\dimen161
\alignsep@=\dimen162
\tagshift@=\dimen163
\tagwidth@=\dimen164
\totwidth@=\dimen165
\lineht@=\dimen166
\@envbody=\toks25
\multlinegap=\skip52
\multlinetaggap=\skip53
\mathdisplay@stack=\toks26
LaTeX Info: Redefining \[ on input line 2950.
LaTeX Info: Redefining \] on input line 2951.
)
(/usr/local/texlive/2026/texmf-dist/tex/latex/amsfonts/amsfonts.sty
Package: amsfonts 2013/01/14 v3.01 Basic AMSFonts support
\symAMSa=\mathgroup4
\symAMSb=\mathgroup5
LaTeX Font Info:    Redeclaring math symbol \hbar on input line 98.
LaTeX Font Info:    Overwriting math alphabet `\mathfrak' in version `bold'
(Font)                  U/euf/m/n --> U/euf/b/n on input line 106.
)
(/usr/local/texlive/2026/texmf-dist/tex/latex/amsfonts/amssymb.sty
Package: amssymb 2013/01/14 v3.01 AMS font symbols
)
(/usr/local/texlive/2026/texmf-dist/tex/latex/jknapltx/mathrsfs.sty
Package: mathrsfs 1996/01/01 Math RSFS package v1.0 (jk)
\symrsfs=\mathgroup6
)
(/usr/local/texlive/2026/texmf-dist/tex/latex/graphics/graphicx.sty
Package: graphicx 2024/12/31 v1.2e Enhanced LaTeX Graphics (DPC,SPQR)

(/usr/local/texlive/2026/texmf-dist/tex/latex/graphics/graphics.sty
Package: graphics 2024/08/06 v1.4g Standard LaTeX Graphics (DPC,SPQR)

(/usr/local/texlive/2026/texmf-dist/tex/latex/graphics/trig.sty
Package: trig 2023/12/02 v1.11 sin cos tan (DPC)
)
(/usr/local/texlive/2026/texmf-dist/tex/latex/graphics-cfg/graphics.cfg
File: graphics.cfg 2016/06/04 v1.11 sample graphics configuration
)
Package graphics Info: Driver file: pdftex.def on input line 106.

(/usr/local/texlive/2026/texmf-dist/tex/latex/graphics-def/pdftex.def
File: pdftex.def 2025/09/29 v1.2d Graphics/color driver for pdftex
))
\Gin@req@height=\dimen167
\Gin@req@width=\dimen168
)
(/usr/local/texlive/2026/texmf-dist/tex/latex/epstopdf-pkg/epstopdf.sty
Package: epstopdf 2020-01-24 v2.11 Conversion with epstopdf on the fly (HO)

(/usr/local/texlive/2026/texmf-dist/tex/generic/infwarerr/infwarerr.sty
Package: infwarerr 2019/12/03 v1.5 Providing info/warning/error messages (HO)
)
(/usr/local/texlive/2026/texmf-dist/tex/latex/grfext/grfext.sty
Package: grfext 2019/12/03 v1.3 Manage graphics extensions (HO)

(/usr/local/texlive/2026/texmf-dist/tex/generic/kvdefinekeys/kvdefinekeys.sty
Package: kvdefinekeys 2019-12-19 v1.6 Define keys (HO)
)) (/usr/local/texlive/2026/texmf-dist/tex/latex/kvoptions/kvoptions.sty
Package: kvoptions 2022-06-15 v3.15 Key value format for package options (HO)

(/usr/local/texlive/2026/texmf-dist/tex/generic/ltxcmds/ltxcmds.sty
Package: ltxcmds 2023-12-04 v1.26 LaTeX kernel commands for general use (HO)
)
(/usr/local/texlive/2026/texmf-dist/tex/latex/kvsetkeys/kvsetkeys.sty
Package: kvsetkeys 2022-10-05 v1.19 Key value parser (HO)
))
(/usr/local/texlive/2026/texmf-dist/tex/generic/pdftexcmds/pdftexcmds.sty
Package: pdftexcmds 2020-06-27 v0.33 Utility functions of pdfTeX for LuaTeX (HO
)
Package pdftexcmds Info: \pdf@primitive is available.
Package pdftexcmds Info: \pdf@ifprimitive is available.
Package pdftexcmds Info: \pdfdraftmode found.
)
(/usr/local/texlive/2026/texmf-dist/tex/latex/epstopdf-pkg/epstopdf-base.sty
Package: epstopdf-base 2020-01-24 v2.11 Base part for package epstopdf
Package epstopdf-base Info: Redefining graphics rule for `.eps' on input line 4
85.
Package grfext Info: Graphics extension search list:
(grfext)             [.pdf,.png,.jpg,.mps,.jpeg,.jbig2,.jb2,.PDF,.PNG,.JPG,.JPE
G,.JBIG2,.JB2,.eps]
(grfext)             \AppendGraphicsExtensions on input line 504.

(/usr/local/texlive/2026/texmf-dist/tex/latex/latexconfig/epstopdf-sys.cfg
File: epstopdf-sys.cfg 2010/07/13 v1.3 Configuration of (r)epstopdf for TeX Liv
e
)))
(/usr/local/texlive/2026/texmf-dist/tex/latex/caption/subcaption.sty
Package: subcaption 2023/07/28 v1.6b Sub-captions (AR)

(/usr/local/texlive/2026/texmf-dist/tex/latex/caption/caption.sty
Package: caption 2023/08/05 v3.6o Customizing captions (AR)

(/usr/local/texlive/2026/texmf-dist/tex/latex/caption/caption3.sty
Package: caption3 2023/07/31 v2.4d caption3 kernel (AR)
\caption@tempdima=\dimen169
\captionmargin=\dimen170
\caption@leftmargin=\dimen171
\caption@rightmargin=\dimen172
\caption@width=\dimen173
\caption@indent=\dimen174
\caption@parindent=\dimen175
\caption@hangindent=\dimen176
Package caption Info: Standard document class detected.
)
\c@caption@flags=\count302
\c@continuedfloat=\count303
)
Package caption Info: New subtype `subfigure' on input line 238.
\c@subfigure=\count304
Package caption Info: New subtype `subtable' on input line 238.
\c@subtable=\count305
)
(/usr/local/texlive/2026/texmf-dist/tex/latex/listings/listings.sty
\lst@mode=\count306
\lst@gtempboxa=\box55
\lst@token=\toks27
\lst@length=\count307
\lst@currlwidth=\dimen177
\lst@column=\count308
\lst@pos=\count309
\lst@lostspace=\dimen178
\lst@width=\dimen179
\lst@newlines=\count310
\lst@lineno=\count311
\lst@maxwidth=\dimen180

(/usr/local/texlive/2026/texmf-dist/tex/latex/listings/lstpatch.sty
File: lstpatch.sty 2025/11/14 1.11b (Carsten Heinz)
)
(/usr/local/texlive/2026/texmf-dist/tex/latex/listings/lstmisc.sty
File: lstmisc.sty 2025/11/14 1.11b (Carsten Heinz)
\c@lstnumber=\count312
\lst@skipnumbers=\count313
\lst@framebox=\box56
)
(/usr/local/texlive/2026/texmf-dist/tex/latex/listings/listings.cfg
File: listings.cfg 2025/11/14 1.11b listings configuration
))
Package: listings 2025/11/14 1.11b (Carsten Heinz)

==> First Aid for listings.sty no longer applied!
    Expected:
        2024/09/23 1.10c (Carsten Heinz)
    but found:
        2025/11/14 1.11b (Carsten Heinz)
    so I'm assuming it got fixed.
(/usr/local/texlive/2026/texmf-dist/tex/latex/titlesec/titlesec.sty
Package: titlesec 2025/01/04 v2.17 Sectioning titles
\ttl@box=\box57
\beforetitleunit=\skip54
\aftertitleunit=\skip55
\ttl@plus=\dimen181
\ttl@minus=\dimen182
\ttl@toksa=\toks28
\titlewidth=\dimen183
\titlewidthlast=\dimen184
\titlewidthfirst=\dimen185
)
(/usr/local/texlive/2026/texmf-dist/tex/latex/titlesec/titletoc.sty
Package: titletoc 2025/01/04 v2.17 TOC entries
\ttl@leftsep=\dimen186
)
(/usr/local/texlive/2026/texmf-dist/tex/latex/fancyhdr/fancyhdr.sty
Package: fancyhdr 2025/02/07 v5.2 Extensive control of page headers and footers

\f@nch@headwidth=\skip56
\f@nch@offset@elh=\skip57
\f@nch@offset@erh=\skip58
\f@nch@offset@olh=\skip59
\f@nch@offset@orh=\skip60
\f@nch@offset@elf=\skip61
\f@nch@offset@erf=\skip62
\f@nch@offset@olf=\skip63
\f@nch@offset@orf=\skip64
\f@nch@height=\skip65
\f@nch@footalignment=\skip66
\f@nch@widthL=\skip67
\f@nch@widthC=\skip68
\f@nch@widthR=\skip69
\@temptokenb=\toks29
)
(/usr/local/texlive/2026/texmf-dist/tex/latex/lineno/lineno.sty
Package: lineno 2026/03/08 line numbers on paragraphs v5.9

(/usr/local/texlive/2026/texmf-dist/tex/latex/etoolbox/etoolbox.sty
Package: etoolbox 2025/10/02 v2.5m e-TeX tools for LaTeX (JAW)
\etb@tempcnta=\count314
)
\linenopenalty=\count315
\output=\toks30
\linenoprevgraf=\count316
\linenumbersep=\dimen187
\linenumberwidth=\dimen188
\c@linenumber=\count317
\c@pagewiselinenumber=\count318
\c@LN@truepage=\count319
\c@internallinenumber=\count320
\c@internallinenumbers=\count321
\quotelinenumbersep=\dimen189
\bframerule=\dimen190
\bframesep=\dimen191
\bframebox=\box58
\@LN@amsmath@ams@eqpen=\count322
)
(/usr/local/texlive/2026/texmf-dist/tex/latex/epigraph/epigraph.sty
Package: epigraph 2020/01/02 v1.5e typesetting epigraphs

(/usr/local/texlive/2026/texmf-dist/tex/latex/nextpage/nextpage.sty
Package: nextpage 2009/09/03 v1.1a additional page commands
)
\beforeepigraphskip=\skip70
\afterepigraphskip=\skip71
\epigraphwidth=\skip72
\epigraphrule=\skip73
)
(/usr/local/texlive/2026/texmf-dist/tex/latex/hyperref/hyperref.sty
Package: hyperref 2026-01-29 v7.01p Hypertext links for LaTeX

(/usr/local/texlive/2026/texmf-dist/tex/generic/pdfescape/pdfescape.sty
Package: pdfescape 2019/12/09 v1.15 Implements pdfTeX's escape features (HO)
)
(/usr/local/texlive/2026/texmf-dist/tex/latex/hycolor/hycolor.sty
Package: hycolor 2020-01-27 v1.10 Color options for hyperref/bookmark (HO)
)
(/usr/local/texlive/2026/texmf-dist/tex/latex/hyperref/nameref.sty
Package: nameref 2026-01-29 v2.58 Cross-referencing by name of section

(/usr/local/texlive/2026/texmf-dist/tex/latex/refcount/refcount.sty
Package: refcount 2019/12/15 v3.6 Data extraction from label references (HO)
)
(/usr/local/texlive/2026/texmf-dist/tex/generic/gettitlestring/gettitlestring.s
ty
Package: gettitlestring 2019/12/15 v1.6 Cleanup title references (HO)
)
\c@section@level=\count323
) (/usr/local/texlive/2026/texmf-dist/tex/generic/stringenc/stringenc.sty
Package: stringenc 2019/11/29 v1.12 Convert strings between diff. encodings (HO
)
)
\@linkdim=\dimen192
\Hy@linkcounter=\count324
\Hy@pagecounter=\count325

(/usr/local/texlive/2026/texmf-dist/tex/latex/hyperref/pd1enc.def
File: pd1enc.def 2026-01-29 v7.01p Hyperref: PDFDocEncoding definition (HO)
Now handling font encoding PD1 ...
... no UTF-8 mapping file for font encoding PD1
)
(/usr/local/texlive/2026/texmf-dist/tex/generic/intcalc/intcalc.sty
Package: intcalc 2019/12/15 v1.3 Expandable calculations with integers (HO)
)
\Hy@SavedSpaceFactor=\count326

(/usr/local/texlive/2026/texmf-dist/tex/latex/hyperref/puenc.def
File: puenc.def 2026-01-29 v7.01p Hyperref: PDF Unicode definition (HO)
Now handling font encoding PU ...
... no UTF-8 mapping file for font encoding PU
)
Package hyperref Info: Option `colorlinks' set `true' on input line 4072.
Package hyperref Info: Hyper figures OFF on input line 4201.
Package hyperref Info: Link nesting OFF on input line 4206.
Package hyperref Info: Hyper index ON on input line 4209.
Package hyperref Info: Plain pages OFF on input line 4216.
Package hyperref Info: Backreferencing OFF on input line 4221.
Package hyperref Info: Implicit mode ON; LaTeX internals redefined.
Package hyperref Info: Bookmarks ON on input line 4468.
\c@Hy@tempcnt=\count327

(/usr/local/texlive/2026/texmf-dist/tex/latex/url/url.sty
\Urlmuskip=\muskip18
Package: url 2013/09/16  ver 3.4  Verb mode for urls, etc.
)
LaTeX Info: Redefining \url on input line 4807.
\XeTeXLinkMargin=\dimen193

(/usr/local/texlive/2026/texmf-dist/tex/generic/bitset/bitset.sty
Package: bitset 2019/12/09 v1.3 Handle bit-vector datatype (HO)

(/usr/local/texlive/2026/texmf-dist/tex/generic/bigintcalc/bigintcalc.sty
Package: bigintcalc 2019/12/15 v1.5 Expandable calculations on big integers (HO
)
))
\Fld@menulength=\count328
\Field@Width=\dimen194
\Fld@charsize=\dimen195
Package hyperref Info: Hyper figures OFF on input line 6084.
Package hyperref Info: Link nesting OFF on input line 6089.
Package hyperref Info: Hyper index ON on input line 6092.
Package hyperref Info: backreferencing OFF on input line 6099.
Package hyperref Info: Link coloring ON on input line 6102.
Package hyperref Info: Link coloring with OCG OFF on input line 6109.
Package hyperref Info: PDF/A mode OFF on input line 6114.
\Hy@abspage=\count329
\c@Item=\count330
\c@Hfootnote=\count331
)
Package hyperref Info: Driver (autodetected): hpdftex.

(/usr/local/texlive/2026/texmf-dist/tex/latex/hyperref/hpdftex.def
File: hpdftex.def 2026-01-29 v7.01p Hyperref driver for pdfTeX
\Fld@listcount=\count332
\c@bookmark@seq@number=\count333

(/usr/local/texlive/2026/texmf-dist/tex/latex/rerunfilecheck/rerunfilecheck.sty
Package: rerunfilecheck 2025-06-21 v1.11 Rerun checks for auxiliary files (HO)

(/usr/local/texlive/2026/texmf-dist/tex/generic/uniquecounter/uniquecounter.sty
Package: uniquecounter 2019/12/15 v1.4 Provide unlimited unique counter (HO)
)
Package uniquecounter Info: New unique counter `rerunfilecheck' on input line 2
84.
)
\Hy@SectionHShift=\skip74
) (/usr/local/texlive/2026/texmf-dist/tex/latex/natbib/natbib.sty
Package: natbib 2010/09/13 8.31b (PWD, AO)
\bibhang=\skip75
\bibsep=\skip76
LaTeX Info: Redefining \cite on input line 694.
\c@NAT@ctr=\count334
)
(/usr/local/texlive/2026/texmf-dist/tex/latex/braket/braket.sty)
(/usr/local/texlive/2026/texmf-dist/tex/latex/datetime/datetime.sty
Package: datetime 2015/03/20 v2.60 Date Time Package

(/usr/local/texlive/2026/texmf-dist/tex/latex/fmtcount/fmtcount.sty
Package: fmtcount 2025/12/02 v3.12 Displaying the values of LaTeX counters (NT,
VB,NE)

(/usr/local/texlive/2026/texmf-dist/tex/latex/base/ifthen.sty
Package: ifthen 2024/03/16 v1.1e Standard LaTeX ifthen package (DPC)
)
(/usr/local/texlive/2026/texmf-dist/tex/latex/xkeyval/xkeyval.sty
Package: xkeyval 2025/11/04 v2.10 package option processing (HA)

(/usr/local/texlive/2026/texmf-dist/tex/generic/xkeyval/xkeyval.tex
(/usr/local/texlive/2026/texmf-dist/tex/generic/xkeyval/xkvutils.tex
\XKV@toks=\toks31
\XKV@tempa@toks=\toks32
\XKV@tempb@toks=\toks33
)
\XKV@depth=\count335
File: xkeyval.tex 2014/12/03 v2.7a key=value parser (HA)
))
(/usr/local/texlive/2026/texmf-dist/tex/latex/fmtcount/fcprefix.sty
Package: fcprefix 2012/09/28

(/usr/local/texlive/2026/texmf-dist/tex/latex/fmtcount/fcnumparser.sty
Package: fcnumparser 2017/06/15
\fc@digit@counter=\count336
))
\c@padzeroesN=\count337
\fc@tmpcatcode=\count338

(/usr/local/texlive/2026/texmf-dist/tex/latex/fmtcount/fc-english.def
File: fc-english.def 2016/01/12
)
(/usr/local/texlive/2026/texmf-dist/tex/latex/fmtcount/fc-spanish.def
File: fc-spanish.def 2016/01/12
)
\@DT@modctr=\count339
\@ordinalctr=\count340
\@orgargctr=\count341
\@strctr=\count342
\@tmpstrctr=\count343
\@DT@loopN=\count344
\@DT@X=\count345
)
(/usr/local/texlive/2026/texmf-dist/tex/latex/datetime/datetime-defaults.sty
Package: datetime-defaults 2013/09/10
)
\@day=\count346
\@month=\count347
\@year=\count348
\c@HOUR=\count349
\c@HOURXII=\count350
\c@MINUTE=\count351
\c@TOHOUR=\count352
\c@TOMINUTE=\count353
\c@SECOND=\count354
\currenthour=\count355
\currentminute=\count356
\currentsecond=\count357
Package datetime Info: No datetime.cfg file found, using default settings on in
put line 308.

(/usr/local/texlive/2026/texmf-dist/tex/latex/datetime/dt-spanish.def
File: dt-spanish.def 2013/09/10
LaTeX Info: Redefining \datespanish on input line 85.
)
\@dtctr=\count358
\dayofyear=\count359
\dayofweek=\count360
LaTeX Info: Redefining \today on input line 736.
\dt@a=\toks34
\dt@b=\toks35
)
(/usr/local/texlive/2026/texmf-dist/tex/latex/cite/chapterbib.sty
\c@inputfile=\count361
Package: chapterbib 2010/09/18  v 1.17
)
\c@myteo=\count362
\c@myDef=\count363
\c@myPrinciple=\count364

(/usr/local/texlive/2026/texmf-dist/tex/latex/l3backend/l3backend-pdftex.def
File: l3backend-pdftex.def 2025-10-09 L3 backend support: PDF output (pdfTeX)
\l__color_backend_stack_int=\count365
)
(./main.aux)
\openout1 = `main.aux'.

LaTeX Font Info:    Checking defaults for OML/cmm/m/it on input line 66.
LaTeX Font Info:    ... okay on input line 66.
LaTeX Font Info:    Checking defaults for OMS/cmsy/m/n on input line 66.
LaTeX Font Info:    ... okay on input line 66.
LaTeX Font Info:    Checking defaults for OT1/cmr/m/n on input line 66.
LaTeX Font Info:    ... okay on input line 66.
LaTeX Font Info:    Checking defaults for T1/cmr/m/n on input line 66.
LaTeX Font Info:    ... okay on input line 66.
LaTeX Font Info:    Checking defaults for TS1/cmr/m/n on input line 66.
LaTeX Font Info:    ... okay on input line 66.
LaTeX Font Info:    Checking defaults for OMX/cmex/m/n on input line 66.
LaTeX Font Info:    ... okay on input line 66.
LaTeX Font Info:    Checking defaults for U/cmr/m/n on input line 66.
LaTeX Font Info:    ... okay on input line 66.
LaTeX Font Info:    Checking defaults for PD1/pdf/m/n on input line 66.
LaTeX Font Info:    ... okay on input line 66.
LaTeX Font Info:    Checking defaults for PU/pdf/m/n on input line 66.
LaTeX Font Info:    ... okay on input line 66.

*geometry* driver: auto-detecting
*geometry* detected driver: pdftex
*geometry* verbose mode - [ preamble ] result:
* driver: pdftex
* paper: letterpaper
* layout: <same size as paper>
* layoutoffset:(h,v)=(0.0pt,0.0pt)
* modes: twoside 
* h-part:(L,W,R)=(57.81598pt, 469.75499pt, 86.72403pt)
* v-part:(T,H,B)=(86.724pt, 578.15999pt, 130.086pt)
* \paperwidth=614.295pt
* \paperheight=794.96999pt
* \textwidth=469.75499pt
* \textheight=578.15999pt
* \oddsidemargin=-14.45401pt
* \evensidemargin=14.45404pt
* \topmargin=-25.41978pt
* \headheight=20.0pt
* \headsep=19.8738pt
* \topskip=11.0pt
* \footskip=27.46295pt
* \marginparwidth=116.0pt
* \marginparsep=7.0pt
* \columnsep=10.0pt
* \skip\footins=10.0pt plus 4.0pt minus 2.0pt
* \hoffset=0.0pt
* \voffset=0.0pt
* \mag=1000
* \@twocolumnfalse
* \@twosidetrue
* \@mparswitchtrue
* \@reversemarginfalse
* (1in=72.27pt=25.4mm, 1cm=28.453pt)

(/usr/local/texlive/2026/texmf-dist/tex/context/base/mkii/supp-pdf.mkii
[Loading MPS to PDF converter (version 2006.09.02).]
\scratchcounter=\count366
\scratchdimen=\dimen196
\scratchbox=\box59
\nofMPsegments=\count367
\nofMParguments=\count368
\everyMPshowfont=\toks36
\MPscratchCnt=\count369
\MPscratchDim=\dimen197
\MPnumerator=\count370
\makeMPintoPDFobject=\count371
\everyMPtoPDFconversion=\toks37
)
Package caption Info: Begin \AtBeginDocument code.
Package caption Info: hyperref package is loaded.
Package caption Info: listings package is loaded.
Package caption Info: End \AtBeginDocument code.
\c@lstlisting=\count372
 (/usr/local/texlive/2026/texmf-dist/tex/latex/graphics/color.sty
Package: color 2025/01/14 v1.3e Standard LaTeX Color (DPC)

(/usr/local/texlive/2026/texmf-dist/tex/latex/graphics-cfg/color.cfg
File: color.cfg 2016/01/02 v1.6 sample color configuration
)
Package color Info: Driver file: pdftex.def on input line 149.

(/usr/local/texlive/2026/texmf-dist/tex/latex/graphics/mathcolor.ltx))
Package hyperref Info: Link coloring ON on input line 66.

(./main.out) (./main.out)
\@outlinefile=\write3
\openout3 = `main.out'.

LaTeX Font Info:    Trying to load font information for U+msa on input line 76.


(/usr/local/texlive/2026/texmf-dist/tex/latex/amsfonts/umsa.fd
File: umsa.fd 2013/01/14 v3.01 AMS symbols A
)
LaTeX Font Info:    Trying to load font information for U+msb on input line 76.


(/usr/local/texlive/2026/texmf-dist/tex/latex/amsfonts/umsb.fd
File: umsb.fd 2013/01/14 v3.01 AMS symbols B
)
LaTeX Font Info:    Trying to load font information for U+rsfs on input line 76
.

(/usr/local/texlive/2026/texmf-dist/tex/latex/jknapltx/ursfs.fd
File: ursfs.fd 1998/03/24 rsfs font definition file (jk)
) [1


{/usr/local/texlive/2026/texmf-var/fonts/map/pdftex/updmap/pdftex.map}{/usr/loc
al/texlive/2026/texmf-dist/fonts/enc/dvips/cm-super/cm-super-t1.enc}] [2

]
<Figures/LoGOTS.png, id=179, 668.4975pt x 376.40625pt>
File: Figures/LoGOTS.png Graphic file (type png)
<use Figures/LoGOTS.png>
Package pdftex.def Info: Figures/LoGOTS.png  used on input line 86.
(pdftex.def)             Requested size: 187.89912pt x 105.80081pt.
<Figures/logouis.png, id=181, 1196.47pt x 596.2275pt>
File: Figures/logouis.png Graphic file (type png)
<use Figures/logouis.png>
Package pdftex.def Info: Figures/logouis.png  used on input line 90.
(pdftex.def)             Requested size: 187.89912pt x 93.63339pt.

pdfTeX warning (ext4): destination with the same identifier (name{page.1}) has 
been already used, duplicate ignored
<to be read again> 
                   \relax 
l.116 	\end{titlepage}
                       [1

 <./Figures/LoGOTS.png> <./Figures/logouis.png>]
pdfTeX warning (ext4): destination with the same identifier (name{page.2}) has 
been already used, duplicate ignored
<to be read again> 
                   \relax 
l.118 	\frontmatter
                    [2

] (./main.toc [1

])
\tf@toc=\write4
\openout4 = `main.toc'.

 [2] (./main.lof [3

]
Overfull \hbox (1.94458pt too wide) in paragraph at lines 33--33
 [][] [][][]\T1/cmr/m/n/10.95 Graphical rep-re-sen-ta-tion of the nar-row-band 
co-her-ence func-tion. In black, the en-ve-lope 
 []

)
\tf@lof=\write5
\openout5 = `main.lof'.

 [4] (./Abstract/abstract.tex
Overfull \hbox (11.86108pt too wide) in paragraph at lines 3--4
\T1/cmr/m/n/10.95 The field of op-tics is a cap-ti-vat-ing and con-tin-u-ally e
volv-ing branch of sci-ence that plays an in-dis-pens-able
 []


Overfull \hbox (1.74422pt too wide) in paragraph at lines 11--12
\T1/cmr/m/n/10.95 seek-ing a com-pre-hen-sive text-book to re-searchers and pro
-fes-sion-als look-ing for the lat-est de-vel-op-ments
 []

)
pdfTeX warning (ext4): destination with the same identifier (name{page.1}) has 
been already used, duplicate ignored
<to be read again> 
                   \relax 
l.126 	\chapter
               {The loving Story of Optics} [1

]
pdfTeX warning (ext4): destination with the same identifier (name{page.2}) has 
been already used, duplicate ignored
<to be read again> 
                   \relax 
l.126 	\chapter
               {The loving Story of Optics} [2

]
Chapter 1.
[3] (./Chapter 1/chap1.tex
Underfull \hbox (badness 10000) in paragraph at lines 5--6

 []


Underfull \hbox (badness 10000) in paragraph at lines 7--9

 []


Overfull \hbox (22.24332pt too wide) in paragraph at lines 14--15
\T1/cmr/m/n/10.95 I am sure that the Egyp-tians and, even more, the Baby-lo-ni-
ans, with their great in-ter-est in as-tron-omy,must
 []


Underfull \hbox (badness 10000) in paragraph at lines 14--15

 []

[4

{/usr/local/texlive/2026/texmf-dist/fonts/enc/dvips/cm-super/cm-super-ts1.enc}]

Underfull \hbox (badness 10000) in paragraph at lines 16--17

 []


Underfull \hbox (badness 10000) in paragraph at lines 18--19

 []


Underfull \hbox (badness 10000) in paragraph at lines 20--21

 []


Underfull \hbox (badness 10000) in paragraph at lines 22--23

 []


Underfull \hbox (badness 10000) in paragraph at lines 24--25

 []

[5]
Overfull \hbox (5.5066pt too wide) in paragraph at lines 26--27
[]\T1/cmr/m/n/10.95 According to Ro-man his-to-ri-ans, the great-est math-e-mat
i-cian of an-cient times, Archimedes (287-212
 []


Underfull \hbox (badness 10000) in paragraph at lines 26--27

 []


Underfull \hbox (badness 10000) in paragraph at lines 28--29

 []


Underfull \hbox (badness 10000) in paragraph at lines 30--31

 []


Underfull \hbox (badness 10000) in paragraph at lines 32--33

 []


Underfull \vbox (badness 1360) has occurred while \output is active []


Underfull \vbox (badness 1360) has occurred while \output is active []

 [6]
Underfull \hbox (badness 10000) in paragraph at lines 34--35

 []


Underfull \hbox (badness 10000) in paragraph at lines 43--44

 []


Underfull \hbox (badness 10000) in paragraph at lines 45--46

 []

[7]
Underfull \hbox (badness 10000) in paragraph at lines 49--50

 []


Underfull \hbox (badness 10000) in paragraph at lines 51--52

 []


Underfull \hbox (badness 10000) in paragraph at lines 57--58

 []

[8]
Underfull \hbox (badness 10000) in paragraph at lines 61--62

 []


Underfull \hbox (badness 10000) in paragraph at lines 67--68

 []


Overfull \hbox (18.69594pt too wide) in paragraph at lines 69--70
[]\T1/cmr/m/n/10.95 About half a cen-tury later came an-other Ital-ian we shoul
d men-tion, Francesco Mau-rolico (1494-1577),
 []


Underfull \hbox (badness 10000) in paragraph at lines 69--70

 []


Underfull \hbox (badness 10000) in paragraph at lines 73--74

 []

[9]
Underfull \hbox (badness 10000) in paragraph at lines 75--76

 []


Underfull \hbox (badness 10000) in paragraph at lines 77--78

 []


Underfull \hbox (badness 10000) in paragraph at lines 79--80

 []


Underfull \vbox (badness 3229) has occurred while \output is active []


Underfull \vbox (badness 3229) has occurred while \output is active []

 [10]
Underfull \hbox (badness 10000) in paragraph at lines 83--84

 []


Underfull \hbox (badness 10000) in paragraph at lines 85--86

 []


Underfull \hbox (badness 10000) in paragraph at lines 87--88

 []


Underfull \hbox (badness 10000) in paragraph at lines 89--90

 []

[11]
Underfull \hbox (badness 10000) in paragraph at lines 91--92

 []


Underfull \hbox (badness 10000) in paragraph at lines 93--94

 []


Underfull \hbox (badness 10000) in paragraph at lines 95--96

 []


Underfull \hbox (badness 10000) in paragraph at lines 97--98

 []


Underfull \hbox (badness 10000) in paragraph at lines 99--100

 []

[12]
Underfull \hbox (badness 10000) in paragraph at lines 105--106

 []


Underfull \hbox (badness 10000) in paragraph at lines 107--108

 []


Underfull \hbox (badness 10000) in paragraph at lines 109--110

 []


Overfull \hbox (25.04865pt too wide) in paragraph at lines 111--112
[]\T1/cmr/m/n/10.95 Christian Huy-gens (1629-1695) wrote two books on op-tics: 
Diop-tri-cal in 1653, pub-lished posthu-mously
 []


Underfull \hbox (badness 10000) in paragraph at lines 113--114

 []

[13]
Underfull \hbox (badness 10000) in paragraph at lines 117--118

 []


Underfull \hbox (badness 10000) in paragraph at lines 121--122

 []

) [14]
Chapter 2.
[15

] (./Chapter 2/chap2.tex
Underfull \hbox (badness 10000) in paragraph at lines 20--21

 []


Underfull \hbox (badness 10000) in paragraph at lines 22--23

 []


Underfull \hbox (badness 10000) in paragraph at lines 24--25

 []


Underfull \hbox (badness 10000) in paragraph at lines 26--27

 []

[16

]
Underfull \hbox (badness 10000) in paragraph at lines 28--29

 []


Underfull \hbox (badness 10000) in paragraph at lines 30--31

 []


Underfull \hbox (badness 10000) in paragraph at lines 32--33

 []


Underfull \hbox (badness 10000) in paragraph at lines 34--35

 []


Underfull \hbox (badness 10000) in paragraph at lines 36--37

 []


Underfull \hbox (badness 10000) in paragraph at lines 38--39

 []

<Chapter 2/Figures/Fizeau.pdf, id=441, 2347.61295pt x 1330.83134pt>
File: Chapter 2/Figures/Fizeau.pdf Graphic file (type pdf)
<use Chapter 2/Figures/Fizeau.pdf>
Package pdftex.def Info: Chapter 2/Figures/Fizeau.pdf  used on input line 44.
(pdftex.def)             Requested size: 422.77661pt x 239.66115pt.

LaTeX Warning: `h' float specifier changed to `ht'.


Underfull \hbox (badness 10000) in paragraph at lines 49--50

 []

[17]
Underfull \hbox (badness 10000) in paragraph at lines 51--52

 []


Underfull \hbox (badness 10000) in paragraph at lines 53--54

 []


Underfull \vbox (badness 2626) has occurred while \output is active []


Underfull \vbox (badness 2626) has occurred while \output is active []

 [18 <./Chapter 2/Figures/Fizeau.pdf>]
Underfull \hbox (badness 10000) in paragraph at lines 79--81

 []

<Chapter 2/Figures/DarkRoom.pdf, id=476, 2357.66833pt x 1008.77567pt>
File: Chapter 2/Figures/DarkRoom.pdf Graphic file (type pdf)
<use Chapter 2/Figures/DarkRoom.pdf>
Package pdftex.def Info: Chapter 2/Figures/DarkRoom.pdf  used on input line 86.

(pdftex.def)             Requested size: 422.77661pt x 180.8791pt.
[19] [20 <./Chapter 2/Figures/DarkRoom.pdf>]
Underfull \hbox (badness 10000) in paragraph at lines 152--153

 []

<Chapter 2/Figures/indicerefracciongeo.pdf, id=512, 493.29323pt x 292.3054pt>
File: Chapter 2/Figures/indicerefracciongeo.pdf Graphic file (type pdf)
<use Chapter 2/Figures/indicerefracciongeo.pdf>
Package pdftex.def Info: Chapter 2/Figures/indicerefracciongeo.pdf  used on inp
ut line 158.
(pdftex.def)             Requested size: 375.80542pt x 222.68964pt.
[21] [22 <./Chapter 2/Figures/indicerefracciongeo.pdf>]
Overfull \hbox (7.06569pt too wide) in paragraph at lines 200--201
[]\T1/cmr/m/it/10.95 (Fermat's prin-ci-ple): The light trav-els a tra-jec-tory 
such that the op-ti-cal path is sta-tion-ary 
 []


Underfull \hbox (badness 10000) in paragraph at lines 213--214

 []

<Chapter 2/Figures/SnellDescartes.pdf, id=534, 2119.01894pt x 1421.57564pt>
File: Chapter 2/Figures/SnellDescartes.pdf Graphic file (type pdf)
<use Chapter 2/Figures/SnellDescartes.pdf>
Package pdftex.def Info: Chapter 2/Figures/SnellDescartes.pdf  used on input li
ne 221.
(pdftex.def)             Requested size: 422.77661pt x 283.61597pt.

LaTeX Warning: `h' float specifier changed to `ht'.

[23] [24 <./Chapter 2/Figures/SnellDescartes.pdf>]
Underfull \hbox (badness 10000) in paragraph at lines 276--277

 []


Underfull \hbox (badness 10000) in paragraph at lines 278--279

 []

<Chapter 2/Figures/Mirror.pdf, id=573, 347.28732pt x 316.06752pt>
File: Chapter 2/Figures/Mirror.pdf Graphic file (type pdf)
<use Chapter 2/Figures/Mirror.pdf>
Package pdftex.def Info: Chapter 2/Figures/Mirror.pdf  used on input line 284.
(pdftex.def)             Requested size: 234.87749pt x 213.7656pt.

LaTeX Warning: `h' float specifier changed to `ht'.

<Chapter 2/Figures/NonRefract.pdf, id=574, 337.82414pt x 198.44939pt>
File: Chapter 2/Figures/NonRefract.pdf Graphic file (type pdf)
<use Chapter 2/Figures/NonRefract.pdf>
Package pdftex.def Info: Chapter 2/Figures/NonRefract.pdf  used on input line 2
92.
(pdftex.def)             Requested size: 328.82706pt x 193.1679pt.

LaTeX Warning: `h' float specifier changed to `ht'.


Underfull \hbox (badness 10000) in paragraph at lines 297--298

 []


Underfull \hbox (badness 10000) in paragraph at lines 299--300

 []

[25] [26 <./Chapter 2/Figures/Mirror.pdf>]
<Chapter 2/Figures/n1>n2.pdf, id=601, 553.24557pt x 401.88844pt>
File: Chapter 2/Figures/n1>n2.pdf Graphic file (type pdf)
<use Chapter 2/Figures/n1>n2.pdf>
Package pdftex.def Info: Chapter 2/Figures/n1>n2.pdf  used on input line 329.
(pdftex.def)             Requested size: 216.09044pt x 156.975pt.
 [27 <./Chapter 2/Figures/NonRefract.pdf> <./Chapter 2/Figures/n1>n2.pdf

pdfTeX warning: pdflatex (file ./Chapter 2/Figures/n1>n2.pdf): PDF inclusion: m
ultiple pdfs with page group included in a single page
>]
<Chapter 2/Figures/n1<n2.pdf, id=628, 557.70143pt x 401.70021pt>
File: Chapter 2/Figures/n1<n2.pdf Graphic file (type pdf)
<use Chapter 2/Figures/n1<n2.pdf>
Package pdftex.def Info: Chapter 2/Figures/n1<n2.pdf  used on input line 338.
(pdftex.def)             Requested size: 281.85585pt x 203.01329pt.

Underfull \hbox (badness 10000) in paragraph at lines 345--346

 []

[28 <./Chapter 2/Figures/n1<n2.pdf>]
<Chapter 2/Figures/OpticalSystem_1.pdf, id=637, 642.39154pt x 364.00249pt>
File: Chapter 2/Figures/OpticalSystem_1.pdf Graphic file (type pdf)
<use Chapter 2/Figures/OpticalSystem_1.pdf>
Package pdftex.def Info: Chapter 2/Figures/OpticalSystem_1.pdf  used on input l
ine 363.
(pdftex.def)             Requested size: 211.3883pt x 119.78238pt.
<Chapter 2/Figures/OpticalSystem_2.pdf, id=638, 642.3916pt x 364.00249pt>
File: Chapter 2/Figures/OpticalSystem_2.pdf Graphic file (type pdf)
<use Chapter 2/Figures/OpticalSystem_2.pdf>
Package pdftex.def Info: Chapter 2/Figures/OpticalSystem_2.pdf  used on input l
ine 365.
(pdftex.def)             Requested size: 211.3883pt x 119.78238pt.
<Chapter 2/Figures/OpticalSystem_3.pdf, id=639, 599.51382pt x 339.70648pt>
File: Chapter 2/Figures/OpticalSystem_3.pdf Graphic file (type pdf)
<use Chapter 2/Figures/OpticalSystem_3.pdf>
Package pdftex.def Info: Chapter 2/Figures/OpticalSystem_3.pdf  used on input l
ine 372.
(pdftex.def)             Requested size: 234.87749pt x 133.09146pt.
<Chapter 2/Figures/OpticalSystem_4.pdf, id=640, 1366.51398pt x 386.75014pt>
File: Chapter 2/Figures/OpticalSystem_4.pdf Graphic file (type pdf)
<use Chapter 2/Figures/OpticalSystem_4.pdf>
Package pdftex.def Info: Chapter 2/Figures/OpticalSystem_4.pdf  used on input l
ine 379.
(pdftex.def)             Requested size: 422.77661pt x 119.64934pt.


LaTeX Warning: `h' float specifier changed to `ht'.


Underfull \hbox (badness 10000) in paragraph at lines 384--385

 []


Underfull \hbox (badness 10000) in paragraph at lines 386--387

 []

[29 <./Chapter 2/Figures/OpticalSystem_1.pdf> <./Chapter 2/Figures/OpticalSyste
m_2.pdf

pdfTeX warning: pdflatex (file ./Chapter 2/Figures/OpticalSystem_2.pdf): PDF in
clusion: multiple pdfs with page group included in a single page
> <./Chapter 2/Figures/OpticalSystem_3.pdf

pdfTeX warning: pdflatex (file ./Chapter 2/Figures/OpticalSystem_3.pdf): PDF in
clusion: multiple pdfs with page group included in a single page
>]
Underfull \hbox (badness 10000) in paragraph at lines 388--389

 []

<Chapter 2/Figures/Stigmatism.pdf, id=739, 743.41724pt x 457.23386pt>
File: Chapter 2/Figures/Stigmatism.pdf Graphic file (type pdf)
<use Chapter 2/Figures/Stigmatism.pdf>
Package pdftex.def Info: Chapter 2/Figures/Stigmatism.pdf  used on input line 3
92.
(pdftex.def)             Requested size: 375.80542pt x 231.135pt.

LaTeX Warning: `h' float specifier changed to `ht'.


Underfull \hbox (badness 10000) in paragraph at lines 398--399

 []

[30 <./Chapter 2/Figures/OpticalSystem_4.pdf>]
Underfull \hbox (badness 10000) in paragraph at lines 409--410

 []

<Chapter 2/Figures/AlmostOvoid.pdf, id=803, 1878.9232pt x 664.22311pt>
File: Chapter 2/Figures/AlmostOvoid.pdf Graphic file (type pdf)
<use Chapter 2/Figures/AlmostOvoid.pdf>
Package pdftex.def Info: Chapter 2/Figures/AlmostOvoid.pdf  used on input line 
419.
(pdftex.def)             Requested size: 469.75499pt x 166.05537pt.

LaTeX Warning: `h' float specifier changed to `ht'.

[31 <./Chapter 2/Figures/Stigmatism.pdf>]
Overfull \hbox (17.526pt too wide) detected at line 454
\OML/cmm/m/it/10.95 n[] [] \OT1/cmr/m/n/10.95 + \OML/cmm/m/it/10.95 n[] [] \OMS
/cmsy/m/n/10.95 ^^@ \OT1/cmr/m/n/10.95 2\OML/cmm/m/it/10.95 n[]n[] [][] [][] \O
T1/cmr/m/n/10.95 = [][]
 []


Overfull \hbox (22.39264pt too wide) detected at line 460
\OML/cmm/m/it/10.95 n[] [] \OT1/cmr/m/n/10.95 + \OML/cmm/m/it/10.95 n[] [] \OMS
/cmsy/m/n/10.95 ^^@ [][] \OT1/cmr/m/n/10.95 = 2\OML/cmm/m/it/10.95 n[]n[] [][] 
[][] ;
 []

[32 <./Chapter 2/Figures/AlmostOvoid.pdf>]
Overfull \hbox (31.76677pt too wide) detected at line 488
[][] \OT1/cmr/m/n/10.95 = [][] + [][] + []\OML/cmm/m/it/10.95 ;
 []


Overfull \hbox (59.10602pt too wide) detected at line 500
[]
 []

[33] [34]
Overfull \hbox (11.77934pt too wide) detected at line 572
[]
 []

[35]
<Chapter 2/Figures/YoungWeirstrass.pdf, id=885, 572.28307pt x 379.68492pt>
File: Chapter 2/Figures/YoungWeirstrass.pdf Graphic file (type pdf)
<use Chapter 2/Figures/YoungWeirstrass.pdf>
Package pdftex.def Info: Chapter 2/Figures/YoungWeirstrass.pdf  used on input l
ine 612.
(pdftex.def)             Requested size: 375.80542pt x 249.32983pt.
 [36 <./Chapter 2/Figures/YoungWeirstrass.pdf>] [37]
<Chapter 2/Figures/Ellipsoid.pdf, id=910, 343.81865pt x 250.42145pt>
File: Chapter 2/Figures/Ellipsoid.pdf Graphic file (type pdf)
<use Chapter 2/Figures/Ellipsoid.pdf>
Package pdftex.def Info: Chapter 2/Figures/Ellipsoid.pdf  used on input line 68
3.
(pdftex.def)             Requested size: 281.85585pt x 205.29341pt.
 [38 <./Chapter 2/Figures/Ellipsoid.pdf>]
<Chapter 2/Figures/Ellipsoid2.pdf, id=920, 386.51491pt x 286.18974pt>
File: Chapter 2/Figures/Ellipsoid2.pdf Graphic file (type pdf)
<use Chapter 2/Figures/Ellipsoid2.pdf>
Package pdftex.def Info: Chapter 2/Figures/Ellipsoid2.pdf  used on input line 7
06.
(pdftex.def)             Requested size: 375.80542pt x 278.26749pt.

Underfull \hbox (badness 10000) in paragraph at lines 711--712

 []

[39 <./Chapter 2/Figures/Ellipsoid2.pdf>]
<Chapter 2/Figures/Ellipsoid3.pdf, id=941, 428.49129pt x 286.5618pt>
File: Chapter 2/Figures/Ellipsoid3.pdf Graphic file (type pdf)
<use Chapter 2/Figures/Ellipsoid3.pdf>
Package pdftex.def Info: Chapter 2/Figures/Ellipsoid3.pdf  used on input line 7
40.
(pdftex.def)             Requested size: 422.77661pt x 282.75258pt.
 [40 <./Chapter 2/Figures/Ellipsoid3.pdf>]
<Chapter 2/Figures/Hyperboloid.pdf, id=963, 275.63766pt x 275.63766pt>
File: Chapter 2/Figures/Hyperboloid.pdf Graphic file (type pdf)
<use Chapter 2/Figures/Hyperboloid.pdf>
Package pdftex.def Info: Chapter 2/Figures/Hyperboloid.pdf  used on input line 
767.
(pdftex.def)             Requested size: 234.87749pt x 234.88614pt.
 [41 <./Chapter 2/Figures/Hyperboloid.pdf>]
<Chapter 2/Figures/Hyperboloid2.pdf, id=974, 387.23828pt x 275.63766pt>
File: Chapter 2/Figures/Hyperboloid2.pdf Graphic file (type pdf)
<use Chapter 2/Figures/Hyperboloid2.pdf>
Package pdftex.def Info: Chapter 2/Figures/Hyperboloid2.pdf  used on input line
 786.
(pdftex.def)             Requested size: 375.80542pt x 267.5112pt.

Underfull \hbox (badness 10000) in paragraph at lines 791--792

 []

<Chapter 2/Figures/Hyperboloid3.pdf, id=976, 400.65042pt x 275.63763pt>
File: Chapter 2/Figures/Hyperboloid3.pdf Graphic file (type pdf)
<use Chapter 2/Figures/Hyperboloid3.pdf>
Package pdftex.def Info: Chapter 2/Figures/Hyperboloid3.pdf  used on input line
 809.
(pdftex.def)             Requested size: 375.80542pt x 258.55684pt.
[42 <./Chapter 2/Figures/Hyperboloid2.pdf>]) [43 <./Chapter 2/Figures/Hyperbolo
id3.pdf>] [44

]
Chapter 3.
[45] (./Chapter 3/chap3.tex [46

]) [47] [48

]
Chapter 4.
[49] (./Chapter 4/chap4.tex
Overfull \hbox (1.14378pt too wide) in paragraph at lines 31--40
[]\T1/cmr/m/n/10.95 The in-stru-ment that de-fines the mod-ern era is the Miche
l-son in-ter-fer-om-e-ter. Al-bert A. Michel-son,
 []

)
Overfull \hbox (7.71272pt too wide) in paragraph at lines 50--173
\T1/cmr/m/n/10.95 Gravitational-Wave Ob-ser-va-tory (LIGO), a pair of kilometre
-scale Michel-son in-ter-fer-om-e-ters, de-tected
 []

[50

] [51] [52

]
Chapter 5.
[53] (./Chapter 5/chap5.tex
Overfull \hbox (3.64363pt too wide) in paragraph at lines 40--45
\T1/cmr/bx/n/10.95 spot\T1/cmr/m/n/10.95 ). When Do-minique Arago ver-i-fied it
 ex-per-i-men-tally, the wave the-ory tri-umphed over New-to-nian
 []

[54

]
Overfull \hbox (6.84692pt too wide) in paragraph at lines 93--105
[]\T1/cmr/m/n/10.95 The in-ven-tion of the laser in 1960 boosted prac-ti-cal ap
-pli-ca-tions. Joseph Good-man, in \T1/cmr/m/it/10.95 In-tro-duc-tion
 []

[55]
Overfull \hbox (6.05302pt too wide) in paragraph at lines 130--135
\T1/cmr/m/n/10.95 co-her-ence the-ory (a topic ex-plored in depth in Chap-ter [
][]6[][]). Nev-er-the-less, un-der cer-tain ap-prox-i-ma-tions
 []

[56] [57]
Overfull \hbox (27.7521pt too wide) in paragraph at lines 278--281
\T1/cmr/m/n/10.95 The Helmholtz--Kirchhoff in-te-gral the-o-rem adapts Green's 
for-mal-ism to the prop-a-ga-tion of elec-tro-mag-netic
 []

[58]
<Chapter 5/Figures/GreenImagenes.pdf, id=1155, 587.62173pt x 607.19585pt>
File: Chapter 5/Figures/GreenImagenes.pdf Graphic file (type pdf)
<use Chapter 5/Figures/GreenImagenes.pdf>
Package pdftex.def Info: Chapter 5/Figures/GreenImagenes.pdf  used on input lin
e 306.
(pdftex.def)             Requested size: 328.82706pt x 339.79573pt.
 [59 <./Chapter 5/Figures/GreenImagenes.pdf>]
Overfull \hbox (2.14548pt too wide) in paragraph at lines 332--335
[]\T1/cmr/m/n/10.95 known as the Helmholtz--Kirchhoff in-te-gral for-mula. This
 equa-tion al-lows $\OML/cmm/m/it/10.95 U\OT1/cmr/m/n/10.95 ([]\OML/cmm/m/it/10
.95 ; ^^W\OT1/cmr/m/n/10.95 )$ \T1/cmr/m/n/10.95 to be com-puted
 []

<Chapter 5/Figures/GreenPuntual.pdf, id=1168, 561.81592pt x 498.02902pt>
File: Chapter 5/Figures/GreenPuntual.pdf Graphic file (type pdf)
<use Chapter 5/Figures/GreenPuntual.pdf>
Package pdftex.def Info: Chapter 5/Figures/GreenPuntual.pdf  used on input line
 338.
(pdftex.def)             Requested size: 328.82706pt x 291.49399pt.
[60 <./Chapter 5/Figures/GreenPuntual.pdf>]
<Chapter 5/Figures/GreenNoPuntual.pdf, id=1233, 543.80663pt x 502.00859pt>
File: Chapter 5/Figures/GreenNoPuntual.pdf Graphic file (type pdf)
<use Chapter 5/Figures/GreenNoPuntual.pdf>
Package pdftex.def Info: Chapter 5/Figures/GreenNoPuntual.pdf  used on input li
ne 356.
(pdftex.def)             Requested size: 328.82706pt x 303.5591pt.
 [61 <./Chapter 5/Figures/GreenNoPuntual.pdf>] [62]
Overfull \hbox (13.00676pt too wide) in paragraph at lines 479--483
\T1/cmr/m/n/10.95 It is worth stress-ing that equa-tion [] de-scribes a parabol
ic wave, and al-though, at least con-cep-tu-ally,
 []

[63]
Overfull \hbox (0.99422pt too wide) detected at line 496
[]
 []

<Chapter 5/Figures/Cardinales.pdf, id=1288, 456.5832pt x 491.9958pt>
File: Chapter 5/Figures/Cardinales.pdf Graphic file (type pdf)
<use Chapter 5/Figures/Cardinales.pdf>
Package pdftex.def Info: Chapter 5/Figures/Cardinales.pdf  used on input line 5
16.
(pdftex.def)             Requested size: 234.87749pt x 253.09163pt.
) [64] [65 <./Chapter 5/Figures/Cardinales.pdf>] [66]
Chapter 6.
[67

] (./Chapter 6/chap6.tex [68

]
Underfull \vbox (badness 10000) has occurred while \output is active []


Underfull \vbox (badness 10000) has occurred while \output is active []

 [69]
[70]
<Chapter 6/Figures/RandomVar.pdf, id=1382, 472.44035pt x 866.30989pt>
File: Chapter 6/Figures/RandomVar.pdf Graphic file (type pdf)
<use Chapter 6/Figures/RandomVar.pdf>
Package pdftex.def Info: Chapter 6/Figures/RandomVar.pdf  used on input line 18
4.
(pdftex.def)             Requested size: 187.89912pt x 344.54822pt.
 [71] [72 <./Chapter 6/Figures/RandomVar.pdf>]
Overfull \hbox (7.08556pt too wide) in paragraph at lines 233--234
[]\T1/cmr/bx/n/10.95 Weak (second-order) sta-tion-ar-ity\T1/cmr/m/n/10.95 : mor
e prac-ti-cal in ap-pli-ca-tions, it only re-quires in-vari-ance
 []


Overfull \hbox (37.9722pt too wide) in paragraph at lines 240--242
\T1/cmr/m/n/10.95 This is the def-i-ni-tion used in most econo-met-ric mod-els 
(ARIMA, GARCH) and in the Wiener--Khinchin
 []

[73] [74]
Overfull \hbox (7.33177pt too wide) in paragraph at lines 339--343
[]\T1/cmr/m/n/10.95 We are go-ing to find one of the most im-por-tant the-o-rem
s in co-her-ence the-ory, the \T1/cmr/m/it/10.95 Wiener--Khinchin
 []


Underfull \vbox (badness 2384) has occurred while \output is active []


Underfull \vbox (badness 2384) has occurred while \output is active []

 [75]
<Chapter 6/Figures/Estrecho.pdf, id=1441, 549.38483pt x 459.57813pt>
File: Chapter 6/Figures/Estrecho.pdf Graphic file (type pdf)
<use Chapter 6/Figures/Estrecho.pdf>
Package pdftex.def Info: Chapter 6/Figures/Estrecho.pdf  used on input line 418
.
(pdftex.def)             Requested size: 328.82706pt x 275.07579pt.

[76] [77 <./Chapter 6/Figures/Estrecho.pdf>]
Overfull \hbox (0.94275pt too wide) in paragraph at lines 462--465
[]\T1/cmr/m/n/10.95 If we mul-ti-ply both sides of equa-tion [] by $\OMS/cmsy/m
/n/10.95 E\OT1/cmr/m/n/10.95 ([]\OML/cmm/m/it/10.95 ; t[]\OT1/cmr/m/n/10.95 )$\
T1/cmr/m/n/10.95 , and since we have taken the d'Alembertian
 []


Overfull \hbox (9.14171pt too wide) in paragraph at lines 490--490
|[]\T1/cmr/bx/n/12 Propagation of co-her-ence and the di-rec-tion of time: the 
van Cittert--Zernike
 []

<Chapter 6/Figures/Propagation.pdf, id=1467, 586.54031pt x 380.42159pt>
File: Chapter 6/Figures/Propagation.pdf Graphic file (type pdf)
<use Chapter 6/Figures/Propagation.pdf>
Package pdftex.def Info: Chapter 6/Figures/Propagation.pdf  used on input line 
494.
(pdftex.def)             Requested size: 375.80542pt x 243.74179pt.
[78] [79 <./Chapter 6/Figures/Propagation.pdf>]
<Chapter 6/Figures/Propagation2.pdf, id=1507, 592.28485pt x 567.3423pt>
File: Chapter 6/Figures/Propagation2.pdf Graphic file (type pdf)
<use Chapter 6/Figures/Propagation2.pdf>
Package pdftex.def Info: Chapter 6/Figures/Propagation2.pdf  used on input line
 536.
(pdftex.def)             Requested size: 375.80542pt x 359.97267pt.

Underfull \vbox (badness 1215) has occurred while \output is active []


Underfull \vbox (badness 1215) has occurred while \output is active []

 [80 <./Chapter 6/Figures/Propagation2.pdf>]
Overfull \hbox (66.00877pt too wide) detected at line 555
[]
 []

<Chapter 6/Figures/Random2.pdf, id=1520, 639.8206pt x 825.70494pt>
File: Chapter 6/Figures/Random2.pdf Graphic file (type pdf)
<use Chapter 6/Figures/Random2.pdf>
Package pdftex.def Info: Chapter 6/Figures/Random2.pdf  used on input line 563.

(pdftex.def)             Requested size: 281.85585pt x 363.73967pt.

Overfull \hbox (42.22426pt too wide) detected at line 614
[]
 []

[81] [82 <./Chapter 6/Figures/Random2.pdf>]
<Chapter 6/Figures/FourierGamma.pdf, id=1550, 440.77277pt x 770.00833pt>
File: Chapter 6/Figures/FourierGamma.pdf Graphic file (type pdf)
<use Chapter 6/Figures/FourierGamma.pdf>
Package pdftex.def Info: Chapter 6/Figures/FourierGamma.pdf  used on input line
 642.
(pdftex.def)             Requested size: 305.33788pt x 533.43295pt.
) (./main.bbl [83] [84 <./Chapter 6/Figures/FourierGamma.pdf>] [85

]
Underfull \hbox (badness 1158) in paragraph at lines 154--157
[]\T1/cmr/m/n/10.95 Sommerfeld, A. (1896).  Math-e-ma-tis-che the-o-rie der dif
frac-tion.  \T1/cmr/m/it/10.95 Math-e-ma-tis-che An-nalen\T1/cmr/m/n/10.95 ,
 []

[86]) [87] (./main.aux)
 ***********
LaTeX2e <2025-11-01>
L3 programming layer <2026-01-19>
 ***********
Package rerunfilecheck Info: File `main.out' has not changed.
(rerunfilecheck)             Checksum: 46A2A5DB00A217B7E7A87B2C5FDC013A;9559.
 ) 
Here is how much of TeX's memory you used:
 18432 strings out of 467525
 297497 string characters out of 5418982
 759709 words of memory out of 5000000
 46624 multiletter control sequences out of 15000+600000
 652671 words of font info for 109 fonts, out of 8000000 for 9000
 1141 hyphenation exceptions out of 8191
 72i,14n,79p,1657b,679s stack positions out of 10000i,1000n,20000p,200000b,200000s
</usr/local/texlive/2026/texmf-dist/fonts/type1/public/amsfonts/cm/cmbx10.pfb
></usr/local/texlive/2026/texmf-dist/fonts/type1/public/amsfonts/cm/cmex10.pfb>
</usr/local/texlive/2026/texmf-dist/fonts/type1/public/amsfonts/cmextra/cmex8.p
fb></usr/local/texlive/2026/texmf-dist/fonts/type1/public/amsfonts/cm/cmmi10.pf
b></usr/local/texlive/2026/texmf-dist/fonts/type1/public/amsfonts/cm/cmmi6.pfb>
</usr/local/texlive/2026/texmf-dist/fonts/type1/public/amsfonts/cm/cmmi7.pfb></
usr/local/texlive/2026/texmf-dist/fonts/type1/public/amsfonts/cm/cmmi8.pfb></us
r/local/texlive/2026/texmf-dist/fonts/type1/public/amsfonts/cm/cmmi9.pfb></usr/
local/texlive/2026/texmf-dist/fonts/type1/public/amsfonts/cm/cmr10.pfb></usr/lo
cal/texlive/2026/texmf-dist/fonts/type1/public/amsfonts/cm/cmr6.pfb></usr/local
/texlive/2026/texmf-dist/fonts/type1/public/amsfonts/cm/cmr7.pfb></usr/local/te
xlive/2026/texmf-dist/fonts/type1/public/amsfonts/cm/cmr8.pfb></usr/local/texli
ve/2026/texmf-dist/fonts/type1/public/amsfonts/cm/cmr9.pfb></usr/local/texlive/
2026/texmf-dist/fonts/type1/public/amsfonts/cm/cmsy10.pfb></usr/local/texlive/2
026/texmf-dist/fonts/type1/public/amsfonts/cm/cmsy6.pfb></usr/local/texlive/202
6/texmf-dist/fonts/type1/public/amsfonts/cm/cmsy8.pfb></usr/local/texlive/2026/
texmf-dist/fonts/type1/public/amsfonts/cm/cmsy9.pfb></usr/local/texlive/2026/te
xmf-dist/fonts/type1/public/amsfonts/symbols/msam10.pfb></usr/local/texlive/202
6/texmf-dist/fonts/type1/public/amsfonts/symbols/msbm10.pfb></usr/local/texlive
/2026/texmf-dist/fonts/type1/public/amsfonts/symbols/msbm7.pfb></usr/local/texl
ive/2026/texmf-dist/fonts/type1/public/cm-super/sfbi1095.pfb></usr/local/texliv
e/2026/texmf-dist/fonts/type1/public/cm-super/sfbx1095.pfb></usr/local/texlive/
2026/texmf-dist/fonts/type1/public/cm-super/sfbx1200.pfb></usr/local/texlive/20
26/texmf-dist/fonts/type1/public/cm-super/sfbx1440.pfb></usr/local/texlive/2026
/texmf-dist/fonts/type1/public/cm-super/sfbx2488.pfb></usr/local/texlive/2026/t
exmf-dist/fonts/type1/public/cm-super/sfrm0600.pfb></usr/local/texlive/2026/tex
mf-dist/fonts/type1/public/cm-super/sfrm0800.pfb></usr/local/texlive/2026/texmf
-dist/fonts/type1/public/cm-super/sfrm0900.pfb></usr/local/texlive/2026/texmf-d
ist/fonts/type1/public/cm-super/sfrm1000.pfb></usr/local/texlive/2026/texmf-dis
t/fonts/type1/public/cm-super/sfrm1095.pfb></usr/local/texlive/2026/texmf-dist/
fonts/type1/public/cm-super/sfrm1200.pfb></usr/local/texlive/2026/texmf-dist/fo
nts/type1/public/cm-super/sfti1095.pfb></usr/local/texlive/2026/texmf-dist/font
s/type1/public/cm-super/sfti1200.pfb></usr/local/texlive/2026/texmf-dist/fonts/
type1/public/cm-super/sfti2488.pfb>
Output written on main.pdf (95 pages, 2274239 bytes).
PDF statistics:
 1834 PDF objects out of 2073 (max. 8388607)
 1500 compressed objects within 15 object streams
 398 named destinations out of 1000 (max. 500000)
 486 words of extra memory for PDF output out of 10000 (max. 10000000)

