\BOOKMARK [0][-]{chapter.1}{\376\377\000T\000h\000e\000\040\000l\000o\000v\000i\000n\000g\000\040\000S\000t\000o\000r\000y\000\040\000o\000f\000\040\000O\000p\000t\000i\000c\000s}{}% 1
\BOOKMARK [1][-]{section.1.1}{\376\377\000O\000p\000t\000i\000c\000s\000\040\000f\000r\000o\000m\000\040\000E\000u\000c\000l\000i\000d\000\040\000t\000o\000\040\000H\000u\000y\000g\000e\000n\000s}{chapter.1}% 2
\BOOKMARK [2][-]{subsection.1.1.1}{\376\377\000A\000n\000c\000i\000e\000n\000t\000\040\000t\000i\000m\000e\000s}{section.1.1}% 3
\BOOKMARK [2][-]{subsection.1.1.2}{\376\377\000T\000h\000e\000\040\000a\000r\000a\000b\000a\000i\000n\000\040\000p\000e\000r\000i\000o\000d}{section.1.1}% 4
\BOOKMARK [2][-]{subsection.1.1.3}{\376\377\000T\000h\000e\000\040\000m\000i\000d\000d\000l\000e\000\040\000a\000g\000e\000s}{section.1.1}% 5
\BOOKMARK [2][-]{subsection.1.1.4}{\376\377\000T\000h\000e\000\040\000r\000e\000n\000a\000i\000s\000s\000a\000n\000c\000e}{section.1.1}% 6
\BOOKMARK [2][-]{subsection.1.1.5}{\376\377\000N\000e\000w\000t\000o\000n\000\040\000a\000n\000d\000\040\000H\000u\000y\000g\000e\000n\000s}{section.1.1}% 7
\BOOKMARK [0][-]{chapter.2}{\376\377\000G\000e\000o\000m\000e\000t\000r\000i\000c\000a\000l\000\040\000O\000p\000t\000i\000c\000s}{}% 8
\BOOKMARK [1][-]{section.2.1}{\376\377\000T\000h\000e\000\040\000p\000o\000s\000t\000u\000l\000a\000t\000e\000s\000\040\000o\000f\000\040\000g\000e\000o\000m\000e\000t\000r\000i\000c\000a\000l\000\040\000o\000p\000t\000i\000c\000s\000\040\000a\000n\000d\000\040\000t\000h\000e\000\040\000d\000a\000r\000k\000\040\000R\000o\000o\000m}{chapter.2}% 9
\BOOKMARK [1][-]{section.2.2}{\376\377\000T\000h\000e\000\040\000S\000n\000e\000l\000l\000-\000D\000e\000s\000c\000a\000r\000t\000e\000s\000\040\000l\000a\000w\000\040\000a\000n\000d\000\040\000t\000h\000e\000\040\000F\000e\000r\000m\000a\000t\000'\000s\000\040\000p\000r\000i\000n\000c\000i\000p\000l\000e\000\040}{chapter.2}% 10
\BOOKMARK [2][-]{subsection.2.2.1}{\376\377\000T\000h\000e\000\040\000c\000r\000i\000t\000i\000c\000a\000l\000\040\000a\000n\000g\000l\000e\000,\000\040\000a\000n\000d\000\040\000t\000h\000e\000\040\000r\000e\000f\000r\000a\000c\000t\000i\000o\000n\000\040\000b\000y\000\040\000a\000\040\000p\000r\000i\000s\000m}{section.2.2}% 11
\BOOKMARK [1][-]{section.2.3}{\376\377\000T\000h\000e\000\040\000D\000e\000s\000c\000a\000r\000t\000e\000s\000'\000s\000\040\000o\000v\000o\000i\000d\000\040\000a\000n\000d\000\040\000d\000i\000o\000p\000t\000e\000r\000s}{chapter.2}% 12
\BOOKMARK [1][-]{section.2.4}{\376\377\000T\000h\000e\000\040\000s\000p\000h\000e\000r\000i\000c\000a\000l\000\040\000d\000i\000o\000p\000t\000e\000r}{chapter.2}% 13
\BOOKMARK [2][-]{subsection.2.4.1}{\376\377\000T\000h\000e\000\040\000Y\000o\000u\000n\000g\000-\000W\000e\000i\000r\000s\000t\000r\000a\000s\000s\000\040\000p\000o\000i\000n\000t\000s}{section.2.4}% 14
\BOOKMARK [2][-]{subsection.2.4.2}{\376\377\000T\000h\000e\000\040\000s\000e\000c\000o\000n\000d\000\040\000s\000p\000h\000e\000r\000i\000c\000a\000l\000\040\000d\000i\000o\000p\000t\000e\000r}{section.2.4}% 15
\BOOKMARK [1][-]{section.2.5}{\376\377\000O\000b\000j\000e\000c\000t\000s\000\040\000a\000n\000d\000\040\000i\000m\000a\000g\000e\000s\000\040\000t\000o\000\040\000t\000h\000e\000\040\000i\000n\000f\000i\000n\000i\000t\000y}{chapter.2}% 16
\BOOKMARK [2][-]{subsection.2.5.1}{\376\377\000R\000e\000v\000o\000l\000u\000t\000i\000o\000n\000\040\000E\000l\000l\000i\000p\000s\000o\000i\000d}{section.2.5}% 17
\BOOKMARK [2][-]{subsection.2.5.2}{\376\377\000R\000e\000v\000o\000l\000u\000t\000i\000o\000n\000\040\000H\000y\000p\000e\000r\000b\000o\000l\000o\000i\000d}{section.2.5}% 18
\BOOKMARK [1][-]{section.2.6}{\376\377\000R\000i\000g\000u\000r\000o\000u\000s\000l\000y\000\040\000s\000t\000i\000g\000m\000a\000t\000i\000c\000\040\000s\000u\000r\000f\000a\000c\000e\000s\000\040\000b\000y\000\040\000r\000e\000f\000l\000e\000c\000t\000i\000o\000n}{chapter.2}% 19
\BOOKMARK [2][-]{subsection.2.6.1}{\376\377\000T\000h\000e\000\040\000e\000l\000l\000i\000p\000s\000o\000i\000d\000a\000l\000\040\000m\000i\000r\000r\000o\000r}{section.2.6}% 20
\BOOKMARK [2][-]{subsection.2.6.2}{\376\377\000T\000h\000e\000\040\000h\000y\000p\000e\000r\000b\000o\000l\000o\000i\000d\000a\000l\000\040\000m\000i\000r\000r\000o\000r}{section.2.6}% 21
\BOOKMARK [2][-]{subsection.2.6.3}{\376\377\000S\000p\000e\000c\000i\000a\000l\000\040\000c\000a\000s\000e\000s\000:\000\040\000t\000h\000e\000\040\000s\000p\000h\000e\000r\000i\000c\000a\000l\000\040\000a\000n\000d\000\040\000t\000h\000e\000\040\000p\000l\000a\000n\000e\000\040\000m\000i\000r\000r\000o\000r}{section.2.6}% 22
\BOOKMARK [2][-]{subsection.2.6.4}{\376\377\000T\000h\000e\000\040\000p\000a\000r\000a\000b\000o\000l\000i\000c\000\040\000m\000i\000r\000r\000o\000r\000\040\000a\000n\000d\000\040\000o\000b\000j\000e\000c\000t\000s\000\040\000a\000t\000\040\000i\000n\000f\000i\000n\000i\000t\000y}{section.2.6}% 23
\BOOKMARK [1][-]{section.2.7}{\376\377\000E\000x\000p\000l\000i\000c\000i\000t\000\040\000f\000o\000r\000m\000u\000l\000a\000t\000i\000o\000n\000\040\000o\000f\000\040\000t\000h\000e\000\040\000D\000e\000s\000c\000a\000r\000t\000e\000s\000\040\000o\000v\000o\000i\000d\000s}{chapter.2}% 24
\BOOKMARK [2][-]{subsection.2.7.1}{\376\377\000T\000h\000e\000\040\000D\000e\000s\000c\000a\000r\000t\000e\000s\000\040\000o\000v\000o\000i\000d\000\040\000a\000s\000\040\000a\000\040\000s\000u\000p\000e\000r\000c\000o\000n\000i\000c}{section.2.7}% 25
\BOOKMARK [2][-]{subsection.2.7.2}{\376\377\000T\000h\000e\000\040\000e\000x\000p\000l\000i\000c\000i\000t\000\040\000f\000o\000r\000m\000u\000l\000a\000t\000i\000o\000n}{section.2.7}% 26
\BOOKMARK [3][-]{subsubsection.2.7.2.1}{\376\377\000T\000h\000e\000\040\000S\000c\000h\000w\000a\000r\000z\000s\000c\000h\000i\000l\000d\000\040\000e\000q\000u\000a\000t\000i\000o\000n}{subsection.2.7.2}% 27
\BOOKMARK [1][-]{section.2.8}{\376\377\000S\000p\000e\000c\000i\000a\000l\000\040\000D\000e\000s\000c\000a\000r\000t\000e\000s\000\040\000o\000v\000o\000i\000d\000s}{chapter.2}% 28
\BOOKMARK [2][-]{subsection.2.8.1}{\376\377\000S\000p\000h\000e\000r\000o\000v\000o\000i\000d\000s\000,\000\040\000G\000\040\000=\000\040\0000}{section.2.8}% 29
\BOOKMARK [2][-]{subsection.2.8.2}{\376\377\000P\000a\000r\000o\000v\000o\000i\000d\000s\000,\000\040\000G\000\040\000=\000\040\000-\0001}{section.2.8}% 30
\BOOKMARK [2][-]{subsection.2.8.3}{\376\377\000H\000y\000p\000e\000r\000o\000v\000o\000i\000d\000s\000,\000\040\000G\000\040\000<\000\040\000-\0001}{section.2.8}% 31
\BOOKMARK [2][-]{subsection.2.8.4}{\376\377\000P\000r\000o\000l\000a\000t\000e\000\040\000a\000n\000d\000\040\000o\000b\000l\000a\000t\000e\000\040\000e\000l\000l\000i\000p\000s\000o\000v\000o\000i\000d\000s}{section.2.8}% 32
\BOOKMARK [1][-]{section.2.9}{\376\377\000D\000e\000s\000c\000a\000r\000t\000e\000s\000\040\000o\000v\000o\000i\000d\000s\000\040\000a\000n\000d\000\040\000a\000s\000p\000h\000e\000r\000i\000c\000\040\000s\000u\000r\000f\000a\000c\000e\000s}{chapter.2}% 33
\BOOKMARK [1][-]{section.2.10}{\376\377\000A\000p\000p\000r\000o\000x\000i\000m\000a\000t\000e\000\040\000s\000t\000i\000g\000m\000a\000t\000i\000s\000m\000\040\000i\000n\000\040\000t\000h\000e\000\040\000s\000p\000h\000e\000r\000i\000c\000a\000l\000\040\000d\000i\000o\000p\000t\000e\000r}{chapter.2}% 34
\BOOKMARK [2][-]{subsection.2.10.1}{\376\377\000G\000a\000u\000s\000s\000\040\000o\000p\000t\000i\000c\000s\000,\000\040\000t\000h\000e\000\040\000p\000a\000r\000a\000x\000i\000a\000l\000\040\000a\000p\000p\000r\000o\000x\000i\000m\000a\000t\000i\000o\000n}{section.2.10}% 35
\BOOKMARK [2][-]{subsection.2.10.2}{\376\377\000S\000p\000h\000e\000r\000i\000c\000a\000l\000\040\000a\000b\000e\000r\000r\000a\000t\000i\000o\000n}{section.2.10}% 36
\BOOKMARK [3][-]{subsubsection.2.10.2.1}{\376\377\000T\000h\000e\000\040\000w\000a\000v\000e\000f\000r\000o\000n\000t\000\040\000a\000b\000e\000r\000r\000a\000t\000i\000o\000n\000\040\000a\000n\000d\000\040\000t\000h\000e\000\040\000q\000u\000a\000r\000t\000i\000c\000\040\000w\000a\000v\000e\000f\000r\000o\000n\000t}{subsection.2.10.2}% 37
\BOOKMARK [3][-]{subsubsection.2.10.2.2}{\376\377\000T\000h\000e\000\040\000S\000e\000i\000d\000e\000l\000\040\000a\000b\000e\000r\000r\000a\000t\000i\000o\000n\000s}{subsection.2.10.2}% 38
\BOOKMARK [3][-]{subsubsection.2.10.2.3}{\376\377\000A\000b\000e\000r\000r\000a\000t\000i\000o\000n\000s\000\040\000c\000l\000o\000s\000e\000\040\000t\000o\000\040\000t\000h\000e\000\040\000p\000a\000r\000a\000x\000i\000a\000l\000\040\000c\000o\000n\000d\000i\000t\000i\000o\000n}{subsection.2.10.2}% 39
\BOOKMARK [2][-]{subsection.2.10.3}{\376\377\000F\000o\000c\000a\000l\000\040\000l\000e\000n\000g\000t\000h\000\040\000f\000o\000r\000\040\000m\000a\000r\000g\000i\000n\000a\000l\000\040\000r\000a\000y\000s}{section.2.10}% 40
\BOOKMARK [3][-]{subsubsection.2.10.3.1}{\376\377\000L\000o\000n\000g\000i\000t\000u\000d\000i\000n\000a\000l\000\040\000o\000b\000j\000e\000c\000t\000\040\000d\000e\000f\000o\000c\000u\000s}{subsection.2.10.3}% 41
\BOOKMARK [3][-]{subsubsection.2.10.3.2}{\376\377\000I\000m\000a\000g\000e\000\040\000f\000o\000r\000m\000a\000t\000i\000o\000n\000\040\000i\000n\000\040\000t\000h\000e\000\040\000m\000a\000r\000g\000i\000n\000a\000l\000\040\000r\000a\000y\000\040\000r\000e\000g\000i\000m\000e}{subsection.2.10.3}% 42
\BOOKMARK [2][-]{subsection.2.10.4}{\376\377\000T\000h\000e\000\040\000t\000h\000i\000n\000\040\000l\000e\000n\000s\000\040\000w\000i\000t\000h\000\040\000a\000b\000e\000r\000r\000a\000t\000i\000o\000n\000s}{section.2.10}% 43
\BOOKMARK [1][-]{section.2.11}{\376\377\000A\000p\000l\000a\000n\000a\000t\000i\000s\000m}{chapter.2}% 44
\BOOKMARK [2][-]{subsection.2.11.1}{\376\377\000T\000h\000e\000\040\000A\000b\000b\000e\000\040\000s\000i\000n\000e\000\040\000c\000o\000n\000d\000i\000t\000i\000o\000n}{section.2.11}% 45
\BOOKMARK [0][-]{chapter.3}{\376\377\000E\000l\000e\000c\000t\000r\000o\000m\000a\000g\000n\000e\000t\000i\000c\000\040\000O\000p\000t\000i\000c\000s\000\040\000a\000n\000d\000\040\000P\000o\000l\000a\000r\000i\000s\000a\000t\000i\000o\000n}{}% 46
\BOOKMARK [1][-]{section.3.1}{\376\377\000A\000\040\000h\000i\000s\000t\000o\000r\000i\000c\000a\000l\000\040\000c\000o\000n\000t\000e\000x\000t\000\040\000o\000f\000\040\000e\000l\000e\000c\000t\000r\000o\000m\000a\000g\000n\000e\000t\000i\000c\000\040\000o\000p\000t\000i\000c\000s\000\040\000a\000n\000d\000\040\000p\000o\000l\000a\000r\000i\000s\000a\000t\000i\000o\000n}{chapter.3}% 47
\BOOKMARK [1][-]{section.3.2}{\376\377\000T\000h\000e\000\040\000v\000e\000c\000t\000o\000r\000\040\000b\000e\000h\000a\000v\000i\000o\000r\000\040\000o\000f\000\040\000t\000h\000e\000\040\000e\000l\000e\000c\000t\000r\000o\000m\000a\000g\000n\000e\000t\000i\000c\000\040\000r\000a\000d\000i\000a\000t\000i\000o\000n}{chapter.3}% 48
\BOOKMARK [1][-]{section.3.3}{\376\377\000M\000a\000x\000w\000e\000l\000l\000\040\000e\000q\000u\000a\000t\000i\000o\000n\000s\000\040\000a\000r\000e\000\040\000t\000h\000e\000\040\000S\000c\000h\000r\000\366\000d\000i\000n\000g\000e\000r\000\040\000e\000q\000u\000a\000t\000i\000o\000n\000\040\000f\000o\000r\000\040\000p\000h\000o\000t\000o\000n\000s}{chapter.3}% 49
\BOOKMARK [1][-]{section.3.4}{\376\377\000P\000r\000o\000p\000e\000r\000t\000i\000e\000s\000\040\000o\000f\000\040\000t\000h\000e\000\040\000e\000l\000e\000c\000t\000r\000o\000m\000a\000g\000n\000e\000t\000i\000c\000\040\000w\000a\000v\000e\000s}{chapter.3}% 50
\BOOKMARK [2][-]{subsection.3.4.1}{\376\377\000P\000r\000i\000n\000c\000i\000p\000a\000l\000\040\000s\000o\000l\000u\000t\000i\000o\000n\000s\000\040\000o\000f\000\040\000t\000h\000e\000\040\000e\000l\000e\000c\000t\000r\000i\000c\000\040\000w\000a\000v\000e\000\040\000e\000q\000u\000a\000t\000i\000o\000n}{section.3.4}% 51
\BOOKMARK [2][-]{subsection.3.4.2}{\376\377\000B\000e\000a\000m\000s\000\040\000w\000i\000t\000h\000\040\000a\000\040\000p\000a\000r\000t\000i\000c\000u\000l\000a\000r\000\040\000p\000h\000a\000s\000e\000\040\000a\000n\000d\000\040\000s\000t\000r\000u\000c\000t\000u\000r\000e\000d\000\040\000l\000i\000g\000h\000t}{section.3.4}% 52
\BOOKMARK [2][-]{subsection.3.4.3}{\376\377\000F\000r\000o\000m\000\040\0003\000D\000\040\000w\000a\000v\000e\000f\000r\000o\000n\000t\000s\000\040\000t\000o\000\040\0002\000D\000\040\000w\000a\000v\000e\000f\000r\000o\000n\000t\000s}{section.3.4}% 53
\BOOKMARK [1][-]{section.3.5}{\376\377\000L\000i\000g\000h\000t\000'\000s\000\040\000p\000o\000l\000a\000r\000i\000s\000a\000t\000i\000o\000n}{chapter.3}% 54
\BOOKMARK [2][-]{subsection.3.5.1}{\376\377\000M\000o\000n\000o\000c\000h\000r\000o\000m\000a\000t\000i\000c\000\040\000a\000n\000d\000\040\000d\000e\000t\000e\000r\000m\000i\000n\000i\000s\000t\000i\000c\000\040\000f\000o\000r\000m\000u\000l\000a\000t\000i\000o\000n\000:\000\040\000J\000o\000n\000e\000s\000\040\000s\000p\000i\000n\000o\000r\000s\000\040\000a\000n\000d\000\040\000t\000h\000e\000\040\000p\000o\000l\000a\000r\000i\000z\000a\000t\000i\000o\000n\000\040\000e\000l\000l\000i\000p\000s\000e}{section.3.5}% 55
\BOOKMARK [3][-]{subsubsection.3.5.1.1}{\376\377\000H\000o\000w\000\040\000t\000o\000\040\000b\000u\000i\000l\000d\000\040\000t\000h\000e\000\040\000p\000o\000l\000a\000r\000i\000s\000a\000t\000i\000o\000n\000\040\000e\000l\000l\000i\000p\000s\000e\000:\000\040\000P\000h\000a\000s\000o\000r\000s}{subsection.3.5.1}% 56
\BOOKMARK [3][-]{subsubsection.3.5.1.2}{\376\377\000H\000o\000w\000\040\000t\000o\000\040\000b\000u\000i\000l\000d\000\040\000t\000h\000e\000\040\000p\000o\000l\000a\000r\000i\000s\000a\000t\000i\000o\000n\000\040\000e\000l\000l\000i\000p\000s\000e\000:\000\040\000E\000l\000l\000i\000p\000s\000e\000\040\000a\000n\000g\000l\000e\000s}{subsection.3.5.1}% 57
\BOOKMARK [3][-]{subsubsection.3.5.1.3}{\376\377\000T\000h\000e\000\040\000c\000a\000n\000o\000n\000i\000c\000a\000l\000\040\000p\000o\000l\000a\000r\000i\000s\000a\000t\000i\000o\000n\000\040\000s\000t\000a\000t\000e\000s\000:\000\040\000h\000o\000r\000i\000z\000o\000n\000t\000a\000l\000,\000\040\000v\000e\000r\000t\000i\000c\000a\000l\000,\000\040\000d\000i\000a\000g\000o\000n\000a\000l\000\040\000a\000n\000d\000\040\000c\000i\000r\000c\000u\000l\000a\000r}{subsection.3.5.1}% 58
\BOOKMARK [2][-]{subsection.3.5.2}{\376\377\000T\000i\000m\000e\000\040\000e\000v\000o\000l\000u\000t\000i\000o\000n\000\040\000o\000f\000\040\000t\000h\000e\000\040\000p\000o\000l\000a\000r\000i\000s\000a\000t\000i\000o\000n\000s\000:\000\040\000S\000t\000o\000k\000e\000s\000\040\000p\000a\000r\000a\000m\000e\000t\000e\000r\000s\000\040\000a\000n\000d\000\040\000t\000h\000e\000\040\000P\000o\000i\000n\000c\000a\000r\000\351\000\040\000s\000p\000h\000e\000r\000e}{section.3.5}% 59
\BOOKMARK [3][-]{subsubsection.3.5.2.1}{\376\377\000W\000h\000y\000\040\000t\000h\000e\000\040\000S\000t\000o\000k\000e\000s\000\040\000v\000e\000c\000t\000o\000r\000\040\000i\000s\000\040\000n\000o\000t\000\040\000a\000\040\000v\000e\000c\000t\000o\000r}{subsection.3.5.2}% 60
\BOOKMARK [2][-]{subsection.3.5.3}{\376\377\000T\000h\000e\000\040\000b\000r\000i\000d\000g\000e\000\040\000b\000e\000t\000w\000e\000e\000n\000\040\000J\000o\000n\000e\000s\000\040\000a\000n\000d\000\040\000S\000t\000o\000k\000e\000s\000:\000\040\000t\000h\000e\000\040\000s\000t\000e\000r\000e\000o\000g\000r\000a\000p\000h\000i\000c\000\040\000p\000r\000o\000j\000e\000c\000t\000i\000o\000n}{section.3.5}% 61
\BOOKMARK [3][-]{subsubsection.3.5.3.1}{\376\377\000W\000h\000a\000t\000\040\000t\000h\000e\000\040\000s\000t\000e\000r\000e\000o\000g\000r\000a\000p\000h\000i\000c\000\040\000p\000r\000o\000j\000e\000c\000t\000i\000o\000n\000\040\000i\000s}{subsection.3.5.3}% 62
\BOOKMARK [3][-]{subsubsection.3.5.3.2}{\376\377\000W\000h\000y\000\040\000a\000\040\000p\000o\000l\000a\000r\000i\000s\000a\000t\000i\000o\000n\000\040\000s\000t\000a\000t\000e\000\040\000i\000s\000\040\000a\000\040\000s\000i\000n\000g\000l\000e\000\040\000c\000o\000m\000p\000l\000e\000x\000\040\000n\000u\000m\000b\000e\000r}{subsection.3.5.3}% 63
\BOOKMARK [3][-]{subsubsection.3.5.3.3}{\376\377\000T\000h\000e\000\040\000P\000o\000i\000n\000c\000a\000r\000\351\000\040\000s\000p\000h\000e\000r\000e\000\040\000i\000s\000\040\000t\000h\000a\000t\000\040\000s\000p\000h\000e\000r\000e}{subsection.3.5.3}% 64
\BOOKMARK [3][-]{subsubsection.3.5.3.4}{\376\377\000A\000\040\000f\000l\000a\000t\000\040\000a\000t\000l\000a\000s\000\040\000o\000f\000\040\000e\000v\000e\000r\000y\000\040\000p\000o\000l\000a\000r\000i\000s\000a\000t\000i\000o\000n\000\040\000s\000t\000a\000t\000e}{subsection.3.5.3}% 65
\BOOKMARK [2][-]{subsection.3.5.4}{\376\377\000T\000r\000a\000n\000s\000f\000o\000r\000m\000a\000t\000i\000o\000n\000s\000\040\000o\000f\000\040\000P\000o\000l\000a\000r\000i\000s\000a\000t\000i\000o\000n\000:\000\040\000J\000o\000n\000e\000s\000\040\000m\000a\000t\000r\000i\000c\000e\000s}{section.3.5}% 66
\BOOKMARK [3][-]{subsubsection.3.5.4.1}{\376\377\000R\000e\000t\000a\000r\000d\000e\000r\000s}{subsection.3.5.4}% 67
\BOOKMARK [3][-]{subsubsection.3.5.4.2}{\376\377\000R\000o\000t\000a\000t\000o\000r\000s}{subsection.3.5.4}% 68
\BOOKMARK [3][-]{subsubsection.3.5.4.3}{\376\377\000D\000i\000c\000h\000r\000o\000i\000c\000s\000\040\000a\000n\000d\000\040\000p\000o\000l\000a\000r\000i\000s\000e\000r\000s}{subsection.3.5.4}% 69
\BOOKMARK [2][-]{subsection.3.5.5}{\376\377\000T\000r\000a\000n\000s\000f\000o\000r\000m\000a\000t\000i\000o\000n\000s\000\040\000o\000f\000\040\000P\000o\000l\000a\000r\000i\000s\000a\000t\000i\000o\000n\000:\000\040\000M\000u\000e\000l\000l\000e\000r\000\040\000m\000a\000t\000r\000i\000c\000e\000s}{section.3.5}% 70
\BOOKMARK [3][-]{subsubsection.3.5.5.1}{\376\377\000F\000r\000o\000m\000\040\000t\000h\000e\000\040\000J\000o\000n\000e\000s\000\040\000m\000a\000t\000r\000i\000x\000\040\000t\000o\000\040\000t\000h\000e\000\040\000c\000o\000h\000e\000r\000e\000n\000c\000e\000\040\000m\000a\000t\000r\000i\000x}{subsection.3.5.5}% 71
\BOOKMARK [3][-]{subsubsection.3.5.5.2}{\376\377\000T\000h\000e\000\040\000M\000u\000e\000l\000l\000e\000r\000\040\000m\000a\000t\000r\000i\000x}{subsection.3.5.5}% 72
\BOOKMARK [3][-]{subsubsection.3.5.5.3}{\376\377\000R\000e\000t\000a\000r\000d\000e\000r\000s\000\040\000a\000r\000e\000\040\000r\000o\000t\000a\000t\000i\000o\000n\000s\000\040\000o\000f\000\040\000t\000h\000e\000\040\000P\000o\000i\000n\000c\000a\000r\000\351\000\040\000s\000p\000h\000e\000r\000e}{subsection.3.5.5}% 73
\BOOKMARK [3][-]{subsubsection.3.5.5.4}{\376\377\000P\000o\000l\000a\000r\000i\000s\000e\000r\000s\000,\000\040\000d\000i\000c\000h\000r\000o\000i\000c\000s\000\040\000a\000n\000d\000\040\000t\000h\000e\000\040\000M\000a\000l\000u\000s\000\040\000l\000a\000w}{subsection.3.5.5}% 74
\BOOKMARK [3][-]{subsubsection.3.5.5.5}{\376\377\000W\000h\000a\000t\000\040\000n\000o\000\040\000J\000o\000n\000e\000s\000\040\000m\000a\000t\000r\000i\000x\000\040\000c\000a\000n\000\040\000d\000o\000:\000\040\000d\000e\000p\000o\000l\000a\000r\000i\000s\000a\000t\000i\000o\000n}{subsection.3.5.5}% 75
\BOOKMARK [3][-]{subsubsection.3.5.5.6}{\376\377\000W\000h\000y\000\040\000t\000h\000i\000s\000\040\000m\000a\000t\000t\000e\000r\000s}{subsection.3.5.5}% 76
\BOOKMARK [2][-]{subsection.3.5.6}{\376\377\000T\000h\000e\000\040\000J\000o\000n\000e\000s\000\040\000t\000h\000e\000o\000r\000e\000m\000s}{section.3.5}% 77
\BOOKMARK [3][-]{subsubsection.3.5.6.1}{\376\377\000T\000h\000e\000o\000r\000e\000m\000\040\000I\000:\000\040\000e\000v\000e\000r\000y\000\040\000s\000y\000s\000t\000e\000m\000\040\000h\000a\000s\000\040\000a\000n\000\040\000e\000i\000g\000e\000n\000p\000o\000l\000a\000r\000i\000s\000a\000t\000i\000o\000n}{subsection.3.5.6}% 78
\BOOKMARK [3][-]{subsubsection.3.5.6.2}{\376\377\000T\000h\000e\000o\000r\000e\000m\000\040\000I\000I\000:\000\040\000r\000e\000t\000a\000r\000d\000e\000r\000s\000\040\000a\000n\000d\000\040\000r\000o\000t\000a\000t\000o\000r\000s}{subsection.3.5.6}% 79
\BOOKMARK [3][-]{subsubsection.3.5.6.3}{\376\377\000T\000h\000e\000o\000r\000e\000m\000\040\000I\000I\000I\000:\000\040\000p\000a\000r\000t\000i\000a\000l\000\040\000p\000o\000l\000a\000r\000i\000s\000e\000r\000s\000\040\000a\000n\000d\000\040\000r\000o\000t\000a\000t\000o\000r\000s}{subsection.3.5.6}% 80
\BOOKMARK [3][-]{subsubsection.3.5.6.4}{\376\377\000T\000h\000e\000o\000r\000e\000m\000\040\000I\000V\000:\000\040\000t\000h\000e\000\040\000g\000e\000n\000e\000r\000a\000l\000\040\000e\000q\000u\000i\000v\000a\000l\000e\000n\000c\000e\000\040\000t\000h\000e\000o\000r\000e\000m}{subsection.3.5.6}% 81
\BOOKMARK [3][-]{subsubsection.3.5.6.5}{\376\377\000T\000h\000e\000o\000r\000e\000m\000\040\000V\000:\000\040\000r\000e\000v\000e\000r\000s\000i\000b\000i\000l\000i\000t\000y}{subsection.3.5.6}% 82
\BOOKMARK [3][-]{subsubsection.3.5.6.6}{\376\377\000W\000h\000a\000t\000\040\000t\000h\000e\000\040\000t\000h\000e\000o\000r\000e\000m\000s\000\040\000s\000a\000y\000\040\000t\000o\000g\000e\000t\000h\000e\000r}{subsection.3.5.6}% 83
\BOOKMARK [2][-]{subsection.3.5.7}{\376\377\000G\000e\000n\000e\000r\000a\000t\000i\000o\000n\000\040\000o\000f\000\040\000e\000l\000l\000i\000p\000t\000i\000c\000\040\000s\000t\000a\000t\000e\000s\000:\000\040\000C\000o\000m\000p\000o\000s\000i\000t\000i\000o\000n\000\040\000o\000f\000\040\000W\000a\000v\000e\000p\000l\000a\000t\000e\000s}{section.3.5}% 84
\BOOKMARK [3][-]{subsubsection.3.5.7.1}{\376\377\000T\000h\000e\000\040\000l\000i\000n\000e\000a\000r\000\040\000b\000i\000r\000r\000e\000f\000r\000i\000n\000g\000e\000n\000t\000s\000\040\000l\000a\000w}{subsection.3.5.7}% 85
\BOOKMARK [3][-]{subsubsection.3.5.7.2}{\376\377\000T\000h\000e\000\040\000f\000u\000l\000l\000\040\000t\000u\000n\000a\000b\000l\000e\000\040\000b\000i\000r\000r\000e\000f\000r\000i\000n\000g\000e\000n\000t}{subsection.3.5.7}% 86
\BOOKMARK [3][-]{subsubsection.3.5.7.3}{\376\377\000T\000h\000e\000\040\000e\000l\000l\000i\000p\000t\000i\000c\000\040\000b\000i\000r\000r\000e\000f\000r\000i\000n\000g\000e\000n\000t\000s\000\040\000l\000a\000w}{subsection.3.5.7}% 87
\BOOKMARK [2][-]{subsection.3.5.8}{\376\377\000G\000e\000n\000e\000r\000a\000t\000i\000o\000n\000\040\000o\000f\000\040\000e\000l\000l\000i\000p\000t\000i\000c\000\040\000s\000t\000a\000t\000e\000s\000:\000\040\000P\000o\000l\000a\000r\000i\000z\000e\000r\000s\000\040\000a\000s\000\040\000p\000r\000o\000j\000e\000c\000t\000i\000o\000n\000\040\000o\000p\000e\000r\000a\000t\000o\000r\000s\000\040}{section.3.5}% 88
\BOOKMARK [3][-]{subsubsection.3.5.8.1}{\376\377\000T\000h\000e\000\040\000M\000a\000l\000u\000s\000\040\000l\000a\000w}{subsection.3.5.8}% 89
\BOOKMARK [3][-]{subsubsection.3.5.8.2}{\376\377\000T\000h\000e\000\040\000e\000l\000l\000i\000p\000t\000i\000c\000\040\000p\000o\000l\000a\000r\000i\000s\000e\000r}{subsection.3.5.8}% 90
\BOOKMARK [3][-]{subsubsection.3.5.8.3}{\376\377\000T\000h\000e\000\040\000e\000l\000l\000i\000p\000t\000i\000c\000\040\000M\000a\000l\000u\000s\000\040\000l\000a\000w}{subsection.3.5.8}% 91
\BOOKMARK [0][-]{chapter.4}{\376\377\000I\000n\000t\000e\000r\000f\000e\000r\000e\000n\000c\000e\000\040\000a\000n\000d\000\040\000I\000n\000t\000e\000r\000f\000e\000r\000o\000m\000e\000t\000e\000r\000s}{}% 92
\BOOKMARK [1][-]{section.4.1}{\376\377\000A\000\040\000h\000i\000s\000t\000o\000r\000i\000c\000a\000l\000\040\000c\000o\000n\000t\000e\000x\000t\000\040\000o\000f\000\040\000i\000n\000t\000e\000r\000f\000e\000r\000e\000n\000c\000e\000\040\000a\000n\000d\000\040\000i\000n\000t\000e\000r\000f\000e\000r\000o\000m\000e\000t\000e\000r\000s}{chapter.4}% 93
\BOOKMARK [1][-]{section.4.2}{\376\377\000H\000o\000w\000\040\000d\000o\000e\000s\000\040\000i\000n\000t\000e\000r\000f\000e\000r\000e\000n\000c\000e\000\040\000o\000c\000c\000u\000r\000?}{chapter.4}% 94
\BOOKMARK [2][-]{subsection.4.2.1}{\376\377\000I\000n\000t\000e\000r\000f\000e\000r\000e\000n\000c\000e\000\040\000o\000f\000\040\000p\000l\000a\000n\000e\000\040\000w\000a\000v\000e\000s}{section.4.2}% 95
\BOOKMARK [2][-]{subsection.4.2.2}{\376\377\000I\000n\000t\000e\000r\000f\000e\000r\000e\000n\000c\000e\000\040\000o\000f\000\040\000s\000p\000h\000e\000r\000i\000c\000a\000l\000\040\000w\000a\000v\000e\000s}{section.4.2}% 96
\BOOKMARK [1][-]{section.4.3}{\376\377\000I\000n\000t\000e\000r\000f\000e\000r\000o\000m\000e\000t\000e\000r\000s}{chapter.4}% 97
\BOOKMARK [2][-]{subsection.4.3.1}{\376\377\000Y\000o\000u\000n\000g\000\040\000i\000n\000t\000e\000r\000f\000e\000r\000o\000m\000e\000t\000e\000r}{section.4.3}% 98
\BOOKMARK [2][-]{subsection.4.3.2}{\376\377\000F\000r\000e\000s\000n\000e\000l\000\040\000b\000i\000p\000r\000i\000s\000m}{section.4.3}% 99
\BOOKMARK [2][-]{subsection.4.3.3}{\376\377\000M\000i\000c\000h\000e\000l\000s\000o\000n\000\040\000a\000n\000d\000\040\000M\000o\000r\000l\000e\000y\000\040\000i\000n\000t\000e\000r\000f\000e\000r\000o\000m\000e\000t\000e\000r}{section.4.3}% 100
\BOOKMARK [0][-]{chapter.5}{\376\377\000T\000h\000e\000o\000r\000y\000\040\000o\000f\000\040\000D\000i\000f\000f\000r\000a\000c\000t\000i\000o\000n}{}% 101
\BOOKMARK [1][-]{section.5.1}{\376\377\000A\000\040\000h\000i\000s\000t\000o\000r\000i\000c\000a\000l\000\040\000c\000o\000n\000t\000e\000x\000t\000\040\000o\000f\000\040\000d\000i\000f\000f\000r\000a\000c\000t\000i\000o\000n\000\040\000t\000h\000e\000o\000r\000y\000:\000\040\000f\000r\000o\000m\000\040\000s\000h\000a\000d\000o\000w\000s\000\040\000t\000o\000\040\000t\000h\000e\000\040\000v\000e\000c\000t\000o\000r\000\040\000w\000o\000r\000l\000d}{chapter.5}% 102
\BOOKMARK [1][-]{section.5.2}{\376\377\000S\000c\000a\000l\000a\000r\000\040\000t\000h\000e\000o\000r\000y\000\040\000o\000f\000\040\000d\000i\000f\000f\000r\000a\000c\000t\000i\000o\000n}{chapter.5}% 103
\BOOKMARK [1][-]{section.5.3}{\376\377\000T\000h\000e\000\040\000s\000c\000a\000l\000a\000r\000\040\000w\000a\000v\000e\000\040\000e\000q\000u\000a\000t\000i\000o\000n\000\040\000\050\000H\000e\000l\000m\000h\000o\000l\000t\000z\000\040\000e\000q\000u\000a\000t\000i\000o\000n\000\051}{chapter.5}% 104
\BOOKMARK [1][-]{section.5.4}{\376\377\000T\000h\000e\000\040\000K\000i\000r\000c\000h\000o\000f\000f\000\040\000s\000c\000a\000l\000a\000r\000\040\000b\000o\000u\000n\000d\000a\000r\000y\000-\000v\000a\000l\000u\000e\000\040\000p\000r\000o\000b\000l\000e\000m}{chapter.5}% 105
\BOOKMARK [2][-]{subsection.5.4.1}{\376\377\000G\000r\000e\000e\000n\000'\000s\000\040\000t\000h\000e\000o\000r\000e\000m}{section.5.4}% 106
\BOOKMARK [2][-]{subsection.5.4.2}{\376\377\000T\000h\000e\000\040\000H\000e\000l\000m\000h\000o\000l\000t\000z\000-\000K\000i\000r\000c\000h\000o\000f\000f\000\040\000i\000n\000t\000e\000g\000r\000a\000l\000\040\000t\000h\000e\000o\000r\000e\000m}{section.5.4}% 107
\BOOKMARK [2][-]{subsection.5.4.3}{\376\377\000T\000h\000e\000\040\000R\000a\000y\000l\000e\000i\000g\000h\000-\000S\000o\000m\000m\000e\000r\000f\000e\000l\000d\000\040\000f\000o\000r\000m\000u\000l\000a\000t\000i\000o\000n}{section.5.4}% 108
\BOOKMARK [1][-]{section.5.5}{\376\377\000T\000h\000e\000\040\000F\000r\000e\000s\000n\000e\000l\000\040\000a\000p\000p\000r\000o\000x\000i\000m\000a\000t\000i\000o\000n}{chapter.5}% 109
\BOOKMARK [2][-]{subsection.5.5.1}{\376\377\000E\000x\000a\000m\000p\000l\000e\000:\000\040\000F\000r\000a\000u\000n\000h\000o\000f\000e\000r\000\040\000d\000i\000f\000f\000r\000a\000c\000t\000i\000o\000n\000\040\000b\000e\000t\000w\000e\000e\000n\000\040\000t\000w\000o\000\040\000c\000o\000n\000f\000o\000c\000a\000l\000\040\000s\000p\000h\000e\000r\000e\000s}{section.5.5}% 110
\BOOKMARK [1][-]{section.5.6}{\376\377\000T\000h\000e\000\040\000F\000r\000a\000u\000n\000h\000o\000f\000e\000r\000\040\000a\000p\000p\000r\000o\000x\000i\000m\000a\000t\000i\000o\000n}{chapter.5}% 111
\BOOKMARK [1][-]{section.5.7}{\376\377\000T\000h\000e\000\040\000f\000r\000a\000c\000t\000i\000o\000n\000a\000l\000\040\000F\000o\000u\000r\000i\000e\000r\000\040\000t\000r\000a\000n\000s\000f\000o\000r\000m\000a\000t\000i\000o\000n}{chapter.5}% 112
\BOOKMARK [2][-]{subsection.5.7.1}{\376\377\000A\000\040\000h\000i\000s\000t\000o\000r\000i\000c\000a\000l\000\040\000c\000o\000n\000t\000e\000x\000t\000\040\000o\000f\000\040\000F\000o\000u\000r\000i\000e\000r\000\040\000a\000n\000a\000l\000y\000s\000i\000s\000\040\000a\000n\000d\000\040\000o\000f\000\040\000i\000t\000s\000\040\000f\000r\000a\000c\000t\000i\000o\000n\000a\000l\000\040\000p\000o\000w\000e\000r\000s}{section.5.7}% 113
\BOOKMARK [2][-]{subsection.5.7.2}{\376\377\000T\000h\000e\000\040\000f\000r\000a\000c\000t\000i\000o\000n\000a\000l\000\040\000F\000o\000u\000r\000i\000e\000r\000\040\000t\000r\000a\000n\000s\000f\000o\000r\000m\000a\000t\000i\000o\000n\000\040\000a\000s\000\040\000a\000\040\000d\000i\000f\000f\000e\000r\000e\000n\000t\000i\000a\000l\000\040\000a\000n\000d\000\040\000a\000s\000\040\000a\000n\000\040\000i\000n\000t\000e\000g\000r\000a\000l\000\040\000o\000p\000e\000r\000a\000t\000o\000r}{section.5.7}% 114
\BOOKMARK [3][-]{subsubsection.5.7.2.1}{\376\377\000T\000h\000e\000\040\000e\000i\000g\000e\000n\000f\000u\000n\000c\000t\000i\000o\000n\000s\000\040\000o\000f\000\040\000t\000h\000e\000\040\000F\000o\000u\000r\000i\000e\000r\000\040\000t\000r\000a\000n\000s\000f\000o\000r\000m\000a\000t\000i\000o\000n}{subsection.5.7.2}% 115
\BOOKMARK [3][-]{subsubsection.5.7.2.2}{\376\377\000N\000a\000m\000i\000a\000s\000'\000\040\000d\000e\000f\000i\000n\000i\000t\000i\000o\000n\000\040\000a\000n\000d\000\040\000t\000h\000e\000\040\000d\000i\000f\000f\000e\000r\000e\000n\000t\000i\000a\000l\000\040\000o\000p\000e\000r\000a\000t\000o\000r}{subsection.5.7.2}% 116
\BOOKMARK [3][-]{subsubsection.5.7.2.3}{\376\377\000T\000h\000e\000\040\000i\000n\000t\000e\000g\000r\000a\000l\000\040\000f\000o\000r\000m\000\040\000o\000f\000\040\000t\000h\000e\000\040\000t\000r\000a\000n\000s\000f\000o\000r\000m\000a\000t\000i\000o\000n}{subsection.5.7.2}% 117
\BOOKMARK [3][-]{subsubsection.5.7.2.4}{\376\377\000T\000h\000e\000\040\000i\000n\000v\000e\000r\000s\000e\000\040\000t\000r\000a\000n\000s\000f\000o\000r\000m\000a\000t\000i\000o\000n\000\040\000a\000n\000d\000\040\000t\000h\000e\000\040\000i\000n\000d\000e\000x\000\040\000l\000a\000w}{subsection.5.7.2}% 118
\BOOKMARK [3][-]{subsubsection.5.7.2.5}{\376\377\000T\000h\000e\000\040\000r\000e\000g\000u\000l\000a\000r\000i\000s\000a\000t\000i\000o\000n\000\040\000o\000f\000\040\000M\000c\000B\000r\000i\000d\000e\000\040\000a\000n\000d\000\040\000K\000e\000r\000r}{subsection.5.7.2}% 119
\BOOKMARK [3][-]{subsubsection.5.7.2.6}{\376\377\000W\000h\000y\000\040\000t\000h\000e\000\040\000c\000o\000n\000s\000t\000r\000u\000c\000t\000i\000o\000n\000\040\000i\000s\000\040\000u\000s\000e\000f\000u\000l}{subsection.5.7.2}% 120
\BOOKMARK [2][-]{subsection.5.7.3}{\376\377\000T\000h\000e\000\040\000r\000o\000l\000e\000\040\000o\000f\000\040\000F\000o\000u\000r\000i\000e\000r\000\040\000a\000n\000a\000l\000y\000s\000i\000s\000\040\000i\000n\000\040\000t\000h\000e\000\040\000t\000h\000e\000o\000r\000y\000\040\000o\000f\000\040\000d\000i\000f\000f\000r\000a\000c\000t\000i\000o\000n}{section.5.7}% 121
\BOOKMARK [3][-]{subsubsection.5.7.3.1}{\376\377\000W\000h\000y\000\040\000a\000\040\000p\000l\000a\000n\000e\000\040\000c\000a\000n\000n\000o\000t\000\040\000b\000e\000\040\000t\000h\000e\000\040\000r\000i\000g\000h\000t\000\040\000r\000e\000f\000e\000r\000e\000n\000c\000e\000\040\000s\000u\000r\000f\000a\000c\000e}{subsection.5.7.3}% 122
\BOOKMARK [3][-]{subsubsection.5.7.3.2}{\376\377\000R\000e\000f\000e\000r\000e\000n\000c\000e\000\040\000s\000p\000h\000e\000r\000e\000s\000\040\000a\000n\000d\000\040\000t\000h\000e\000\040\000f\000r\000a\000c\000t\000i\000o\000n\000a\000l\000\040\000o\000r\000d\000e\000r}{subsection.5.7.3}% 123
\BOOKMARK [3][-]{subsubsection.5.7.3.3}{\376\377\000T\000h\000e\000\040\000n\000o\000r\000m\000a\000l\000i\000s\000i\000n\000g\000\040\000c\000o\000n\000s\000t\000a\000n\000t\000\040\000a\000n\000d\000\040\000t\000h\000e\000\040\000f\000i\000n\000a\000l\000\040\000r\000e\000s\000u\000l\000t}{subsection.5.7.3}% 124
\BOOKMARK [3][-]{subsubsection.5.7.3.4}{\376\377\000P\000h\000y\000s\000i\000c\000a\000l\000\040\000m\000e\000a\000n\000i\000n\000g\000\040\000o\000f\000\040\000a\000\040\000r\000e\000a\000l\000\040\000o\000r\000d\000e\000r}{subsection.5.7.3}% 125
\BOOKMARK [3][-]{subsubsection.5.7.3.5}{\376\377\000P\000h\000y\000s\000i\000c\000a\000l\000\040\000m\000e\000a\000n\000i\000n\000g\000\040\000o\000f\000\040\000a\000\040\000c\000o\000m\000p\000l\000e\000x\000\040\000o\000r\000d\000e\000r}{subsection.5.7.3}% 126
\BOOKMARK [0][-]{chapter.6}{\376\377\000T\000h\000e\000o\000r\000y\000\040\000o\000f\000\040\000C\000o\000h\000e\000r\000e\000n\000c\000e}{}% 127
\BOOKMARK [1][-]{section.6.1}{\376\377\000A\000\040\000h\000i\000s\000t\000o\000r\000i\000c\000a\000l\000\040\000c\000o\000n\000t\000e\000x\000t\000\040\000o\000f\000\040\000c\000o\000h\000e\000r\000e\000n\000c\000e\000\040\000t\000h\000e\000o\000r\000y}{chapter.6}% 128
\BOOKMARK [1][-]{section.6.2}{\376\377\000H\000o\000w\000\040\000i\000s\000\040\000s\000t\000a\000t\000i\000s\000t\000i\000c\000a\000l\000\040\000s\000i\000m\000i\000l\000a\000r\000i\000t\000y\000\040\000q\000u\000a\000n\000t\000i\000f\000i\000e\000d\000?}{chapter.6}% 129
\BOOKMARK [1][-]{section.6.3}{\376\377\000R\000a\000n\000d\000o\000m\000\040\000v\000a\000r\000i\000a\000b\000l\000e\000s}{chapter.6}% 130
\BOOKMARK [2][-]{subsection.6.3.1}{\376\377\000T\000h\000e\000\040\000s\000a\000m\000p\000l\000e\000\040\000s\000p\000a\000c\000e\000\040\000a\000n\000d\000\040\000t\000h\000e\000\040\000p\000h\000y\000s\000i\000c\000a\000l\000\040\000m\000e\000a\000n\000i\000n\000g\000\040\000o\000f\000\040\000a\000n\000\040\000e\000v\000e\000n\000t}{section.6.3}% 131
\BOOKMARK [2][-]{subsection.6.3.2}{\376\377\000T\000h\000e\000\040\000s\000i\000g\000m\000a\000\040\000a\000l\000g\000e\000b\000r\000a\000,\000\040\000o\000r\000\040\000w\000h\000i\000c\000h\000\040\000q\000u\000e\000s\000t\000i\000o\000n\000s\000\040\000m\000a\000y\000\040\000b\000e\000\040\000a\000s\000k\000e\000d}{section.6.3}% 132
\BOOKMARK [2][-]{subsection.6.3.3}{\376\377\000M\000e\000a\000s\000u\000r\000e\000,\000\040\000t\000h\000e\000\040\000L\000e\000b\000e\000s\000g\000u\000e\000\040\000m\000e\000a\000s\000u\000r\000e\000\040\000a\000n\000d\000\040\000t\000h\000e\000\040\000p\000r\000o\000b\000a\000b\000i\000l\000i\000t\000y\000\040\000m\000e\000a\000s\000u\000r\000e}{section.6.3}% 133
\BOOKMARK [2][-]{subsection.6.3.4}{\376\377\000R\000a\000n\000d\000o\000m\000\040\000v\000a\000r\000i\000a\000b\000l\000e\000s\000\040\000a\000n\000d\000\040\000t\000h\000e\000\040\000m\000e\000a\000n\000i\000n\000g\000\040\000o\000f\000\040\000m\000e\000a\000s\000u\000r\000a\000b\000i\000l\000i\000t\000y}{section.6.3}% 134
\BOOKMARK [2][-]{subsection.6.3.5}{\376\377\000S\000t\000o\000c\000h\000a\000s\000t\000i\000c\000\040\000p\000r\000o\000c\000e\000s\000s\000e\000s}{section.6.3}% 135
\BOOKMARK [2][-]{subsection.6.3.6}{\376\377\000T\000h\000e\000\040\000p\000r\000o\000b\000a\000b\000i\000l\000i\000t\000y\000\040\000s\000p\000a\000c\000e\000\040\000o\000f\000\040\000t\000h\000e\000\040\000e\000l\000e\000c\000t\000r\000o\000m\000a\000g\000n\000e\000t\000i\000c\000\040\000f\000i\000e\000l\000d}{section.6.3}% 136
\BOOKMARK [2][-]{subsection.6.3.7}{\376\377\000S\000t\000a\000t\000i\000o\000n\000a\000r\000i\000t\000y\000,\000\040\000e\000r\000g\000o\000d\000i\000c\000i\000t\000y\000\040\000a\000n\000d\000\040\000t\000h\000e\000\040\000r\000i\000g\000h\000t\000\040\000t\000o\000\040\000m\000e\000a\000s\000u\000r\000e}{section.6.3}% 137
\BOOKMARK [1][-]{section.6.4}{\376\377\000T\000h\000e\000\040\000c\000o\000h\000e\000r\000e\000n\000c\000e\000\040\000f\000u\000n\000c\000t\000i\000o\000n}{chapter.6}% 138
\BOOKMARK [2][-]{subsection.6.4.1}{\376\377\000M\000a\000n\000i\000f\000e\000s\000t\000a\000t\000i\000o\000n\000s\000\040\000o\000f\000\040\000c\000o\000h\000e\000r\000e\000n\000c\000e\000:\000\040\000t\000h\000e\000\040\000W\000i\000e\000n\000e\000r\000K\000h\000i\000n\000c\000h\000i\000n\000\040\000t\000h\000e\000o\000r\000e\000m}{section.6.4}% 139
\BOOKMARK [2][-]{subsection.6.4.2}{\376\377\000T\000h\000e\000\040\000w\000a\000v\000e\000\040\000e\000q\000u\000a\000t\000i\000o\000n\000\040\000o\000f\000\040\000c\000o\000h\000e\000r\000e\000n\000c\000e}{section.6.4}% 140
\BOOKMARK [2][-]{subsection.6.4.3}{\376\377\000P\000r\000o\000p\000a\000g\000a\000t\000i\000o\000n\000\040\000o\000f\000\040\000c\000o\000h\000e\000r\000e\000n\000c\000e\000\040\000a\000n\000d\000\040\000t\000h\000e\000\040\000d\000i\000r\000e\000c\000t\000i\000o\000n\000\040\000o\000f\000\040\000t\000i\000m\000e\000:\000\040\000t\000h\000e\000\040\000v\000a\000n\000\040\000C\000i\000t\000t\000e\000r\000t\000Z\000e\000r\000n\000i\000k\000e\000\040\000t\000h\000e\000o\000r\000e\000m}{section.6.4}% 141
