This is pdfTeX, Version 3.141592653-2.6-1.40.29 (TeX Live 2026) (preloaded format=pdflatex 2026.3.22)  5 SEP 2026 12:12
entering extended mode
 restricted \write18 enabled.
 %&-line parsing enabled.
**main.tex
(./main.tex
LaTeX2e <2025-11-01>
L3 programming layer <2026-01-19>
(/usr/local/texlive/2026/texmf-dist/tex/latex/base/book.cls
Document Class: book 2025/01/22 v1.4n Standard LaTeX document class
(/usr/local/texlive/2026/texmf-dist/tex/latex/base/bk11.clo
File: bk11.clo 2025/01/22 v1.4n Standard LaTeX file (size option)
)
\c@part=\count275
\c@chapter=\count276
\c@section=\count277
\c@subsection=\count278
\c@subsubsection=\count279
\c@paragraph=\count280
\c@subparagraph=\count281
\c@figure=\count282
\c@table=\count283
\abovecaptionskip=\skip49
\belowcaptionskip=\skip50
\bibindent=\dimen148
)
(/usr/local/texlive/2026/texmf-dist/tex/latex/base/inputenc.sty
Package: inputenc 2024/02/08 v1.3d Input encoding file
\inpenc@prehook=\toks17
\inpenc@posthook=\toks18
)
(/usr/local/texlive/2026/texmf-dist/tex/latex/base/fontenc.sty
Package: fontenc 2025/07/18 v2.1d Standard LaTeX package
)
(/usr/local/texlive/2026/texmf-dist/tex/generic/babel/babel.sty
Package: babel 2026/03/08 v26.4 The multilingual framework for LuaLaTeX, pdfLaT
eX and XeLaTeX
\babel@savecnt=\count284
LaTeX Encoding Info:    Redeclaring text command \ij (encoding OT1) on input li
ne 2078.
LaTeX Encoding Info:    Redeclaring text command \IJ (encoding OT1) on input li
ne 2080.
LaTeX Encoding Info:    Redeclaring text command \ij (encoding T1) on input lin
e 2082.
LaTeX Encoding Info:    Redeclaring text command \IJ (encoding T1) on input lin
e 2083.
LaTeX Encoding Info:    Ignoring declaration for text command \ij (encoding ?) 
on input line 2084.
LaTeX Encoding Info:    Ignoring declaration for text command \IJ (encoding ?) 
on input line 2086.
LaTeX Encoding Info:    Ignoring declaration for text command \SS (encoding ?) 
on input line 2111.
\U@D=\dimen149
\l@unhyphenated=\language91

(/usr/local/texlive/2026/texmf-dist/tex/generic/babel/txtbabel.def)
\bbl@readstream=\read2
\bbl@dirlevel=\count285

(/usr/local/texlive/2026/texmf-dist/tex/generic/babel/locale/es/babel-spanish.t
ex)
(/usr/local/texlive/2026/texmf-dist/tex/generic/babel/locale/en/babel-english.t
ex)
Package babel Info: Importing font and identification data for spanish
(babel)             from babel-es.ini. Reported on input line 4330.
 (/usr/local/texlive/2026/texmf-dist/tex/generic/babel-spanish/spanish.ldf
Language: spanish.ldf 2021/05/27 v5.0q Spanish support from the babel system
\es@quottoks=\toks19
\es@quotdepth=\count286
Package babel Info: Making " an active character on input line 570.
Package babel Info: Making . an active character on input line 675.
Package babel Info: Making < an active character on input line 722.
Package babel Info: Making > an active character on input line 722.
)
Package babel Info: Importing font and identification data for english
(babel)             from babel-en.ini. Reported on input line 4330.

(/usr/local/texlive/2026/texmf-dist/tex/generic/babel-english/english.ldf
Language: english 2017/06/06 v3.3r English support from the babel system
Package babel Info: Hyphen rules for 'canadian' set to \l@english
(babel)             (\language0). Reported on input line 102.
Package babel Info: Hyphen rules for 'australian' set to \l@ukenglish
(babel)             (\language22). Reported on input line 105.
Package babel Info: Hyphen rules for 'newzealand' set to \l@ukenglish
(babel)             (\language22). Reported on input line 108.
))
(/usr/local/texlive/2026/texmf-dist/tex/latex/hyphenat/hyphenat.sty
Package: hyphenat 2009/09/02 v2.3c hyphenation utilities
\langwohyphens=\language92
LaTeX Info: Redefining \_ on input line 43.
)
(/usr/local/texlive/2026/texmf-dist/tex/latex/microtype/microtype.sty
Package: microtype 2026/03/01 v3.2d Micro-typographical refinements (RS)

(/usr/local/texlive/2026/texmf-dist/tex/latex/graphics/keyval.sty
Package: keyval 2022/05/29 v1.15 key=value parser (DPC)
\KV@toks@=\toks20
)
(/usr/local/texlive/2026/texmf-dist/tex/latex/etoolbox/etoolbox.sty
Package: etoolbox 2025/10/02 v2.5m e-TeX tools for LaTeX (JAW)
\etb@tempcnta=\count287
)
\MT@toks=\toks21
\MT@tempbox=\box53
\MT@count=\count288
LaTeX Info: Redefining \noprotrusionifhmode on input line 1084.
LaTeX Info: Redefining \leftprotrusion on input line 1085.
\MT@prot@toks=\toks22
LaTeX Info: Redefining \rightprotrusion on input line 1104.
LaTeX Info: Redefining \textls on input line 1449.
\MT@outer@kern=\dimen150
LaTeX Info: Redefining \microtypecontext on input line 2053.
LaTeX Info: Redefining \textmicrotypecontext on input line 2070.
\MT@listname@count=\count289

(/usr/local/texlive/2026/texmf-dist/tex/latex/microtype/microtype-pdftex.def
File: microtype-pdftex.def 2026/03/01 v3.2d Definitions specific to pdftex (RS)

LaTeX Info: Redefining \lsstyle on input line 944.
LaTeX Info: Redefining \lslig on input line 944.
\MT@outer@space=\skip51
)
Package microtype Info: Loading configuration file microtype.cfg.

(/usr/local/texlive/2026/texmf-dist/tex/latex/microtype/microtype.cfg
File: microtype.cfg 2026/03/01 v3.2d microtype main configuration file (RS)
)
LaTeX Info: Redefining \microtypesetup on input line 3065.
)
(/usr/local/texlive/2026/texmf-dist/tex/latex/geometry/geometry.sty
Package: geometry 2026/03/07 v6.0 Page Geometry

(/usr/local/texlive/2026/texmf-dist/tex/generic/iftex/ifvtex.sty
Package: ifvtex 2019/10/25 v1.7 ifvtex legacy package. Use iftex instead.

(/usr/local/texlive/2026/texmf-dist/tex/generic/iftex/iftex.sty
Package: iftex 2024/12/12 v1.0g TeX engine tests
))
\Gm@cnth=\count290
\Gm@cntv=\count291
\c@Gm@tempcnt=\count292
\Gm@bindingoffset=\dimen151
\Gm@wd@mp=\dimen152
\Gm@odd@mp=\dimen153
\Gm@even@mp=\dimen154
\Gm@layoutwidth=\dimen155
\Gm@layoutheight=\dimen156
\Gm@layouthoffset=\dimen157
\Gm@layoutvoffset=\dimen158
\Gm@dimlist=\toks23
)
(/usr/local/texlive/2026/texmf-dist/tex/latex/tools/bm.sty
Package: bm 2025/10/21 v1.2g Bold Symbol Support (DPC/FMi)
\symboldoperators=\mathgroup4
\symboldletters=\mathgroup5
\symboldsymbols=\mathgroup6
Package bm Info: No bold for \OMX/cmex/m/n, using \pmb.
LaTeX Font Info:    Redeclaring math alphabet \mathbf on input line 149.
)
(/usr/local/texlive/2026/texmf-dist/tex/latex/amsmath/amsmath.sty
Package: amsmath 2025/07/09 v2.17z AMS math features
\@mathmargin=\skip52

For additional information on amsmath, use the `?' option.
(/usr/local/texlive/2026/texmf-dist/tex/latex/amsmath/amstext.sty
Package: amstext 2024/11/17 v2.01 AMS text

(/usr/local/texlive/2026/texmf-dist/tex/latex/amsmath/amsgen.sty
File: amsgen.sty 1999/11/30 v2.0 generic functions
\@emptytoks=\toks24
\ex@=\dimen159
))
(/usr/local/texlive/2026/texmf-dist/tex/latex/amsmath/amsbsy.sty
Package: amsbsy 1999/11/29 v1.2d Bold Symbols
LaTeX Info: Redefining \boldsymbol on input line 28.
\pmbraise@=\dimen160
)
(/usr/local/texlive/2026/texmf-dist/tex/latex/amsmath/amsopn.sty
Package: amsopn 2022/04/08 v2.04 operator names
)
\inf@bad=\count293
LaTeX Info: Redefining \frac on input line 233.
\uproot@=\count294
\leftroot@=\count295
LaTeX Info: Redefining \overline on input line 398.
LaTeX Info: Redefining \colon on input line 409.
\classnum@=\count296
\DOTSCASE@=\count297
LaTeX Info: Redefining \ldots on input line 495.
LaTeX Info: Redefining \dots on input line 498.
LaTeX Info: Redefining \cdots on input line 619.
\Mathstrutbox@=\box54
\strutbox@=\box55
LaTeX Info: Redefining \big on input line 721.
LaTeX Info: Redefining \Big on input line 722.
LaTeX Info: Redefining \bigg on input line 723.
LaTeX Info: Redefining \Bigg on input line 724.
\big@size=\dimen161
LaTeX Font Info:    Redeclaring font encoding OML on input line 742.
LaTeX Font Info:    Redeclaring font encoding OMS on input line 743.
\macc@depth=\count298
LaTeX Info: Redefining \bmod on input line 904.
LaTeX Info: Redefining \pmod on input line 909.
LaTeX Info: Redefining \smash on input line 939.
LaTeX Info: Redefining \relbar on input line 969.
LaTeX Info: Redefining \Relbar on input line 970.
\c@MaxMatrixCols=\count299
\dotsspace@=\muskip17
\c@parentequation=\count300
\dspbrk@lvl=\count301
\tag@help=\toks25
\row@=\count302
\column@=\count303
\maxfields@=\count304
\andhelp@=\toks26
\eqnshift@=\dimen162
\alignsep@=\dimen163
\tagshift@=\dimen164
\tagwidth@=\dimen165
\totwidth@=\dimen166
\lineht@=\dimen167
\@envbody=\toks27
\multlinegap=\skip53
\multlinetaggap=\skip54
\mathdisplay@stack=\toks28
LaTeX Info: Redefining \[ on input line 2950.
LaTeX Info: Redefining \] on input line 2951.
)
(/usr/local/texlive/2026/texmf-dist/tex/latex/amsfonts/amsfonts.sty
Package: amsfonts 2013/01/14 v3.01 Basic AMSFonts support
\symAMSa=\mathgroup7
\symAMSb=\mathgroup8
LaTeX Font Info:    Redeclaring math symbol \hbar on input line 98.
LaTeX Font Info:    Overwriting math alphabet `\mathfrak' in version `bold'
(Font)                  U/euf/m/n --> U/euf/b/n on input line 106.
)
(/usr/local/texlive/2026/texmf-dist/tex/latex/amsfonts/amssymb.sty
Package: amssymb 2013/01/14 v3.01 AMS font symbols
)
(/usr/local/texlive/2026/texmf-dist/tex/latex/jknapltx/mathrsfs.sty
Package: mathrsfs 1996/01/01 Math RSFS package v1.0 (jk)
\symrsfs=\mathgroup9
)
(/usr/local/texlive/2026/texmf-dist/tex/latex/xcolor/xcolor.sty
Package: xcolor 2024/09/29 v3.02 LaTeX color extensions (UK)

(/usr/local/texlive/2026/texmf-dist/tex/latex/graphics-cfg/color.cfg
File: color.cfg 2016/01/02 v1.6 sample color configuration
)
Package xcolor Info: Driver file: pdftex.def on input line 274.

(/usr/local/texlive/2026/texmf-dist/tex/latex/graphics-def/pdftex.def
File: pdftex.def 2025/09/29 v1.2d Graphics/color driver for pdftex
)
(/usr/local/texlive/2026/texmf-dist/tex/latex/graphics/mathcolor.ltx)
Package xcolor Info: Model `cmy' substituted by `cmy0' on input line 1349.
Package xcolor Info: Model `hsb' substituted by `rgb' on input line 1353.
Package xcolor Info: Model `RGB' extended on input line 1365.
Package xcolor Info: Model `HTML' substituted by `rgb' on input line 1367.
Package xcolor Info: Model `Hsb' substituted by `hsb' on input line 1368.
Package xcolor Info: Model `tHsb' substituted by `hsb' on input line 1369.
Package xcolor Info: Model `HSB' substituted by `hsb' on input line 1370.
Package xcolor Info: Model `Gray' substituted by `gray' on input line 1371.
Package xcolor Info: Model `wave' substituted by `hsb' on input line 1372.
)
(/usr/local/texlive/2026/texmf-dist/tex/latex/cancel/cancel.sty
Package: cancel 2013/04/12 v2.2 Cancel math terms
)
(/usr/local/texlive/2026/texmf-dist/tex/latex/graphics/graphicx.sty
Package: graphicx 2024/12/31 v1.2e Enhanced LaTeX Graphics (DPC,SPQR)

(/usr/local/texlive/2026/texmf-dist/tex/latex/graphics/graphics.sty
Package: graphics 2024/08/06 v1.4g Standard LaTeX Graphics (DPC,SPQR)

(/usr/local/texlive/2026/texmf-dist/tex/latex/graphics/trig.sty
Package: trig 2023/12/02 v1.11 sin cos tan (DPC)
)
(/usr/local/texlive/2026/texmf-dist/tex/latex/graphics-cfg/graphics.cfg
File: graphics.cfg 2016/06/04 v1.11 sample graphics configuration
)
Package graphics Info: Driver file: pdftex.def on input line 106.
)
\Gin@req@height=\dimen168
\Gin@req@width=\dimen169
)
(/usr/local/texlive/2026/texmf-dist/tex/latex/epstopdf-pkg/epstopdf.sty
Package: epstopdf 2020-01-24 v2.11 Conversion with epstopdf on the fly (HO)

(/usr/local/texlive/2026/texmf-dist/tex/generic/infwarerr/infwarerr.sty
Package: infwarerr 2019/12/03 v1.5 Providing info/warning/error messages (HO)
)
(/usr/local/texlive/2026/texmf-dist/tex/latex/grfext/grfext.sty
Package: grfext 2019/12/03 v1.3 Manage graphics extensions (HO)

(/usr/local/texlive/2026/texmf-dist/tex/generic/kvdefinekeys/kvdefinekeys.sty
Package: kvdefinekeys 2019-12-19 v1.6 Define keys (HO)
)) (/usr/local/texlive/2026/texmf-dist/tex/latex/kvoptions/kvoptions.sty
Package: kvoptions 2022-06-15 v3.15 Key value format for package options (HO)

(/usr/local/texlive/2026/texmf-dist/tex/generic/ltxcmds/ltxcmds.sty
Package: ltxcmds 2023-12-04 v1.26 LaTeX kernel commands for general use (HO)
)
(/usr/local/texlive/2026/texmf-dist/tex/latex/kvsetkeys/kvsetkeys.sty
Package: kvsetkeys 2022-10-05 v1.19 Key value parser (HO)
))
(/usr/local/texlive/2026/texmf-dist/tex/generic/pdftexcmds/pdftexcmds.sty
Package: pdftexcmds 2020-06-27 v0.33 Utility functions of pdfTeX for LuaTeX (HO
)
Package pdftexcmds Info: \pdf@primitive is available.
Package pdftexcmds Info: \pdf@ifprimitive is available.
Package pdftexcmds Info: \pdfdraftmode found.
)
(/usr/local/texlive/2026/texmf-dist/tex/latex/epstopdf-pkg/epstopdf-base.sty
Package: epstopdf-base 2020-01-24 v2.11 Base part for package epstopdf
Package epstopdf-base Info: Redefining graphics rule for `.eps' on input line 4
85.
Package grfext Info: Graphics extension search list:
(grfext)             [.pdf,.png,.jpg,.mps,.jpeg,.jbig2,.jb2,.PDF,.PNG,.JPG,.JPE
G,.JBIG2,.JB2,.eps]
(grfext)             \AppendGraphicsExtensions on input line 504.

(/usr/local/texlive/2026/texmf-dist/tex/latex/latexconfig/epstopdf-sys.cfg
File: epstopdf-sys.cfg 2010/07/13 v1.3 Configuration of (r)epstopdf for TeX Liv
e
)))
(/usr/local/texlive/2026/texmf-dist/tex/latex/caption/subcaption.sty
Package: subcaption 2023/07/28 v1.6b Sub-captions (AR)

(/usr/local/texlive/2026/texmf-dist/tex/latex/caption/caption.sty
Package: caption 2023/08/05 v3.6o Customizing captions (AR)

(/usr/local/texlive/2026/texmf-dist/tex/latex/caption/caption3.sty
Package: caption3 2023/07/31 v2.4d caption3 kernel (AR)
\caption@tempdima=\dimen170
\captionmargin=\dimen171
\caption@leftmargin=\dimen172
\caption@rightmargin=\dimen173
\caption@width=\dimen174
\caption@indent=\dimen175
\caption@parindent=\dimen176
\caption@hangindent=\dimen177
Package caption Info: Standard document class detected.
)
\c@caption@flags=\count305
\c@continuedfloat=\count306
)
Package caption Info: New subtype `subfigure' on input line 238.
\c@subfigure=\count307
Package caption Info: New subtype `subtable' on input line 238.
\c@subtable=\count308
)
(/usr/local/texlive/2026/texmf-dist/tex/latex/listings/listings.sty
\lst@mode=\count309
\lst@gtempboxa=\box56
\lst@token=\toks29
\lst@length=\count310
\lst@currlwidth=\dimen178
\lst@column=\count311
\lst@pos=\count312
\lst@lostspace=\dimen179
\lst@width=\dimen180
\lst@newlines=\count313
\lst@lineno=\count314
\lst@maxwidth=\dimen181

(/usr/local/texlive/2026/texmf-dist/tex/latex/listings/lstpatch.sty
File: lstpatch.sty 2025/11/14 1.11b (Carsten Heinz)
)
(/usr/local/texlive/2026/texmf-dist/tex/latex/listings/lstmisc.sty
File: lstmisc.sty 2025/11/14 1.11b (Carsten Heinz)
\c@lstnumber=\count315
\lst@skipnumbers=\count316
\lst@framebox=\box57
)
(/usr/local/texlive/2026/texmf-dist/tex/latex/listings/listings.cfg
File: listings.cfg 2025/11/14 1.11b listings configuration
))
Package: listings 2025/11/14 1.11b (Carsten Heinz)

==> First Aid for listings.sty no longer applied!
    Expected:
        2024/09/23 1.10c (Carsten Heinz)
    but found:
        2025/11/14 1.11b (Carsten Heinz)
    so I'm assuming it got fixed.
(/usr/local/texlive/2026/texmf-dist/tex/latex/titlesec/titlesec.sty
Package: titlesec 2025/01/04 v2.17 Sectioning titles
\ttl@box=\box58
\beforetitleunit=\skip55
\aftertitleunit=\skip56
\ttl@plus=\dimen182
\ttl@minus=\dimen183
\ttl@toksa=\toks30
\titlewidth=\dimen184
\titlewidthlast=\dimen185
\titlewidthfirst=\dimen186
)
(/usr/local/texlive/2026/texmf-dist/tex/latex/titlesec/titletoc.sty
Package: titletoc 2025/01/04 v2.17 TOC entries
\ttl@leftsep=\dimen187
)
(/usr/local/texlive/2026/texmf-dist/tex/latex/fancyhdr/fancyhdr.sty
Package: fancyhdr 2025/02/07 v5.2 Extensive control of page headers and footers

\f@nch@headwidth=\skip57
\f@nch@offset@elh=\skip58
\f@nch@offset@erh=\skip59
\f@nch@offset@olh=\skip60
\f@nch@offset@orh=\skip61
\f@nch@offset@elf=\skip62
\f@nch@offset@erf=\skip63
\f@nch@offset@olf=\skip64
\f@nch@offset@orf=\skip65
\f@nch@height=\skip66
\f@nch@footalignment=\skip67
\f@nch@widthL=\skip68
\f@nch@widthC=\skip69
\f@nch@widthR=\skip70
\@temptokenb=\toks31
)
(/usr/local/texlive/2026/texmf-dist/tex/latex/lineno/lineno.sty
Package: lineno 2026/03/08 line numbers on paragraphs v5.9
\linenopenalty=\count317
\output=\toks32
\linenoprevgraf=\count318
\linenumbersep=\dimen188
\linenumberwidth=\dimen189
\c@linenumber=\count319
\c@pagewiselinenumber=\count320
\c@LN@truepage=\count321
\c@internallinenumber=\count322
\c@internallinenumbers=\count323
\quotelinenumbersep=\dimen190
\bframerule=\dimen191
\bframesep=\dimen192
\bframebox=\box59
\@LN@amsmath@ams@eqpen=\count324
)
(/usr/local/texlive/2026/texmf-dist/tex/latex/epigraph/epigraph.sty
Package: epigraph 2020/01/02 v1.5e typesetting epigraphs

(/usr/local/texlive/2026/texmf-dist/tex/latex/nextpage/nextpage.sty
Package: nextpage 2009/09/03 v1.1a additional page commands
)
\beforeepigraphskip=\skip71
\afterepigraphskip=\skip72
\epigraphwidth=\skip73
\epigraphrule=\skip74
)
(/usr/local/texlive/2026/texmf-dist/tex/latex/hyperref/hyperref.sty
Package: hyperref 2026-01-29 v7.01p Hypertext links for LaTeX

(/usr/local/texlive/2026/texmf-dist/tex/generic/pdfescape/pdfescape.sty
Package: pdfescape 2019/12/09 v1.15 Implements pdfTeX's escape features (HO)
)
(/usr/local/texlive/2026/texmf-dist/tex/latex/hycolor/hycolor.sty
Package: hycolor 2020-01-27 v1.10 Color options for hyperref/bookmark (HO)
)
(/usr/local/texlive/2026/texmf-dist/tex/latex/hyperref/nameref.sty
Package: nameref 2026-01-29 v2.58 Cross-referencing by name of section

(/usr/local/texlive/2026/texmf-dist/tex/latex/refcount/refcount.sty
Package: refcount 2019/12/15 v3.6 Data extraction from label references (HO)
)
(/usr/local/texlive/2026/texmf-dist/tex/generic/gettitlestring/gettitlestring.s
ty
Package: gettitlestring 2019/12/15 v1.6 Cleanup title references (HO)
)
\c@section@level=\count325
) (/usr/local/texlive/2026/texmf-dist/tex/generic/stringenc/stringenc.sty
Package: stringenc 2019/11/29 v1.12 Convert strings between diff. encodings (HO
)
)
\@linkdim=\dimen193
\Hy@linkcounter=\count326
\Hy@pagecounter=\count327

(/usr/local/texlive/2026/texmf-dist/tex/latex/hyperref/pd1enc.def
File: pd1enc.def 2026-01-29 v7.01p Hyperref: PDFDocEncoding definition (HO)
Now handling font encoding PD1 ...
... no UTF-8 mapping file for font encoding PD1
)
(/usr/local/texlive/2026/texmf-dist/tex/generic/intcalc/intcalc.sty
Package: intcalc 2019/12/15 v1.3 Expandable calculations with integers (HO)
)
\Hy@SavedSpaceFactor=\count328

(/usr/local/texlive/2026/texmf-dist/tex/latex/hyperref/puenc.def
File: puenc.def 2026-01-29 v7.01p Hyperref: PDF Unicode definition (HO)
Now handling font encoding PU ...
... no UTF-8 mapping file for font encoding PU
)
Package hyperref Info: Option `colorlinks' set `true' on input line 4072.
Package hyperref Info: Hyper figures OFF on input line 4201.
Package hyperref Info: Link nesting OFF on input line 4206.
Package hyperref Info: Hyper index ON on input line 4209.
Package hyperref Info: Plain pages OFF on input line 4216.
Package hyperref Info: Backreferencing OFF on input line 4221.
Package hyperref Info: Implicit mode ON; LaTeX internals redefined.
Package hyperref Info: Bookmarks ON on input line 4468.
\c@Hy@tempcnt=\count329

(/usr/local/texlive/2026/texmf-dist/tex/latex/url/url.sty
\Urlmuskip=\muskip18
Package: url 2013/09/16  ver 3.4  Verb mode for urls, etc.
)
LaTeX Info: Redefining \url on input line 4807.
\XeTeXLinkMargin=\dimen194

(/usr/local/texlive/2026/texmf-dist/tex/generic/bitset/bitset.sty
Package: bitset 2019/12/09 v1.3 Handle bit-vector datatype (HO)

(/usr/local/texlive/2026/texmf-dist/tex/generic/bigintcalc/bigintcalc.sty
Package: bigintcalc 2019/12/15 v1.5 Expandable calculations on big integers (HO
)
))
\Fld@menulength=\count330
\Field@Width=\dimen195
\Fld@charsize=\dimen196
Package hyperref Info: Hyper figures OFF on input line 6084.
Package hyperref Info: Link nesting OFF on input line 6089.
Package hyperref Info: Hyper index ON on input line 6092.
Package hyperref Info: backreferencing OFF on input line 6099.
Package hyperref Info: Link coloring ON on input line 6102.
Package hyperref Info: Link coloring with OCG OFF on input line 6109.
Package hyperref Info: PDF/A mode OFF on input line 6114.
\Hy@abspage=\count331
\c@Item=\count332
\c@Hfootnote=\count333
)
Package hyperref Info: Driver (autodetected): hpdftex.

(/usr/local/texlive/2026/texmf-dist/tex/latex/hyperref/hpdftex.def
File: hpdftex.def 2026-01-29 v7.01p Hyperref driver for pdfTeX
\Fld@listcount=\count334
\c@bookmark@seq@number=\count335

(/usr/local/texlive/2026/texmf-dist/tex/latex/rerunfilecheck/rerunfilecheck.sty
Package: rerunfilecheck 2025-06-21 v1.11 Rerun checks for auxiliary files (HO)

(/usr/local/texlive/2026/texmf-dist/tex/generic/uniquecounter/uniquecounter.sty
Package: uniquecounter 2019/12/15 v1.4 Provide unlimited unique counter (HO)
)
Package uniquecounter Info: New unique counter `rerunfilecheck' on input line 2
84.
)
\Hy@SectionHShift=\skip75
) (/usr/local/texlive/2026/texmf-dist/tex/latex/natbib/natbib.sty
Package: natbib 2010/09/13 8.31b (PWD, AO)
\bibhang=\skip76
\bibsep=\skip77
LaTeX Info: Redefining \cite on input line 694.
\c@NAT@ctr=\count336
)
(/usr/local/texlive/2026/texmf-dist/tex/latex/braket/braket.sty)
(/usr/local/texlive/2026/texmf-dist/tex/latex/datetime/datetime.sty
Package: datetime 2015/03/20 v2.60 Date Time Package

(/usr/local/texlive/2026/texmf-dist/tex/latex/fmtcount/fmtcount.sty
Package: fmtcount 2025/12/02 v3.12 Displaying the values of LaTeX counters (NT,
VB,NE)

(/usr/local/texlive/2026/texmf-dist/tex/latex/base/ifthen.sty
Package: ifthen 2024/03/16 v1.1e Standard LaTeX ifthen package (DPC)
)
(/usr/local/texlive/2026/texmf-dist/tex/latex/xkeyval/xkeyval.sty
Package: xkeyval 2025/11/04 v2.10 package option processing (HA)

(/usr/local/texlive/2026/texmf-dist/tex/generic/xkeyval/xkeyval.tex
(/usr/local/texlive/2026/texmf-dist/tex/generic/xkeyval/xkvutils.tex
\XKV@toks=\toks33
\XKV@tempa@toks=\toks34
\XKV@tempb@toks=\toks35
)
\XKV@depth=\count337
File: xkeyval.tex 2014/12/03 v2.7a key=value parser (HA)
))
(/usr/local/texlive/2026/texmf-dist/tex/latex/fmtcount/fcprefix.sty
Package: fcprefix 2012/09/28

(/usr/local/texlive/2026/texmf-dist/tex/latex/fmtcount/fcnumparser.sty
Package: fcnumparser 2017/06/15
\fc@digit@counter=\count338
))
\c@padzeroesN=\count339
\fc@tmpcatcode=\count340

(/usr/local/texlive/2026/texmf-dist/tex/latex/fmtcount/fc-english.def
File: fc-english.def 2016/01/12
)
(/usr/local/texlive/2026/texmf-dist/tex/latex/fmtcount/fc-spanish.def
File: fc-spanish.def 2016/01/12
)
\@DT@modctr=\count341
\@ordinalctr=\count342
\@orgargctr=\count343
\@strctr=\count344
\@tmpstrctr=\count345
\@DT@loopN=\count346
\@DT@X=\count347
)
(/usr/local/texlive/2026/texmf-dist/tex/latex/datetime/datetime-defaults.sty
Package: datetime-defaults 2013/09/10
)
\@day=\count348
\@month=\count349
\@year=\count350
\c@HOUR=\count351
\c@HOURXII=\count352
\c@MINUTE=\count353
\c@TOHOUR=\count354
\c@TOMINUTE=\count355
\c@SECOND=\count356
\currenthour=\count357
\currentminute=\count358
\currentsecond=\count359
Package datetime Info: No datetime.cfg file found, using default settings on in
put line 308.

(/usr/local/texlive/2026/texmf-dist/tex/latex/datetime/dt-spanish.def
File: dt-spanish.def 2013/09/10
LaTeX Info: Redefining \datespanish on input line 85.
)
\@dtctr=\count360
\dayofyear=\count361
\dayofweek=\count362
LaTeX Info: Redefining \today on input line 736.
\dt@a=\toks36
\dt@b=\toks37
)
(/usr/local/texlive/2026/texmf-dist/tex/latex/cite/chapterbib.sty
\c@inputfile=\count363
Package: chapterbib 2010/09/18  v 1.17
)
\c@myteo=\count364
\c@myDef=\count365
\c@myPrinciple=\count366
\c@Assumption=\count367

(/usr/local/texlive/2026/texmf-dist/tex/latex/l3backend/l3backend-pdftex.def
File: l3backend-pdftex.def 2025-10-09 L3 backend support: PDF output (pdfTeX)
\l__color_backend_stack_int=\count368
)
(out/main.aux)
\openout1 = `main.aux'.

LaTeX Font Info:    Checking defaults for OML/cmm/m/it on input line 85.
LaTeX Font Info:    ... okay on input line 85.
LaTeX Font Info:    Checking defaults for OMS/cmsy/m/n on input line 85.
LaTeX Font Info:    ... okay on input line 85.
LaTeX Font Info:    Checking defaults for OT1/cmr/m/n on input line 85.
LaTeX Font Info:    ... okay on input line 85.
LaTeX Font Info:    Checking defaults for T1/cmr/m/n on input line 85.
LaTeX Font Info:    ... okay on input line 85.
LaTeX Font Info:    Checking defaults for TS1/cmr/m/n on input line 85.
LaTeX Font Info:    ... okay on input line 85.
LaTeX Font Info:    Checking defaults for OMX/cmex/m/n on input line 85.
LaTeX Font Info:    ... okay on input line 85.
LaTeX Font Info:    Checking defaults for U/cmr/m/n on input line 85.
LaTeX Font Info:    ... okay on input line 85.
LaTeX Font Info:    Checking defaults for PD1/pdf/m/n on input line 85.
LaTeX Font Info:    ... okay on input line 85.
LaTeX Font Info:    Checking defaults for PU/pdf/m/n on input line 85.
LaTeX Font Info:    ... okay on input line 85.
LaTeX Info: Redefining \microtypecontext on input line 85.
Package microtype Info: Applying patch `item' on input line 85.
Package microtype Info: Applying patch `eqnum' on input line 85.
Package microtype Info: Applying patch `footnote' on input line 85.
Package microtype Info: Applying patch `verbatim' on input line 85.
LaTeX Info: Redefining \microtypesetup on input line 85.
Package microtype Info: Generating PDF output.
Package microtype Info: Character protrusion enabled (level 2).
Package microtype Info: Using default protrusion set `alltext'.
Package microtype Info: Automatic font expansion enabled (level 2),
(microtype)             stretch: 20, shrink: 20, step: 1, non-selected.
Package microtype Info: Using default expansion set `alltext-nott'.
Package microtype Info: Patching command `\showhyphens'.
Package microtype Info: No adjustment of tracking.
Package microtype Info: No adjustment of interword spacing.
Package microtype Info: No adjustment of character kerning.

(/usr/local/texlive/2026/texmf-dist/tex/latex/microtype/mt-cmr.cfg
File: mt-cmr.cfg 2013/05/19 v2.2 microtype config. file: Computer Modern Roman 
(RS)
)
*geometry* driver: auto-detecting
*geometry* detected driver: pdftex
*geometry* verbose mode - [ preamble ] result:
* driver: pdftex
* paper: letterpaper
* layout: <same size as paper>
* layoutoffset:(h,v)=(0.0pt,0.0pt)
* modes: twoside 
* h-part:(L,W,R)=(57.81598pt, 469.75499pt, 86.72403pt)
* v-part:(T,H,B)=(86.724pt, 578.15999pt, 130.086pt)
* \paperwidth=614.295pt
* \paperheight=794.96999pt
* \textwidth=469.75499pt
* \textheight=578.15999pt
* \oddsidemargin=-14.45401pt
* \evensidemargin=14.45404pt
* \topmargin=-25.41978pt
* \headheight=20.0pt
* \headsep=19.8738pt
* \topskip=11.0pt
* \footskip=27.46295pt
* \marginparwidth=116.0pt
* \marginparsep=7.0pt
* \columnsep=10.0pt
* \skip\footins=10.0pt plus 4.0pt minus 2.0pt
* \hoffset=0.0pt
* \voffset=0.0pt
* \mag=1000
* \@twocolumnfalse
* \@twosidetrue
* \@mparswitchtrue
* \@reversemarginfalse
* (1in=72.27pt=25.4mm, 1cm=28.453pt)

(/usr/local/texlive/2026/texmf-dist/tex/context/base/mkii/supp-pdf.mkii
[Loading MPS to PDF converter (version 2006.09.02).]
\scratchcounter=\count369
\scratchdimen=\dimen197
\scratchbox=\box60
\nofMPsegments=\count370
\nofMParguments=\count371
\everyMPshowfont=\toks38
\MPscratchCnt=\count372
\MPscratchDim=\dimen198
\MPnumerator=\count373
\makeMPintoPDFobject=\count374
\everyMPtoPDFconversion=\toks39
)
Package caption Info: Begin \AtBeginDocument code.
Package caption Info: hyperref package is loaded.
Package caption Info: listings package is loaded.
Package caption Info: End \AtBeginDocument code.
\c@lstlisting=\count375
Package hyperref Info: Link coloring ON on input line 85.
 (out/main.out) (out/main.out)
\@outlinefile=\write3
\openout3 = `main.out'.

Package hyperref Info: Option `pageanchor' set `false' on input line 88.
LaTeX Font Info:    Trying to load font information for U+msa on input line 98.


(/usr/local/texlive/2026/texmf-dist/tex/latex/amsfonts/umsa.fd
File: umsa.fd 2013/01/14 v3.01 AMS symbols A
)
(/usr/local/texlive/2026/texmf-dist/tex/latex/microtype/mt-msa.cfg
File: mt-msa.cfg 2006/02/04 v1.1 microtype config. file: AMS symbols (a) (RS)
)
LaTeX Font Info:    Trying to load font information for U+msb on input line 98.


(/usr/local/texlive/2026/texmf-dist/tex/latex/amsfonts/umsb.fd
File: umsb.fd 2013/01/14 v3.01 AMS symbols B
)
(/usr/local/texlive/2026/texmf-dist/tex/latex/microtype/mt-msb.cfg
File: mt-msb.cfg 2005/06/01 v1.0 microtype config. file: AMS symbols (b) (RS)
)
LaTeX Font Info:    Trying to load font information for U+rsfs on input line 98
.

(/usr/local/texlive/2026/texmf-dist/tex/latex/jknapltx/ursfs.fd
File: ursfs.fd 1998/03/24 rsfs font definition file (jk)
) [1



{/usr/local/texlive/2026/texmf-var/fonts/map/pdftex/updmap/pdftex.map}{/usr/loc
al/texlive/2026/texmf-dist/fonts/enc/dvips/cm-super/cm-super-t1.enc}] [2

]
<Figures/LoGOTS.png, id=583, 668.4975pt x 376.40625pt>
File: Figures/LoGOTS.png Graphic file (type png)
<use Figures/LoGOTS.png>
Package pdftex.def Info: Figures/LoGOTS.png  used on input line 108.
(pdftex.def)             Requested size: 187.89912pt x 105.80081pt.
<Figures/logouis.png, id=585, 1196.47pt x 596.2275pt>
File: Figures/logouis.png Graphic file (type png)
<use Figures/logouis.png>
Package pdftex.def Info: Figures/logouis.png  used on input line 112.
(pdftex.def)             Requested size: 187.89912pt x 93.63339pt.
 [1

 <./Figures/LoGOTS.png> <./Figures/logouis.png>] [2]
Package hyperref Info: Option `pageanchor' set `true' on input line 140.
 (out/main.toc [3

]
Overfull \hbox (8.51596pt too wide) in paragraph at lines 56--56
 [][] [][][]\T1/cmr/m/n/10.95 (-20) Monochromatic and de-ter-min-is-tic for-mu-
la-tion: Jones spinors and the po-lar-iza-tion 
 []

[4] [5] [6])
\tf@toc=\write4
\openout4 = `main.toc'.

 [7] [8

] (out/main.lof [9] [10] [11] [12{/usr/local/texlive/2026/texmf-dist/fonts/enc/
dvips/cm-super/cm-super-ts1.enc}] [13] [14])
\tf@lof=\write5
\openout5 = `main.lof'.

 [15] [16

]
(./Abstract/abstract.tex) [1] [2

]
Chapter 1.
[3] (./Chapter 1/chap1.tex
Underfull \hbox (badness 10000) in paragraph at lines 5--6

 []


Underfull \hbox (badness 10000) in paragraph at lines 7--9

 []


Underfull \hbox (badness 10000) in paragraph at lines 14--15

 []

[4

]
Underfull \hbox (badness 10000) in paragraph at lines 16--17

 []


Underfull \hbox (badness 10000) in paragraph at lines 18--19

 []


Underfull \hbox (badness 10000) in paragraph at lines 20--21

 []


Underfull \hbox (badness 10000) in paragraph at lines 22--23

 []


Underfull \hbox (badness 10000) in paragraph at lines 24--25

 []

[5]
Underfull \hbox (badness 10000) in paragraph at lines 26--27

 []


Underfull \hbox (badness 10000) in paragraph at lines 28--29

 []


Underfull \hbox (badness 10000) in paragraph at lines 30--31

 []


Underfull \hbox (badness 10000) in paragraph at lines 32--33

 []

[6]
Underfull \hbox (badness 10000) in paragraph at lines 34--35

 []


Underfull \hbox (badness 10000) in paragraph at lines 43--44

 []

[7]
Underfull \hbox (badness 10000) in paragraph at lines 45--46

 []


Underfull \hbox (badness 10000) in paragraph at lines 49--50

 []


Underfull \hbox (badness 10000) in paragraph at lines 51--52

 []


Underfull \hbox (badness 10000) in paragraph at lines 57--58

 []

[8]
Underfull \hbox (badness 10000) in paragraph at lines 61--62

 []


Underfull \hbox (badness 10000) in paragraph at lines 67--68

 []


Underfull \hbox (badness 10000) in paragraph at lines 69--70

 []

[9]
Underfull \hbox (badness 10000) in paragraph at lines 73--74

 []


Underfull \hbox (badness 10000) in paragraph at lines 75--76

 []


Underfull \hbox (badness 10000) in paragraph at lines 77--78

 []

[10]
Underfull \hbox (badness 10000) in paragraph at lines 79--80

 []


Underfull \hbox (badness 10000) in paragraph at lines 83--84

 []


Underfull \hbox (badness 10000) in paragraph at lines 85--86

 []


Underfull \hbox (badness 10000) in paragraph at lines 87--88

 []

[11]
Underfull \hbox (badness 10000) in paragraph at lines 89--90

 []


Underfull \hbox (badness 10000) in paragraph at lines 91--92

 []


Underfull \hbox (badness 10000) in paragraph at lines 93--94

 []


Underfull \hbox (badness 10000) in paragraph at lines 95--96

 []


Underfull \hbox (badness 10000) in paragraph at lines 97--98

 []


Underfull \hbox (badness 10000) in paragraph at lines 99--100

 []

[12]
Underfull \hbox (badness 10000) in paragraph at lines 105--106

 []


Underfull \hbox (badness 10000) in paragraph at lines 107--108

 []


Underfull \hbox (badness 10000) in paragraph at lines 109--110

 []

[13]
Underfull \hbox (badness 10000) in paragraph at lines 113--114

 []


Underfull \hbox (badness 10000) in paragraph at lines 117--118

 []


Underfull \hbox (badness 10000) in paragraph at lines 121--122

 []

) [14]
Chapter 2.
[15

] (./Chapter 2/chap2.tex
Underfull \hbox (badness 10000) in paragraph at lines 20--21

 []


Underfull \hbox (badness 10000) in paragraph at lines 22--23

 []


Underfull \hbox (badness 10000) in paragraph at lines 24--25

 []


Underfull \hbox (badness 10000) in paragraph at lines 26--27

 []

[16

]
Underfull \hbox (badness 10000) in paragraph at lines 28--29

 []


Underfull \hbox (badness 10000) in paragraph at lines 30--31

 []


Underfull \hbox (badness 10000) in paragraph at lines 32--33

 []


Underfull \hbox (badness 10000) in paragraph at lines 34--35

 []


Underfull \hbox (badness 10000) in paragraph at lines 36--37

 []


Underfull \hbox (badness 10000) in paragraph at lines 38--39

 []

<Chapter 2/Figures/Fizeau.pdf, id=1232, 2347.61295pt x 1330.83134pt>
File: Chapter 2/Figures/Fizeau.pdf Graphic file (type pdf)
<use Chapter 2/Figures/Fizeau.pdf>
Package pdftex.def Info: Chapter 2/Figures/Fizeau.pdf  used on input line 44.
(pdftex.def)             Requested size: 422.77661pt x 239.66115pt.

Underfull \hbox (badness 10000) in paragraph at lines 49--50

 []

[17]
Underfull \hbox (badness 10000) in paragraph at lines 51--52

 []


Underfull \hbox (badness 10000) in paragraph at lines 53--54

 []

[18 <./Chapter 2/Figures/Fizeau.pdf>]
Underfull \hbox (badness 10000) in paragraph at lines 79--81

 []

[19]
<Chapter 2/Figures/DarkRoom.pdf, id=1276, 2357.66833pt x 1008.77567pt>
File: Chapter 2/Figures/DarkRoom.pdf Graphic file (type pdf)
<use Chapter 2/Figures/DarkRoom.pdf>
Package pdftex.def Info: Chapter 2/Figures/DarkRoom.pdf  used on input line 86.

(pdftex.def)             Requested size: 422.77661pt x 180.8791pt.
 [20 <./Chapter 2/Figures/DarkRoom.pdf>]
Underfull \hbox (badness 10000) in paragraph at lines 152--153

 []

[21]
<Chapter 2/Figures/indicerefracciongeo.pdf, id=1312, 493.29323pt x 292.3054pt>
File: Chapter 2/Figures/indicerefracciongeo.pdf Graphic file (type pdf)
<use Chapter 2/Figures/indicerefracciongeo.pdf>
Package pdftex.def Info: Chapter 2/Figures/indicerefracciongeo.pdf  used on inp
ut line 158.
(pdftex.def)             Requested size: 375.80542pt x 222.68964pt.
 [22 <./Chapter 2/Figures/indicerefracciongeo.pdf>]
Underfull \hbox (badness 10000) in paragraph at lines 213--214

 []

[23]
<Chapter 2/Figures/SnellDescartes.pdf, id=1333, 2119.01894pt x 1421.57564pt>
File: Chapter 2/Figures/SnellDescartes.pdf Graphic file (type pdf)
<use Chapter 2/Figures/SnellDescartes.pdf>
Package pdftex.def Info: Chapter 2/Figures/SnellDescartes.pdf  used on input li
ne 221.
(pdftex.def)             Requested size: 422.77661pt x 283.61597pt.
 [24 <./Chapter 2/Figures/SnellDescartes.pdf>]
Underfull \hbox (badness 10000) in paragraph at lines 276--277

 []

[25]
Underfull \hbox (badness 10000) in paragraph at lines 278--279

 []

<Chapter 2/Figures/Mirror.pdf, id=1371, 347.28732pt x 316.06752pt>
File: Chapter 2/Figures/Mirror.pdf Graphic file (type pdf)
<use Chapter 2/Figures/Mirror.pdf>
Package pdftex.def Info: Chapter 2/Figures/Mirror.pdf  used on input line 284.
(pdftex.def)             Requested size: 234.87749pt x 213.7656pt.
<Chapter 2/Figures/NonRefract.pdf, id=1372, 337.82414pt x 198.44939pt>
File: Chapter 2/Figures/NonRefract.pdf Graphic file (type pdf)
<use Chapter 2/Figures/NonRefract.pdf>
Package pdftex.def Info: Chapter 2/Figures/NonRefract.pdf  used on input line 2
92.
(pdftex.def)             Requested size: 328.82706pt x 193.1679pt.

Underfull \hbox (badness 10000) in paragraph at lines 297--298

 []

[26 <./Chapter 2/Figures/Mirror.pdf>]
Underfull \hbox (badness 10000) in paragraph at lines 299--300

 []

[27 <./Chapter 2/Figures/NonRefract.pdf>]
<Chapter 2/Figures/n1>n2.pdf, id=1412, 553.24557pt x 401.88844pt>
File: Chapter 2/Figures/n1>n2.pdf Graphic file (type pdf)
<use Chapter 2/Figures/n1>n2.pdf>
Package pdftex.def Info: Chapter 2/Figures/n1>n2.pdf  used on input line 329.
(pdftex.def)             Requested size: 216.09044pt x 156.975pt.
<Chapter 2/Figures/n1<n2.pdf, id=1415, 557.70143pt x 401.70021pt>
File: Chapter 2/Figures/n1<n2.pdf Graphic file (type pdf)
<use Chapter 2/Figures/n1<n2.pdf>
Package pdftex.def Info: Chapter 2/Figures/n1<n2.pdf  used on input line 338.
(pdftex.def)             Requested size: 281.85585pt x 203.01329pt.

Underfull \hbox (badness 10000) in paragraph at lines 345--346

 []

[28 <./Chapter 2/Figures/n1>n2.pdf>]
<Chapter 2/Figures/OpticalSystem_1.pdf, id=1423, 642.39154pt x 364.00249pt>
File: Chapter 2/Figures/OpticalSystem_1.pdf Graphic file (type pdf)
<use Chapter 2/Figures/OpticalSystem_1.pdf>
Package pdftex.def Info: Chapter 2/Figures/OpticalSystem_1.pdf  used on input l
ine 363.
(pdftex.def)             Requested size: 211.3883pt x 119.78238pt.
<Chapter 2/Figures/OpticalSystem_2.pdf, id=1424, 642.3916pt x 364.00249pt>
File: Chapter 2/Figures/OpticalSystem_2.pdf Graphic file (type pdf)
<use Chapter 2/Figures/OpticalSystem_2.pdf>
Package pdftex.def Info: Chapter 2/Figures/OpticalSystem_2.pdf  used on input l
ine 365.
(pdftex.def)             Requested size: 211.3883pt x 119.78238pt.
<Chapter 2/Figures/OpticalSystem_3.pdf, id=1425, 599.51382pt x 339.70648pt>
File: Chapter 2/Figures/OpticalSystem_3.pdf Graphic file (type pdf)
<use Chapter 2/Figures/OpticalSystem_3.pdf>
Package pdftex.def Info: Chapter 2/Figures/OpticalSystem_3.pdf  used on input l
ine 372.
(pdftex.def)             Requested size: 234.87749pt x 133.09146pt.
<Chapter 2/Figures/OpticalSystem_4.pdf, id=1426, 1366.51398pt x 386.75014pt>
File: Chapter 2/Figures/OpticalSystem_4.pdf Graphic file (type pdf)
<use Chapter 2/Figures/OpticalSystem_4.pdf>
Package pdftex.def Info: Chapter 2/Figures/OpticalSystem_4.pdf  used on input l
ine 379.
(pdftex.def)             Requested size: 422.77661pt x 119.64934pt.

Underfull \hbox (badness 10000) in paragraph at lines 384--385

 []

[29 <./Chapter 2/Figures/n1<n2.pdf>]
Underfull \hbox (badness 10000) in paragraph at lines 386--387

 []


Underfull \hbox (badness 10000) in paragraph at lines 388--389

 []

[30 <./Chapter 2/Figures/OpticalSystem_1.pdf> <./Chapter 2/Figures/OpticalSyste
m_2.pdf> <./Chapter 2/Figures/OpticalSystem_3.pdf>]
<Chapter 2/Figures/Stigmatism.pdf, id=1532, 743.41724pt x 457.23386pt>
File: Chapter 2/Figures/Stigmatism.pdf Graphic file (type pdf)
<use Chapter 2/Figures/Stigmatism.pdf>
Package pdftex.def Info: Chapter 2/Figures/Stigmatism.pdf  used on input line 3
92.
(pdftex.def)             Requested size: 375.80542pt x 231.135pt.

Underfull \hbox (badness 10000) in paragraph at lines 398--399

 []


Underfull \hbox (badness 10000) in paragraph at lines 409--410

 []

[31 <./Chapter 2/Figures/OpticalSystem_4.pdf>]
<Chapter 2/Figures/AlmostOvoid.pdf, id=1598, 1878.9232pt x 664.22311pt>
File: Chapter 2/Figures/AlmostOvoid.pdf Graphic file (type pdf)
<use Chapter 2/Figures/AlmostOvoid.pdf>
Package pdftex.def Info: Chapter 2/Figures/AlmostOvoid.pdf  used on input line 
419.
(pdftex.def)             Requested size: 469.75499pt x 166.05537pt.
 [32 <./Chapter 2/Figures/Stigmatism.pdf>]
Overfull \hbox (17.526pt too wide) detected at line 454
\OML/cmm/m/it/10.95 n[] [] \OT1/cmr/m/n/10.95 + \OML/cmm/m/it/10.95 n[] [] \OMS
/cmsy/m/n/10.95 ^^@ \OT1/cmr/m/n/10.95 2\OML/cmm/m/it/10.95 n[]n[] [][] [][] \O
T1/cmr/m/n/10.95 = [][]
 []


Overfull \hbox (22.39264pt too wide) detected at line 460
\OML/cmm/m/it/10.95 n[] [] \OT1/cmr/m/n/10.95 + \OML/cmm/m/it/10.95 n[] [] \OMS
/cmsy/m/n/10.95 ^^@ [][] \OT1/cmr/m/n/10.95 = 2\OML/cmm/m/it/10.95 n[]n[] [][] 
[][] ;
 []

[33 <./Chapter 2/Figures/AlmostOvoid.pdf>]
Overfull \hbox (31.76677pt too wide) detected at line 488
[][] \OT1/cmr/m/n/10.95 = [][] + [][] + []\OML/cmm/m/it/10.95 ;
 []


Overfull \hbox (59.10602pt too wide) detected at line 500
[]
 []

[34] [35]
Overfull \hbox (11.77934pt too wide) detected at line 572
[]
 []

[36]
<Chapter 2/Figures/YoungWeirstrass.pdf, id=1678, 572.28307pt x 379.68492pt>
File: Chapter 2/Figures/YoungWeirstrass.pdf Graphic file (type pdf)
<use Chapter 2/Figures/YoungWeirstrass.pdf>
Package pdftex.def Info: Chapter 2/Figures/YoungWeirstrass.pdf  used on input l
ine 612.
(pdftex.def)             Requested size: 375.80542pt x 249.32983pt.
 [37] [38 <./Chapter 2/Figures/YoungWeirstrass.pdf>]
<Chapter 2/Figures/Ellipsoid.pdf, id=1704, 343.81865pt x 250.42145pt>
File: Chapter 2/Figures/Ellipsoid.pdf Graphic file (type pdf)
<use Chapter 2/Figures/Ellipsoid.pdf>
Package pdftex.def Info: Chapter 2/Figures/Ellipsoid.pdf  used on input line 68
3.
(pdftex.def)             Requested size: 281.85585pt x 205.29341pt.
 [39]
<Chapter 2/Figures/Ellipsoid2.pdf, id=1712, 386.51491pt x 286.18974pt>
File: Chapter 2/Figures/Ellipsoid2.pdf Graphic file (type pdf)
<use Chapter 2/Figures/Ellipsoid2.pdf>
Package pdftex.def Info: Chapter 2/Figures/Ellipsoid2.pdf  used on input line 7
06.
(pdftex.def)             Requested size: 375.80542pt x 278.26749pt.

Underfull \hbox (badness 10000) in paragraph at lines 711--712

 []

[40 <./Chapter 2/Figures/Ellipsoid.pdf>]
<Chapter 2/Figures/Ellipsoid3.pdf, id=1725, 428.49129pt x 286.5618pt>
File: Chapter 2/Figures/Ellipsoid3.pdf Graphic file (type pdf)
<use Chapter 2/Figures/Ellipsoid3.pdf>
Package pdftex.def Info: Chapter 2/Figures/Ellipsoid3.pdf  used on input line 7
40.
(pdftex.def)             Requested size: 422.77661pt x 282.75258pt.
 [41 <./Chapter 2/Figures/Ellipsoid2.pdf>]
<Chapter 2/Figures/Hyperboloid.pdf, id=1747, 275.63766pt x 275.63766pt>
File: Chapter 2/Figures/Hyperboloid.pdf Graphic file (type pdf)
<use Chapter 2/Figures/Hyperboloid.pdf>
Package pdftex.def Info: Chapter 2/Figures/Hyperboloid.pdf  used on input line 
767.
(pdftex.def)             Requested size: 234.87749pt x 234.88614pt.
 [42 <./Chapter 2/Figures/Ellipsoid3.pdf>]
<Chapter 2/Figures/Hyperboloid2.pdf, id=1765, 387.23828pt x 275.63766pt>
File: Chapter 2/Figures/Hyperboloid2.pdf Graphic file (type pdf)
<use Chapter 2/Figures/Hyperboloid2.pdf>
Package pdftex.def Info: Chapter 2/Figures/Hyperboloid2.pdf  used on input line
 786.
(pdftex.def)             Requested size: 375.80542pt x 267.5112pt.

Underfull \hbox (badness 10000) in paragraph at lines 791--792

 []

<Chapter 2/Figures/Hyperboloid3.pdf, id=1767, 400.65042pt x 275.63763pt>
File: Chapter 2/Figures/Hyperboloid3.pdf Graphic file (type pdf)
<use Chapter 2/Figures/Hyperboloid3.pdf>
Package pdftex.def Info: Chapter 2/Figures/Hyperboloid3.pdf  used on input line
 809.
(pdftex.def)             Requested size: 375.80542pt x 258.55684pt.
[43 <./Chapter 2/Figures/Hyperboloid.pdf>] [44 <./Chapter 2/Figures/Hyperboloid
2.pdf>] [45 <./Chapter 2/Figures/Hyperboloid3.pdf>]
<Chapter 2/Figures/EllipsoidalMirror.pdf, id=1800, 2371.3606pt x 1312.77892pt>
File: Chapter 2/Figures/EllipsoidalMirror.pdf Graphic file (type pdf)
<use Chapter 2/Figures/EllipsoidalMirror.pdf>
Package pdftex.def Info: Chapter 2/Figures/EllipsoidalMirror.pdf  used on input
 line 845.
(pdftex.def)             Requested size: 375.80542pt x 208.04578pt.
 [46 <./Chapter 2/Figures/EllipsoidalMirror.pdf>]
<Chapter 2/Figures/HyperboloidMirror.pdf, id=1815, 3146.48032pt x 2195.26178pt>

File: Chapter 2/Figures/HyperboloidMirror.pdf Graphic file (type pdf)
<use Chapter 2/Figures/HyperboloidMirror.pdf>
Package pdftex.def Info: Chapter 2/Figures/HyperboloidMirror.pdf  used on input
 line 885.
(pdftex.def)             Requested size: 375.80542pt x 262.18066pt.
 [47] [48 <./Chapter 2/Figures/HyperboloidMirror.pdf>]
<Chapter 2/Figures/ParaboloidMirror.pdf, id=1846, 2165.88788pt x 1978.16507pt>
File: Chapter 2/Figures/ParaboloidMirror.pdf Graphic file (type pdf)
<use Chapter 2/Figures/ParaboloidMirror.pdf>
Package pdftex.def Info: Chapter 2/Figures/ParaboloidMirror.pdf  used on input 
line 916.
(pdftex.def)             Requested size: 375.80542pt x 343.22601pt.

[49] [50 <./Chapter 2/Figures/ParaboloidMirror.pdf>] [51]
<Chapter 2/Figures/SuperconicGeometry.pdf, id=1891, 1801.45924pt x 967.15883pt>

File: Chapter 2/Figures/SuperconicGeometry.pdf Graphic file (type pdf)
<use Chapter 2/Figures/SuperconicGeometry.pdf>
Package pdftex.def Info: Chapter 2/Figures/SuperconicGeometry.pdf  used on inpu
t line 1011.
(pdftex.def)             Requested size: 399.2946pt x 214.36943pt.
 [52] [53 <./Chapter 2/Figures/SuperconicGeometry.pdf>] [54]
<Chapter 2/Figures/CartesianSurfaces.pdf, id=1920, 794.97pt x 216.81pt>
File: Chapter 2/Figures/CartesianSurfaces.pdf Graphic file (type pdf)
<use Chapter 2/Figures/CartesianSurfaces.pdf>
Package pdftex.def Info: Chapter 2/Figures/CartesianSurfaces.pdf  used on input
 line 1078.
(pdftex.def)             Requested size: 469.75499pt x 128.11859pt.
<Chapter 2/Figures/OvoidTable.png, id=1924, 1239.63126pt x 707.64375pt>
File: Chapter 2/Figures/OvoidTable.png Graphic file (type png)
<use Chapter 2/Figures/OvoidTable.png>
Package pdftex.def Info: Chapter 2/Figures/OvoidTable.png  used on input line 1
087.
(pdftex.def)             Requested size: 469.75499pt x 268.15158pt.
 [55 <./Chapter 2/Figures/CartesianSurfaces.pdf>] [56 <./Chapter 2/Figures/Ovoi
dTable.png (PNG copy)>] [57] [58]
[59]
<Chapter 2/Figures/SphericalDiopterFermat.pdf, id=1998, 1862.59094pt x 1519.764
25pt>
File: Chapter 2/Figures/SphericalDiopterFermat.pdf Graphic file (type pdf)
<use Chapter 2/Figures/SphericalDiopterFermat.pdf>
Package pdftex.def Info: Chapter 2/Figures/SphericalDiopterFermat.pdf  used on 
input line 1206.
(pdftex.def)             Requested size: 399.2946pt x 325.79216pt.
 [60] [61 <./Chapter 2/Figures/SphericalDiopterFermat.pdf>] [62] [63]
[64] [65]
<Chapter 2/Figures/QuarticWavefront.pdf, id=2062, 2799.6624pt x 2397.88132pt>
File: Chapter 2/Figures/QuarticWavefront.pdf Graphic file (type pdf)
<use Chapter 2/Figures/QuarticWavefront.pdf>
Package pdftex.def Info: Chapter 2/Figures/QuarticWavefront.pdf  used on input 
line 1366.
(pdftex.def)             Requested size: 375.80542pt x 321.87057pt.
 [66] [67 <./Chapter 2/Figures/QuarticWavefront.pdf>] [68] [69]
[70]
<Chapter 2/Figures/LSA.pdf, id=2127, 3278.41953pt x 1918.13048pt>
File: Chapter 2/Figures/LSA.pdf Graphic file (type pdf)
<use Chapter 2/Figures/LSA.pdf>
Package pdftex.def Info: Chapter 2/Figures/LSA.pdf  used on input line 1480.
(pdftex.def)             Requested size: 375.80542pt x 219.8633pt.
 [71]
<Chapter 2/Figures/ObjectDefocus.pdf, id=2140, 3278.41904pt x 1918.13048pt>
File: Chapter 2/Figures/ObjectDefocus.pdf Graphic file (type pdf)
<use Chapter 2/Figures/ObjectDefocus.pdf>
Package pdftex.def Info: Chapter 2/Figures/ObjectDefocus.pdf  used on input lin
e 1511.
(pdftex.def)             Requested size: 375.80542pt x 219.8633pt.
 [72 <./Chapter 2/Figures/LSA.pdf>]
<Chapter 2/Figures/MarginalImagingA.pdf, id=2154, 4099.58603pt x 1942.50682pt>
File: Chapter 2/Figures/MarginalImagingA.pdf Graphic file (type pdf)
<use Chapter 2/Figures/MarginalImagingA.pdf>
Package pdftex.def Info: Chapter 2/Figures/MarginalImagingA.pdf  used on input 
line 1524.
(pdftex.def)             Requested size: 281.85585pt x 133.52922pt.
<Chapter 2/Figures/MarginalImagingB.pdf, id=2155, 4087.39792pt x 2230.65549pt>
File: Chapter 2/Figures/MarginalImagingB.pdf Graphic file (type pdf)
<use Chapter 2/Figures/MarginalImagingB.pdf>
Package pdftex.def Info: Chapter 2/Figures/MarginalImagingB.pdf  used on input 
line 1525.
(pdftex.def)             Requested size: 281.85585pt x 153.81328pt.
 [73 <./Chapter 2/Figures/ObjectDefocus.pdf>]
<Chapter 2/Figures/ThinLensAberrated.pdf, id=2170, 3300.32462pt x 2312.3653pt>
File: Chapter 2/Figures/ThinLensAberrated.pdf Graphic file (type pdf)
<use Chapter 2/Figures/ThinLensAberrated.pdf>
Package pdftex.def Info: Chapter 2/Figures/ThinLensAberrated.pdf  used on input
 line 1544.
(pdftex.def)             Requested size: 328.82706pt x 230.36798pt.
 [74 <./Chapter 2/Figures/MarginalImagingA.pdf> <./Chapter 2/Figures/MarginalIm
agingB.pdf>] [75 <./Chapter 2/Figures/ThinLensAberrated.pdf>]
[76]
<Chapter 2/Figures/AplanatismCondition.pdf, id=2255, 2842.57222pt x 1607.85226p
t>
File: Chapter 2/Figures/AplanatismCondition.pdf Graphic file (type pdf)
<use Chapter 2/Figures/AplanatismCondition.pdf>
Package pdftex.def Info: Chapter 2/Figures/AplanatismCondition.pdf  used on inp
ut line 1599.
(pdftex.def)             Requested size: 399.2946pt x 225.8338pt.
 [77 <./Chapter 2/Figures/AplanatismCondition.pdf>]
<Chapter 2/Figures/AbbeSine.pdf, id=2276, 2876.22063pt x 2278.74995pt>
File: Chapter 2/Figures/AbbeSine.pdf Graphic file (type pdf)
<use Chapter 2/Figures/AbbeSine.pdf>
Package pdftex.def Info: Chapter 2/Figures/AbbeSine.pdf  used on input line 163
0.
(pdftex.def)             Requested size: 328.82706pt x 260.50343pt.
 [78] [79 <./Chapter 2/Figures/AbbeSine.pdf>]) [80]
Chapter 3.
[81

] (./Chapter 3/chap3.tex [82

] [83] [84] [85] [86] [87] [88] [89] [90]
[91] [92] [93] [94]
<Chapter 3/Figures/3Dto2D.pdf, id=2493, 2405.64027pt x 1568.6766pt>
File: Chapter 3/Figures/3Dto2D.pdf Graphic file (type pdf)
<use Chapter 3/Figures/3Dto2D.pdf>
Package pdftex.def Info: Chapter 3/Figures/3Dto2D.pdf  used on input line 409.
(pdftex.def)             Requested size: 375.80542pt x 245.03331pt.
 [95] [96 <./Chapter 3/Figures/3Dto2D.pdf>] [97]
<Chapter 3/Figures/Phasors.pdf, id=2796, 2393.59479pt x 2151.25581pt>
File: Chapter 3/Figures/Phasors.pdf Graphic file (type pdf)
<use Chapter 3/Figures/Phasors.pdf>
Package pdftex.def Info: Chapter 3/Figures/Phasors.pdf  used on input line 493.

(pdftex.def)             Requested size: 375.80542pt x 337.74135pt.
 [98]
<Chapter 3/Figures/PolarisationEllipseGen.pdf, id=2806, 1271.04904pt x 1059.184
89pt>
File: Chapter 3/Figures/PolarisationEllipseGen.pdf Graphic file (type pdf)
<use Chapter 3/Figures/PolarisationEllipseGen.pdf>
Package pdftex.def Info: Chapter 3/Figures/PolarisationEllipseGen.pdf  used on 
input line 506.
(pdftex.def)             Requested size: 328.82706pt x 274.00781pt.

[99 <./Chapter 3/Figures/Phasors.pdf>]
<Chapter 3/Figures/PolarisationEllipseBase.pdf, id=2927, 1645.08768pt x 1370.87
72pt>
File: Chapter 3/Figures/PolarisationEllipseBase.pdf Graphic file (type pdf)
<use Chapter 3/Figures/PolarisationEllipseBase.pdf>
Package pdftex.def Info: Chapter 3/Figures/PolarisationEllipseBase.pdf  used on
 input line 523.
(pdftex.def)             Requested size: 328.82706pt x 274.00323pt.
 [100 <./Chapter 3/Figures/PolarisationEllipseGen.pdf>] [101 <./Chapter 3/Figur
es/PolarisationEllipseBase.pdf>]
Package microtype Info: Loading generic protrusion settings for font family
(microtype)             `cmss' (encoding: OT1).
(microtype)             For optimal results, create family-specific settings.
(microtype)             See the microtype manual for details.
 [102]
[103] [104] [105] [106] [107] [108] [109]
<Chapter 3/Figures/PoincareSphere.pdf, id=3074, 2193.86569pt x 2188.14952pt>
File: Chapter 3/Figures/PoincareSphere.pdf Graphic file (type pdf)
<use Chapter 3/Figures/PoincareSphere.pdf>
Package pdftex.def Info: Chapter 3/Figures/PoincareSphere.pdf  used on input li
ne 758.
(pdftex.def)             Requested size: 281.85585pt x 281.0972pt.
 [110] [111 <./Chapter 3/Figures/PoincareSphere.pdf>] [112] [113]
<Chapter 3/Figures/ProyStereo1.pdf, id=3181, 1643.8923pt x 843.0807pt>
File: Chapter 3/Figures/ProyStereo1.pdf Graphic file (type pdf)
<use Chapter 3/Figures/ProyStereo1.pdf>
Package pdftex.def Info: Chapter 3/Figures/ProyStereo1.pdf  used on input line 
824.
(pdftex.def)             Requested size: 352.31624pt x 180.67992pt.
 [114 <./Chapter 3/Figures/ProyStereo1.pdf>]
<Chapter 3/Figures/ProyStereo2.pdf, id=3215, 1540.67538pt x 1284.70137pt>
File: Chapter 3/Figures/ProyStereo2.pdf Graphic file (type pdf)
<use Chapter 3/Figures/ProyStereo2.pdf>
Package pdftex.def Info: Chapter 3/Figures/ProyStereo2.pdf  used on input line 
855.
(pdftex.def)             Requested size: 375.80542pt x 313.35298pt.

[115] [116 <./Chapter 3/Figures/ProyStereo2.pdf>]
<Chapter 3/Figures/ProyStereo3.pdf, id=3319, 1158.43692pt x 1285.1699pt>
File: Chapter 3/Figures/ProyStereo3.pdf Graphic file (type pdf)
<use Chapter 3/Figures/ProyStereo3.pdf>
Package pdftex.def Info: Chapter 3/Figures/ProyStereo3.pdf  used on input line 
880.
(pdftex.def)             Requested size: 281.85585pt x 312.68286pt.
 [117] [118 <./Chapter 3/Figures/ProyStereo3.pdf>] [119]
<Chapter 3/Figures/QuarterWavePlate.pdf, id=3465, 3197.56644pt x 1162.86864pt>
File: Chapter 3/Figures/QuarterWavePlate.pdf Graphic file (type pdf)
<use Chapter 3/Figures/QuarterWavePlate.pdf>
Package pdftex.def Info: Chapter 3/Figures/QuarterWavePlate.pdf  used on input 
line 935.
(pdftex.def)             Requested size: 375.80542pt x 136.6637pt.
 [120 <./Chapter 3/Figures/QuarterWavePlate.pdf>]
[121] [122]
<Chapter 3/Figures/LinearPolarizer.pdf, id=3529, 3300.7733pt x 1083.75986pt>
File: Chapter 3/Figures/LinearPolarizer.pdf Graphic file (type pdf)
<use Chapter 3/Figures/LinearPolarizer.pdf>
Package pdftex.def Info: Chapter 3/Figures/LinearPolarizer.pdf  used on input l
ine 1035.
(pdftex.def)             Requested size: 375.80542pt x 123.38123pt.
 [123] [124 <./Chapter 3/Figures/LinearPolarizer.pdf>] [125]
[126] [127]
<Chapter 3/Figures/RetarderOnPoincare.pdf, id=3613, 2145.8614pt x 2151.40482pt>

File: Chapter 3/Figures/RetarderOnPoincare.pdf Graphic file (type pdf)
<use Chapter 3/Figures/RetarderOnPoincare.pdf>
Package pdftex.def Info: Chapter 3/Figures/RetarderOnPoincare.pdf  used on inpu
t line 1156.
(pdftex.def)             Requested size: 281.85585pt x 282.58128pt.
 [128] [129 <./Chapter 3/Figures/RetarderOnPoincare.pdf>] [130]
[131] [132] [133] [134] [135] [136] [137] [138] [139] [140] [141] [142]
<Chapter 3/Figures/RotatingRetarderCone.pdf, id=3840, 208.78pt x 168.63pt>
File: Chapter 3/Figures/RotatingRetarderCone.pdf Graphic file (type pdf)
<use Chapter 3/Figures/RotatingRetarderCone.pdf>
Package pdftex.def Info: Chapter 3/Figures/RotatingRetarderCone.pdf  used on in
put line 1478.
(pdftex.def)             Requested size: 258.36667pt x 208.70792pt.

[143] [144 <./Chapter 3/Figures/RotatingRetarderCone.pdf>] [145] [146] [147]
[148] [149] [150]
<Chapter 3/Figures/BiplateSetup.pdf, id=4035, 288.07625pt x 155.58125pt>
File: Chapter 3/Figures/BiplateSetup.pdf Graphic file (type pdf)
<use Chapter 3/Figures/BiplateSetup.pdf>
Package pdftex.def Info: Chapter 3/Figures/BiplateSetup.pdf  used on input line
 1646.
(pdftex.def)             Requested size: 399.2946pt x 215.6543pt.
 [151 <./Chapter 3/Figures/BiplateSetup.pdf>] [152] [153]
<Chapter 3/Figures/EllipticDecomposition.pdf, id=4191, 254.9525pt x 84.315pt>
File: Chapter 3/Figures/EllipticDecomposition.pdf Graphic file (type pdf)
<use Chapter 3/Figures/EllipticDecomposition.pdf>
Package pdftex.def Info: Chapter 3/Figures/EllipticDecomposition.pdf  used on i
nput line 1704.
(pdftex.def)             Requested size: 422.77661pt x 139.82259pt.

[154 <./Chapter 3/Figures/EllipticDecomposition.pdf>]
<Chapter 3/Figures/EllipticBirefringentCone.pdf, id=4297, 281.05pt x 120.45pt>
File: Chapter 3/Figures/EllipticBirefringentCone.pdf Graphic file (type pdf)
<use Chapter 3/Figures/EllipticBirefringentCone.pdf>
Package pdftex.def Info: Chapter 3/Figures/EllipticBirefringentCone.pdf  used o
n input line 1738.
(pdftex.def)             Requested size: 422.77661pt x 181.20018pt.
 [155] [156 <./Chapter 3/Figures/EllipticBirefringentCone.pdf>] [157] [158] [15
9] [160] [161] [162]
[163] [164] [165] [166] [167] [168] [169] [170] [171] [172]) [173] [174

]
Chapter 4.
[175] (./Chapter 4/chap4.tex [176

] [177] [178]
<Chapter 4/Figures/PlaneWavesInterferences.pdf, id=4716, 1560.86984pt x 870.181
78pt>
File: Chapter 4/Figures/PlaneWavesInterferences.pdf Graphic file (type pdf)
<use Chapter 4/Figures/PlaneWavesInterferences.pdf>
Package pdftex.def Info: Chapter 4/Figures/PlaneWavesInterferences.pdf  used on
 input line 140.
(pdftex.def)             Requested size: 422.77661pt x 235.69579pt.
 [179]
<Chapter 4/Figures/SphericalWavesInterferences.pdf, id=4731, 1672.48373pt x 184
9.84227pt>
File: Chapter 4/Figures/SphericalWavesInterferences.pdf Graphic file (type pdf)

<use Chapter 4/Figures/SphericalWavesInterferences.pdf>
Package pdftex.def Info: Chapter 4/Figures/SphericalWavesInterferences.pdf  use
d on input line 178.
(pdftex.def)             Requested size: 281.85585pt x 311.73108pt.
 [180 <./Chapter 4/Figures/PlaneWavesInterferences.pdf>] [181 <./Chapter 4/Figu
res/SphericalWavesInterferences.pdf>] [182] [183] [184] [185]
<Chapter 4/Figures/YoungSphericalWave.pdf, id=4879, 2287.8587pt x 1350.09778pt>

File: Chapter 4/Figures/YoungSphericalWave.pdf Graphic file (type pdf)
<use Chapter 4/Figures/YoungSphericalWave.pdf>
Package pdftex.def Info: Chapter 4/Figures/YoungSphericalWave.pdf  used on inpu
t line 329.
(pdftex.def)             Requested size: 399.2946pt x 235.61142pt.
 [186] [187 <./Chapter 4/Figures/YoungSphericalWave.pdf>] [188] [189] [190]
<Chapter 4/Figures/FresnelBiprism.pdf, id=4934, 2223.0656pt x 2075.35703pt>
File: Chapter 4/Figures/FresnelBiprism.pdf Graphic file (type pdf)
<use Chapter 4/Figures/FresnelBiprism.pdf>
Package pdftex.def Info: Chapter 4/Figures/FresnelBiprism.pdf  used on input li
ne 420.
(pdftex.def)             Requested size: 328.82706pt x 306.95169pt.
 [191 <./Chapter 4/Figures/FresnelBiprism.pdf>]
[192] [193] [194]
<Chapter 4/Figures/MichelsonInterferometer.pdf, id=4989, 2949.96072pt x 1892.91
296pt>
File: Chapter 4/Figures/MichelsonInterferometer.pdf Graphic file (type pdf)
<use Chapter 4/Figures/MichelsonInterferometer.pdf>
Package pdftex.def Info: Chapter 4/Figures/MichelsonInterferometer.pdf  used on
 input line 514.
(pdftex.def)             Requested size: 328.82706pt x 210.99388pt.
 [195 <./Chapter 4/Figures/MichelsonInterferometer.pdf>]
[196] [197] [198]
<Chapter 4/Figures/MichelsonImages1.pdf, id=5045, 1517.67pt x 1170.3725pt>
File: Chapter 4/Figures/MichelsonImages1.pdf Graphic file (type pdf)
<use Chapter 4/Figures/MichelsonImages1.pdf>
Package pdftex.def Info: Chapter 4/Figures/MichelsonImages1.pdf  used on input 
line 611.
(pdftex.def)             Requested size: 366.40831pt x 282.55597pt.
 [199]
<Chapter 4/Figures/MichelsonImages2.pdf, id=5061, 1470.49374pt x 1204.5pt>
File: Chapter 4/Figures/MichelsonImages2.pdf Graphic file (type pdf)
<use Chapter 4/Figures/MichelsonImages2.pdf>
Package pdftex.def Info: Chapter 4/Figures/MichelsonImages2.pdf  used on input 
line 646.
(pdftex.def)             Requested size: 281.85585pt x 230.8607pt.
 [200 <./Chapter 4/Figures/MichelsonImages1.pdf>]
[201 <./Chapter 4/Figures/MichelsonImages2.pdf>]
<Chapter 4/Figures/MichelsonImages3.pdf, id=5344, 1797.71625pt x 1325.95375pt>
File: Chapter 4/Figures/MichelsonImages3.pdf Graphic file (type pdf)
<use Chapter 4/Figures/MichelsonImages3.pdf>
Package pdftex.def Info: Chapter 4/Figures/MichelsonImages3.pdf  used on input 
line 685.
(pdftex.def)             Requested size: 357.0112pt x 263.32468pt.
 [202] [203 <./Chapter 4/Figures/MichelsonImages3.pdf>] [204] [205]) [206]
Chapter 5.
[207

] (./Chapter 5/chap5.tex [208

] [209] [210] [211] [212] [213] [214] [215]
[216] [217]
<Chapter 5/Figures/GreenImagenes.pdf, id=5659, 587.62173pt x 607.19585pt>
File: Chapter 5/Figures/GreenImagenes.pdf Graphic file (type pdf)
<use Chapter 5/Figures/GreenImagenes.pdf>
Package pdftex.def Info: Chapter 5/Figures/GreenImagenes.pdf  used on input lin
e 225.
(pdftex.def)             Requested size: 328.82706pt x 339.79573pt.
 [218] [219 <./Chapter 5/Figures/GreenImagenes.pdf>]
<Chapter 5/Figures/GreenPuntual.pdf, id=5680, 561.81592pt x 498.02902pt>
File: Chapter 5/Figures/GreenPuntual.pdf Graphic file (type pdf)
<use Chapter 5/Figures/GreenPuntual.pdf>
Package pdftex.def Info: Chapter 5/Figures/GreenPuntual.pdf  used on input line
 248.
(pdftex.def)             Requested size: 328.82706pt x 291.49399pt.
<Chapter 5/Figures/GreenNoPuntual.pdf, id=5683, 543.80663pt x 502.00859pt>
File: Chapter 5/Figures/GreenNoPuntual.pdf Graphic file (type pdf)
<use Chapter 5/Figures/GreenNoPuntual.pdf>
Package pdftex.def Info: Chapter 5/Figures/GreenNoPuntual.pdf  used on input li
ne 260.
(pdftex.def)             Requested size: 328.82706pt x 303.5591pt.

Overfull \hbox (0.65611pt too wide) in paragraph at lines 268--269
[]\T1/cmr/m/it/10.95 (-20) No ra-di-a-tion reaches the ob-ser-va-tion re-gion f
rom in-fin-ity, the field on the hemi-sphere
 []

[220 <./Chapter 5/Figures/GreenPuntual.pdf>] [221 <./Chapter 5/Figures/GreenNoP
untual.pdf>] [222] [223] [224] [225] [226] [227] [228] [229]
<Chapter 5/Figures/ConfocalSpheres.pdf, id=5890, 3122.66919pt x 2064.53168pt>
File: Chapter 5/Figures/ConfocalSpheres.pdf Graphic file (type pdf)
<use Chapter 5/Figures/ConfocalSpheres.pdf>
Package pdftex.def Info: Chapter 5/Figures/ConfocalSpheres.pdf  used on input l
ine 519.
(pdftex.def)             Requested size: 328.82706pt x 217.39651pt.
 [230 <./Chapter 5/Figures/ConfocalSpheres.pdf>] [231]
<Chapter 5/Figures/Cardinales.pdf, id=5942, 456.5832pt x 491.9958pt>
File: Chapter 5/Figures/Cardinales.pdf Graphic file (type pdf)
<use Chapter 5/Figures/Cardinales.pdf>
Package pdftex.def Info: Chapter 5/Figures/Cardinales.pdf  used on input line 5
92.
(pdftex.def)             Requested size: 234.87749pt x 253.09163pt.
 [232] [233 <./Chapter 5/Figures/Cardinales.pdf>] [234] [235] [236] [237] [238]
 [239] [240] [241] [242] [243] [244]
[245] [246] [247] [248]
<Chapter 5/Figures/CardinalSpheres.pdf, id=6315, 3087.09904pt x 2058.78731pt>
File: Chapter 5/Figures/CardinalSpheres.pdf Graphic file (type pdf)
<use Chapter 5/Figures/CardinalSpheres.pdf>
Package pdftex.def Info: Chapter 5/Figures/CardinalSpheres.pdf  used on input l
ine 954.
(pdftex.def)             Requested size: 375.80542pt x 250.62508pt.
 [249] [250 <./Chapter 5/Figures/CardinalSpheres.pdf>]
[251] [252] [253]) [254]
Chapter 6.
[255

] (./Chapter 6/chap6.tex [256

] [257] [258] [259] [260] [261] [262] [263]
[264] [265] [266] [267] [268] [269] [270]
<Chapter 6/Figures/RandomVar.pdf, id=6644, 472.44035pt x 866.30989pt>
File: Chapter 6/Figures/RandomVar.pdf Graphic file (type pdf)
<use Chapter 6/Figures/RandomVar.pdf>
Package pdftex.def Info: Chapter 6/Figures/RandomVar.pdf  used on input line 85
6.
(pdftex.def)             Requested size: 187.89912pt x 344.54822pt.
 [271] [272 <./Chapter 6/Figures/RandomVar.pdf>] [273] [274] [275] [276]
<Chapter 6/Figures/Estrecho.pdf, id=6715, 549.38483pt x 459.57813pt>
File: Chapter 6/Figures/Estrecho.pdf Graphic file (type pdf)
<use Chapter 6/Figures/Estrecho.pdf>
Package pdftex.def Info: Chapter 6/Figures/Estrecho.pdf  used on input line 109
0.
(pdftex.def)             Requested size: 328.82706pt x 275.07579pt.
 [277] [278 <./Chapter 6/Figures/Estrecho.pdf>]
<Chapter 6/Figures/Propagation.pdf, id=6738, 586.54031pt x 380.42159pt>
File: Chapter 6/Figures/Propagation.pdf Graphic file (type pdf)
<use Chapter 6/Figures/Propagation.pdf>
Package pdftex.def Info: Chapter 6/Figures/Propagation.pdf  used on input line 
1166.
(pdftex.def)             Requested size: 375.80542pt x 243.74179pt.
 [279] [280 <./Chapter 6/Figures/Propagation.pdf>]
<Chapter 6/Figures/Propagation2.pdf, id=6775, 592.28485pt x 567.3423pt>
File: Chapter 6/Figures/Propagation2.pdf Graphic file (type pdf)
<use Chapter 6/Figures/Propagation2.pdf>
Package pdftex.def Info: Chapter 6/Figures/Propagation2.pdf  used on input line
 1208.
(pdftex.def)             Requested size: 375.80542pt x 359.97267pt.
 [281 <./Chapter 6/Figures/Propagation2.pdf>]
Overfull \hbox (66.00877pt too wide) detected at line 1227
[]
 []

<Chapter 6/Figures/Random2.pdf, id=6789, 639.8206pt x 825.70494pt>
File: Chapter 6/Figures/Random2.pdf Graphic file (type pdf)
<use Chapter 6/Figures/Random2.pdf>
Package pdftex.def Info: Chapter 6/Figures/Random2.pdf  used on input line 1235
.
(pdftex.def)             Requested size: 281.85585pt x 363.73967pt.
[282] [283 <./Chapter 6/Figures/Random2.pdf>]
Overfull \hbox (42.22426pt too wide) detected at line 1286
[]
 []

<Chapter 6/Figures/FourierGamma.pdf, id=6819, 440.77277pt x 770.00833pt>
File: Chapter 6/Figures/FourierGamma.pdf Graphic file (type pdf)
<use Chapter 6/Figures/FourierGamma.pdf>
Package pdftex.def Info: Chapter 6/Figures/FourierGamma.pdf  used on input line
 1314.
(pdftex.def)             Requested size: 305.33788pt x 533.43295pt.
) (out/main.bbl [284] [285 <./Chapter 6/Figures/FourierGamma.pdf>] [286

]
[287] [288] [289] [290] [291]
Underfull \hbox (badness 2213) in paragraph at lines 513--516
[]\T1/cmr/m/n/10.95 (+20) Shih, C.-C. (1995a).  Frac-tion-al-iza-tion of fourie
r trans-form.  \T1/cmr/m/it/10.95 (+20) Op-tics Com-mu-ni-ca-tions\T1/cmr/m/n/1
0.95 (+20) ,
 []

[292]) [293] (out/main.aux)
 ***********
LaTeX2e <2025-11-01>
L3 programming layer <2026-01-19>
 ***********
Package rerunfilecheck Info: File `main.out' has not changed.
(rerunfilecheck)             Checksum: 1F96694C85C52E9ADE6B725CF635CE7D;36765.
 ) 
Here is how much of TeX's memory you used:
 23652 strings out of 467525
 391233 string characters out of 5418982
 906641 words of memory out of 5000000
 50232 multiletter control sequences out of 15000+600000
 682915 words of font info for 415 fonts, out of 8000000 for 9000
 1141 hyphenation exceptions out of 8191
 72i,19n,79p,2442b,831s stack positions out of 10000i,1000n,20000p,200000b,200000s
</usr/local/texlive/2026/texmf-dist/fonts/type1/public/amsfonts/cm/cmbsy10.pf
b></usr/local/texlive/2026/texmf-dist/fonts/type1/public/amsfonts/cm/cmbx10.pfb
></usr/local/texlive/2026/texmf-dist/fonts/type1/public/amsfonts/cm/cmbx8.pfb><
/usr/local/texlive/2026/texmf-dist/fonts/type1/public/amsfonts/cm/cmex10.pfb></
usr/local/texlive/2026/texmf-dist/fonts/type1/public/amsfonts/cmextra/cmex8.pfb
></usr/local/texlive/2026/texmf-dist/fonts/type1/public/amsfonts/cm/cmmi10.pfb>
</usr/local/texlive/2026/texmf-dist/fonts/type1/public/amsfonts/cm/cmmi12.pfb><
/usr/local/texlive/2026/texmf-dist/fonts/type1/public/amsfonts/cm/cmmi6.pfb></u
sr/local/texlive/2026/texmf-dist/fonts/type1/public/amsfonts/cm/cmmi7.pfb></usr
/local/texlive/2026/texmf-dist/fonts/type1/public/amsfonts/cm/cmmi8.pfb></usr/l
ocal/texlive/2026/texmf-dist/fonts/type1/public/amsfonts/cm/cmmi9.pfb></usr/loc
al/texlive/2026/texmf-dist/fonts/type1/public/amsfonts/cm/cmr10.pfb></usr/local
/texlive/2026/texmf-dist/fonts/type1/public/amsfonts/cm/cmr12.pfb></usr/local/t
exlive/2026/texmf-dist/fonts/type1/public/amsfonts/cm/cmr5.pfb></usr/local/texl
ive/2026/texmf-dist/fonts/type1/public/amsfonts/cm/cmr6.pfb></usr/local/texlive
/2026/texmf-dist/fonts/type1/public/amsfonts/cm/cmr7.pfb></usr/local/texlive/20
26/texmf-dist/fonts/type1/public/amsfonts/cm/cmr8.pfb></usr/local/texlive/2026/
texmf-dist/fonts/type1/public/amsfonts/cm/cmr9.pfb></usr/local/texlive/2026/tex
mf-dist/fonts/type1/public/amsfonts/cm/cmss8.pfb></usr/local/texlive/2026/texmf
-dist/fonts/type1/public/amsfonts/cm/cmsy10.pfb></usr/local/texlive/2026/texmf-
dist/fonts/type1/public/amsfonts/cm/cmsy5.pfb></usr/local/texlive/2026/texmf-di
st/fonts/type1/public/amsfonts/cm/cmsy6.pfb></usr/local/texlive/2026/texmf-dist
/fonts/type1/public/amsfonts/cm/cmsy8.pfb></usr/local/texlive/2026/texmf-dist/f
onts/type1/public/amsfonts/cm/cmsy9.pfb></usr/local/texlive/2026/texmf-dist/fon
ts/type1/public/amsfonts/latxfont/line10.pfb></usr/local/texlive/2026/texmf-dis
t/fonts/type1/public/amsfonts/symbols/msam10.pfb></usr/local/texlive/2026/texmf
-dist/fonts/type1/public/amsfonts/symbols/msbm10.pfb></usr/local/texlive/2026/t
exmf-dist/fonts/type1/public/cm-super/sfbi1095.pfb></usr/local/texlive/2026/tex
mf-dist/fonts/type1/public/cm-super/sfbx1095.pfb></usr/local/texlive/2026/texmf
-dist/fonts/type1/public/cm-super/sfbx1200.pfb></usr/local/texlive/2026/texmf-d
ist/fonts/type1/public/cm-super/sfbx1440.pfb></usr/local/texlive/2026/texmf-dis
t/fonts/type1/public/cm-super/sfbx2488.pfb></usr/local/texlive/2026/texmf-dist/
fonts/type1/public/cm-super/sfrm0600.pfb></usr/local/texlive/2026/texmf-dist/fo
nts/type1/public/cm-super/sfrm0800.pfb></usr/local/texlive/2026/texmf-dist/font
s/type1/public/cm-super/sfrm0900.pfb></usr/local/texlive/2026/texmf-dist/fonts/
type1/public/cm-super/sfrm1000.pfb></usr/local/texlive/2026/texmf-dist/fonts/ty
pe1/public/cm-super/sfrm1095.pfb></usr/local/texlive/2026/texmf-dist/fonts/type
1/public/cm-super/sfrm1200.pfb></usr/local/texlive/2026/texmf-dist/fonts/type1/
public/cm-super/sfti0800.pfb></usr/local/texlive/2026/texmf-dist/fonts/type1/pu
blic/cm-super/sfti1095.pfb></usr/local/texlive/2026/texmf-dist/fonts/type1/publ
ic/cm-super/sfti1200.pfb></usr/local/texlive/2026/texmf-dist/fonts/type1/public
/cm-super/sfti2488.pfb>
Output written on out/main.pdf (311 pages, 9393760 bytes).
PDF statistics:
 7372 PDF objects out of 7423 (max. 8388607)
 6123 compressed objects within 62 object streams
 1402 named destinations out of 1440 (max. 500000)
 87510 words of extra memory for PDF output out of 89155 (max. 10000000)

