\BOOKMARK [0][-]{chapter.1}{\376\377\000T\000h\000e\000\040\000H\000i\000s\000t\000o\000r\000y\000\040\000o\000f\000\040\000G\000e\000n\000e\000r\000a\000l\000\040\000R\000e\000l\000a\000t\000i\000v\000i\000t\000y}{}% 1
\BOOKMARK [1][-]{section.1.1}{\376\377\000M\000o\000t\000i\000o\000n\000\040\000i\000n\000\040\000t\000h\000e\000\040\000A\000n\000c\000i\000e\000n\000t\000\040\000W\000o\000r\000l\000d}{chapter.1}% 2
\BOOKMARK [2][-]{subsection.1.1.1}{\376\377\000T\000h\000e\000\040\000A\000r\000i\000s\000t\000o\000t\000e\000l\000i\000a\000n\000\040\000C\000o\000s\000m\000o\000s}{section.1.1}% 3
\BOOKMARK [2][-]{subsection.1.1.2}{\376\377\000P\000t\000o\000l\000e\000m\000y\000\040\000a\000n\000d\000\040\000t\000h\000e\000\040\000M\000a\000t\000h\000e\000m\000a\000t\000i\000c\000s\000\040\000o\000f\000\040\000t\000h\000e\000\040\000H\000e\000a\000v\000e\000n\000s}{section.1.1}% 4
\BOOKMARK [1][-]{section.1.2}{\376\377\000T\000h\000e\000\040\000A\000r\000a\000b\000i\000c\000\040\000C\000u\000s\000t\000o\000d\000i\000a\000n\000s\000\040\000o\000f\000\040\000M\000o\000t\000i\000o\000n}{chapter.1}% 5
\BOOKMARK [1][-]{section.1.3}{\376\377\000T\000h\000e\000\040\000L\000a\000t\000i\000n\000\040\000W\000e\000s\000t\000\040\000B\000r\000e\000a\000k\000s\000\040\000w\000i\000t\000h\000\040\000A\000r\000i\000s\000t\000o\000t\000l\000e}{chapter.1}% 6
\BOOKMARK [2][-]{subsection.1.3.1}{\376\377\000B\000u\000r\000i\000d\000a\000n\000'\000s\000\040\000I\000m\000p\000e\000t\000u\000s}{section.1.3}% 7
\BOOKMARK [2][-]{subsection.1.3.2}{\376\377\000C\000o\000p\000e\000r\000n\000i\000c\000u\000s\000\040\000a\000n\000d\000\040\000K\000e\000p\000l\000e\000r}{section.1.3}% 8
\BOOKMARK [2][-]{subsection.1.3.3}{\376\377\000G\000a\000l\000i\000l\000e\000o\000\040\000a\000n\000d\000\040\000t\000h\000e\000\040\000F\000i\000r\000s\000t\000\040\000P\000r\000i\000n\000c\000i\000p\000l\000e\000\040\000o\000f\000\040\000R\000e\000l\000a\000t\000i\000v\000i\000t\000y}{section.1.3}% 9
\BOOKMARK [1][-]{section.1.4}{\376\377\000N\000e\000w\000t\000o\000n\000\040\000a\000n\000d\000\040\000t\000h\000e\000\040\000A\000b\000s\000o\000l\000u\000t\000e\000\040\000S\000t\000a\000g\000e}{chapter.1}% 10
\BOOKMARK [1][-]{section.1.5}{\376\377\000T\000h\000e\000\040\000G\000e\000o\000m\000e\000t\000e\000r\000s\000\040\000W\000h\000o\000\040\000P\000r\000e\000p\000a\000r\000e\000d\000\040\000t\000h\000e\000\040\000G\000r\000o\000u\000n\000d}{chapter.1}% 11
\BOOKMARK [2][-]{subsection.1.5.1}{\376\377\000G\000a\000u\000s\000s\000\040\000a\000n\000d\000\040\000t\000h\000e\000\040\000C\000u\000r\000v\000a\000t\000u\000r\000e\000\040\000H\000i\000d\000d\000e\000n\000\040\000I\000n\000s\000i\000d\000e\000\040\000a\000\040\000S\000u\000r\000f\000a\000c\000e}{section.1.5}% 12
\BOOKMARK [2][-]{subsection.1.5.2}{\376\377\000R\000i\000e\000m\000a\000n\000n\000'\000s\000\040\000P\000r\000o\000p\000h\000e\000c\000y}{section.1.5}% 13
\BOOKMARK [1][-]{section.1.6}{\376\377\000E\000i\000n\000s\000t\000e\000i\000n\000'\000s\000\040\000L\000o\000n\000g\000\040\000R\000o\000a\000d\000\040\000t\000o\000\040\000G\000e\000n\000e\000r\000a\000l\000\040\000R\000e\000l\000a\000t\000i\000v\000i\000t\000y}{chapter.1}% 14
\BOOKMARK [1][-]{section.1.7}{\376\377\000R\000i\000e\000m\000a\000n\000n\000,\000\040\000H\000i\000l\000b\000e\000r\000t\000\040\000a\000n\000d\000\040\000t\000h\000e\000\040\000Q\000u\000e\000s\000t\000i\000o\000n\000\040\000o\000f\000\040\000T\000h\000e\000f\000t}{chapter.1}% 15
\BOOKMARK [1][-]{section.1.8}{\376\377\000C\000o\000n\000f\000i\000r\000m\000a\000t\000i\000o\000n\000:\000\040\000F\000r\000o\000m\000\040\000t\000h\000e\000\040\000T\000r\000e\000n\000c\000h\000e\000s\000\040\000t\000o\000\040\000t\000h\000e\000\040\000E\000c\000l\000i\000p\000s\000e}{chapter.1}% 16
\BOOKMARK [1][-]{section.1.9}{\376\377\000B\000e\000y\000o\000n\000d\000\040\000G\000e\000n\000e\000r\000a\000l\000\040\000R\000e\000l\000a\000t\000i\000v\000i\000t\000y}{chapter.1}% 17
\BOOKMARK [0][-]{chapter.2}{\376\377\000D\000i\000f\000f\000e\000r\000e\000n\000t\000i\000a\000l\000\040\000G\000e\000o\000m\000e\000t\000r\000y}{}% 18
\BOOKMARK [1][-]{section.2.1}{\376\377\000A\000\040\000b\000r\000i\000e\000f\000\040\000h\000i\000s\000t\000o\000r\000y\000\040\000o\000f\000\040\000g\000e\000o\000m\000e\000t\000r\000y}{chapter.2}% 19
\BOOKMARK [2][-]{subsection.2.1.1}{\376\377\000G\000e\000o\000m\000e\000t\000r\000y\000\040\000a\000s\000\040\000t\000h\000e\000\040\000m\000e\000a\000s\000u\000r\000e\000m\000e\000n\000t\000\040\000o\000f\000\040\000t\000h\000e\000\040\000e\000a\000r\000t\000h}{section.2.1}% 20
\BOOKMARK [2][-]{subsection.2.1.2}{\376\377\000E\000u\000c\000l\000i\000d\000\040\000a\000n\000d\000\040\000t\000h\000e\000\040\000t\000y\000r\000a\000n\000n\000y\000\040\000o\000f\000\040\000t\000h\000e\000\040\000f\000i\000f\000t\000h\000\040\000p\000o\000s\000t\000u\000l\000a\000t\000e}{section.2.1}% 21
\BOOKMARK [2][-]{subsection.2.1.3}{\376\377\000T\000h\000e\000\040\000l\000o\000n\000g\000\040\000a\000s\000s\000a\000u\000l\000t\000\040\000o\000n\000\040\000t\000h\000e\000\040\000p\000a\000r\000a\000l\000l\000e\000l\000\040\000p\000o\000s\000t\000u\000l\000a\000t\000e}{section.2.1}% 22
\BOOKMARK [2][-]{subsection.2.1.4}{\376\377\000T\000h\000e\000\040\000b\000i\000r\000t\000h\000\040\000o\000f\000\040\000n\000o\000n\000-\000E\000u\000c\000l\000i\000d\000e\000a\000n\000\040\000g\000e\000o\000m\000e\000t\000r\000y}{section.2.1}% 23
\BOOKMARK [2][-]{subsection.2.1.5}{\376\377\000G\000a\000u\000s\000s\000,\000\040\000R\000i\000e\000m\000a\000n\000n\000\040\000a\000n\000d\000\040\000t\000h\000e\000\040\000t\000u\000r\000n\000\040\000i\000n\000w\000a\000r\000d\000s}{section.2.1}% 24
\BOOKMARK [2][-]{subsection.2.1.6}{\376\377\000F\000r\000o\000m\000\040\000a\000b\000s\000o\000l\000u\000t\000e\000\040\000d\000i\000f\000f\000e\000r\000e\000n\000t\000i\000a\000l\000\040\000c\000a\000l\000c\000u\000l\000u\000s\000\040\000t\000o\000\040\000t\000h\000e\000\040\000m\000o\000d\000e\000r\000n\000\040\000t\000h\000e\000o\000r\000y}{section.2.1}% 25
\BOOKMARK [2][-]{subsection.2.1.7}{\376\377\000W\000h\000y\000\040\000d\000i\000f\000f\000e\000r\000e\000n\000t\000i\000a\000l\000\040\000g\000e\000o\000m\000e\000t\000r\000y\000\040\000i\000s\000\040\000t\000h\000e\000\040\000l\000a\000n\000g\000u\000a\000g\000e\000\040\000o\000f\000\040\000r\000e\000l\000a\000t\000i\000v\000i\000t\000y}{section.2.1}% 26
\BOOKMARK [1][-]{section.2.2}{\376\377\000D\000i\000f\000f\000e\000r\000e\000n\000t\000i\000a\000b\000l\000e\000\040\000m\000a\000n\000i\000f\000o\000l\000d\000s}{chapter.2}% 27
\BOOKMARK [2][-]{subsection.2.2.1}{\376\377\000A\000\040\000d\000i\000c\000t\000i\000o\000n\000a\000r\000y}{section.2.2}% 28
\BOOKMARK [2][-]{subsection.2.2.2}{\376\377\000M\000a\000n\000i\000f\000o\000l\000d\000s\000,\000\040\000c\000h\000a\000r\000t\000s\000\040\000a\000n\000d\000\040\000a\000t\000l\000a\000s\000e\000s}{section.2.2}% 29
\BOOKMARK [2][-]{subsection.2.2.3}{\376\377\000S\000m\000o\000o\000t\000h\000\040\000f\000u\000n\000c\000t\000i\000o\000n\000s}{section.2.2}% 30
\BOOKMARK [2][-]{subsection.2.2.4}{\376\377\000C\000u\000r\000v\000e\000s\000\040\000a\000n\000d\000\040\000v\000e\000c\000t\000o\000r\000s}{section.2.2}% 31
\BOOKMARK [2][-]{subsection.2.2.5}{\376\377\000C\000o\000v\000e\000c\000t\000o\000r\000s\000\040\000a\000n\000d\000\040\000o\000n\000e\000-\000f\000o\000r\000m\000s}{section.2.2}% 32
\BOOKMARK [2][-]{subsection.2.2.6}{\376\377\000T\000e\000n\000s\000o\000r\000s}{section.2.2}% 33
\BOOKMARK [2][-]{subsection.2.2.7}{\376\377\000T\000e\000n\000s\000o\000r\000\040\000f\000i\000e\000l\000d\000s}{section.2.2}% 34
\BOOKMARK [2][-]{subsection.2.2.8}{\376\377\000C\000o\000m\000m\000u\000t\000a\000t\000o\000r}{section.2.2}% 35
\BOOKMARK [2][-]{subsection.2.2.9}{\376\377\000I\000n\000t\000e\000g\000r\000a\000l\000\040\000c\000u\000r\000v\000e\000s}{section.2.2}% 36
\BOOKMARK [2][-]{subsection.2.2.10}{\376\377\000A\000\040\000w\000o\000r\000k\000e\000d\000\040\000e\000x\000a\000m\000p\000l\000e\000:\000\040\000t\000h\000e\000\040\000t\000w\000o\000\040\000s\000p\000h\000e\000r\000e}{section.2.2}% 37
\BOOKMARK [2][-]{subsection.2.2.11}{\376\377\000W\000h\000y\000\040\000t\000h\000e\000\040\000p\000a\000r\000t\000i\000a\000l\000\040\000d\000e\000r\000i\000v\000a\000t\000i\000v\000e\000\040\000i\000s\000\040\000n\000o\000t\000\040\000e\000n\000o\000u\000g\000h}{section.2.2}% 38
\BOOKMARK [1][-]{section.2.3}{\376\377\000T\000h\000e\000\040\000L\000i\000e\000\040\000d\000e\000r\000i\000v\000a\000t\000i\000v\000e}{chapter.2}% 39
\BOOKMARK [2][-]{subsection.2.3.1}{\376\377\000P\000u\000l\000l\000\040\000b\000a\000c\000k\000\040\000a\000n\000d\000\040\000p\000u\000s\000h\000\040\000f\000o\000r\000w\000a\000r\000d}{section.2.3}% 40
\BOOKMARK [0][-]{chapter.3}{\376\377\000T\000h\000e\000\040\000T\000h\000e\000o\000r\000y\000\040\000o\000f\000\040\000G\000e\000n\000e\000r\000a\000l\000\040\000R\000e\000l\000a\000t\000i\000v\000i\000t\000y}{}% 41
\BOOKMARK [1][-]{section.3.1}{\376\377\000C\000o\000n\000v\000e\000n\000t\000i\000o\000n\000s\000\040\000a\000n\000d\000\040\000n\000o\000t\000a\000t\000i\000o\000n}{chapter.3}% 42
\BOOKMARK [1][-]{section.3.2}{\376\377\000I\000n\000t\000r\000o\000d\000u\000c\000t\000i\000o\000n\000\040\000t\000o\000\040\000g\000e\000n\000e\000r\000a\000l\000\040\000r\000e\000l\000a\000t\000i\000v\000i\000t\000y}{chapter.3}% 43
\BOOKMARK [2][-]{subsection.3.2.1}{\376\377\000T\000h\000e\000\040\000i\000n\000c\000o\000m\000p\000a\000t\000i\000b\000i\000l\000i\000t\000y\000\040\000b\000e\000t\000w\000e\000e\000n\000\040\000t\000h\000e\000\040\000N\000e\000w\000t\000o\000n\000i\000a\000n\000\040\000g\000r\000a\000v\000i\000t\000y\000\040\000w\000i\000t\000h\000\040\000t\000h\000e\000\040\000s\000p\000e\000c\000i\000a\000l\000\040\000r\000e\000l\000a\000t\000i\000v\000i\000t\000y}{section.3.2}% 44
\BOOKMARK [2][-]{subsection.3.2.2}{\376\377\000W\000e\000a\000k\000\040\000e\000q\000u\000i\000v\000a\000l\000e\000n\000c\000e\000\040\000p\000r\000i\000n\000c\000i\000p\000l\000e}{section.3.2}% 45
\BOOKMARK [2][-]{subsection.3.2.3}{\376\377\000E\000x\000p\000e\000r\000i\000m\000e\000n\000t\000a\000l\000\040\000e\000v\000i\000d\000e\000n\000c\000e\000\040\000f\000o\000r\000\040\000a\000\040\000g\000e\000n\000e\000r\000a\000l\000\040\000r\000e\000l\000a\000t\000i\000v\000i\000t\000y\000\040\000t\000h\000e\000o\000r\000y}{section.3.2}% 46
\BOOKMARK [3][-]{subsubsection.3.2.3.1}{\376\377\000E\000\366\000t\000v\000\366\000s\000\040\000e\000x\000p\000e\000r\000i\000m\000e\000n\000t}{subsection.3.2.3}% 47
\BOOKMARK [3][-]{subsubsection.3.2.3.2}{\376\377\000T\000i\000d\000a\000l\000\040\000f\000o\000r\000c\000e\000s}{subsection.3.2.3}% 48
\BOOKMARK [3][-]{subsubsection.3.2.3.3}{\376\377\000L\000i\000g\000h\000t\000\040\000d\000e\000f\000l\000e\000c\000t\000i\000o\000n\000\040\000a\000n\000d\000\040\000g\000r\000a\000v\000i\000t\000a\000t\000i\000o\000n\000a\000l\000\040\000r\000e\000d\000\040\000s\000h\000i\000f\000t}{subsection.3.2.3}% 49
\BOOKMARK [2][-]{subsection.3.2.4}{\376\377\000E\000i\000n\000s\000t\000e\000i\000n\000'\000s\000\040\000e\000q\000u\000i\000v\000a\000l\000e\000n\000c\000e\000\040\000p\000r\000i\000n\000c\000i\000p\000l\000e\000\040\000a\000n\000d\000\040\000t\000h\000e\000\040\000s\000p\000a\000c\000e\000-\000t\000i\000m\000e}{section.3.2}% 50
\BOOKMARK [1][-]{section.3.3}{\376\377\000F\000i\000r\000s\000t\000\040\000s\000t\000e\000p\000s\000\040\000o\000n\000\040\000g\000e\000n\000e\000r\000a\000l\000\040\000r\000e\000l\000a\000t\000i\000v\000i\000t\000y}{chapter.3}% 51
\BOOKMARK [2][-]{subsection.3.3.1}{\376\377\000M\000e\000t\000r\000i\000c\000\040\000t\000e\000n\000s\000o\000r}{section.3.3}% 52
\BOOKMARK [2][-]{subsection.3.3.2}{\376\377\000P\000r\000o\000p\000e\000r\000\040\000t\000i\000m\000e\000\040\000a\000n\000d\000\040\000a\000n\000\040\000i\000n\000t\000r\000o\000d\000u\000c\000t\000i\000o\000n\000\040\000t\000o\000\040\000p\000a\000t\000h\000s}{section.3.3}% 53
\BOOKMARK [2][-]{subsection.3.3.3}{\376\377\000C\000o\000v\000a\000r\000i\000a\000n\000t\000\040\000d\000e\000r\000i\000v\000a\000t\000i\000v\000e}{section.3.3}% 54
\BOOKMARK [2][-]{subsection.3.3.4}{\376\377\000L\000e\000v\000i\000-\000C\000i\000v\000i\000t\000a\000\040\000c\000o\000n\000n\000e\000c\000t\000i\000o\000n}{section.3.3}% 55
\BOOKMARK [2][-]{subsection.3.3.5}{\376\377\000G\000e\000o\000d\000e\000s\000i\000c\000s}{section.3.3}% 56
\BOOKMARK [3][-]{subsubsection.3.3.5.1}{\376\377\000A\000f\000f\000i\000n\000e\000\040\000t\000r\000a\000n\000s\000f\000o\000r\000m\000a\000t\000i\000o\000n\000s\000\040\000i\000n\000\040\000G\000a\000l\000i\000l\000e\000a\000n\000\040\000r\000e\000l\000a\000t\000i\000v\000i\000t\000y}{subsection.3.3.5}% 57
\BOOKMARK [3][-]{subsubsection.3.3.5.2}{\376\377\000A\000f\000f\000i\000n\000e\000\040\000t\000r\000a\000n\000s\000f\000o\000r\000m\000a\000t\000i\000o\000n\000s\000\040\000i\000n\000\040\000s\000p\000e\000c\000i\000a\000l\000\040\000r\000e\000l\000a\000t\000i\000v\000i\000t\000y}{subsection.3.3.5}% 58
\BOOKMARK [1][-]{section.3.4}{\376\377\000R\000i\000e\000m\000a\000n\000n\000'\000s\000\040\000t\000e\000n\000s\000o\000r}{chapter.3}% 59
\BOOKMARK [2][-]{subsection.3.4.1}{\376\377\000C\000u\000r\000v\000a\000t\000u\000r\000e\000\040\000o\000f\000\040\000t\000h\000e\000\040\000L\000e\000v\000i\000-\000C\000i\000v\000i\000t\000a\000\040\000c\000o\000n\000n\000e\000c\000t\000i\000o\000n}{section.3.4}% 60
\BOOKMARK [3][-]{subsubsection.3.4.1.1}{\376\377\000E\000i\000n\000s\000t\000e\000i\000n\000'\000s\000\040\000e\000q\000u\000a\000t\000i\000o\000n\000s}{subsection.3.4.1}% 61
\BOOKMARK [2][-]{subsection.3.4.2}{\376\377\000P\000r\000o\000p\000e\000r\000t\000i\000e\000s\000\040\000r\000e\000l\000a\000t\000e\000d\000\040\000t\000o\000\040\000t\000h\000e\000\040\000R\000i\000e\000m\000a\000n\000n\000'\000s\000\040\000t\000e\000n\000s\000o\000r}{section.3.4}% 62
\BOOKMARK [2][-]{subsection.3.4.3}{\376\377\000G\000e\000o\000d\000e\000s\000i\000c\000\040\000d\000e\000v\000i\000a\000t\000i\000o\000n}{section.3.4}% 63
\BOOKMARK [1][-]{section.3.5}{\376\377\000G\000r\000a\000v\000i\000t\000a\000t\000i\000o\000n\000\040\000a\000n\000d\000\040\000t\000h\000e\000\040\000E\000i\000n\000s\000t\000e\000i\000n\000'\000s\000\040\000f\000i\000e\000l\000d\000\040\000e\000q\000u\000a\000t\000i\000o\000n}{chapter.3}% 64
\BOOKMARK [2][-]{subsection.3.5.1}{\376\377\000N\000e\000w\000t\000o\000n\000i\000a\000n\000\040\000l\000i\000m\000i\000t}{section.3.5}% 65
\BOOKMARK [2][-]{subsection.3.5.2}{\376\377\000E\000i\000n\000s\000t\000e\000i\000n\000'\000s\000\040\000f\000i\000e\000l\000d\000\040\000e\000q\000u\000a\000t\000i\000o\000n\000s}{section.3.5}% 66
\BOOKMARK [3][-]{subsubsection.3.5.2.1}{\376\377\000E\000i\000n\000s\000t\000e\000i\000n\000-\000H\000i\000l\000b\000e\000r\000t\000\040\000a\000c\000t\000i\000o\000n}{subsection.3.5.2}% 67
\BOOKMARK [3][-]{subsubsection.3.5.2.2}{\376\377\000E\000n\000e\000r\000g\000y\000-\000m\000o\000m\000e\000n\000t\000u\000m\000\040\000t\000e\000n\000s\000o\000r}{subsection.3.5.2}% 68
\BOOKMARK [1][-]{section.3.6}{\376\377\000T\000h\000e\000\040\000S\000c\000h\000w\000a\000r\000z\000s\000c\000h\000i\000l\000d\000\040\000s\000o\000l\000u\000t\000i\000o\000n}{chapter.3}% 69
\BOOKMARK [2][-]{subsection.3.6.1}{\376\377\000T\000h\000e\000\040\000a\000n\000s\000a\000t\000z}{section.3.6}% 70
\BOOKMARK [2][-]{subsection.3.6.2}{\376\377\000T\000h\000e\000\040\000C\000h\000r\000i\000s\000t\000o\000f\000f\000e\000l\000\040\000s\000y\000m\000b\000o\000l\000s}{section.3.6}% 71
\BOOKMARK [2][-]{subsection.3.6.3}{\376\377\000T\000h\000e\000\040\000R\000i\000c\000c\000i\000\040\000t\000e\000n\000s\000o\000r}{section.3.6}% 72
\BOOKMARK [2][-]{subsection.3.6.4}{\376\377\000S\000o\000l\000v\000i\000n\000g\000\040\000t\000h\000e\000\040\000v\000a\000c\000u\000u\000m\000\040\000e\000q\000u\000a\000t\000i\000o\000n\000s}{section.3.6}% 73
\BOOKMARK [2][-]{subsection.3.6.5}{\376\377\000I\000d\000e\000n\000t\000i\000f\000y\000i\000n\000g\000\040\000t\000h\000e\000\040\000c\000o\000n\000s\000t\000a\000n\000t\000\040\000a\000n\000d\000\040\000r\000e\000a\000d\000i\000n\000g\000\040\000t\000h\000e\000\040\000s\000o\000l\000u\000t\000i\000o\000n}{section.3.6}% 74
\BOOKMARK [0][-]{chapter.4}{\376\377\000G\000r\000a\000v\000i\000t\000a\000t\000i\000o\000n\000a\000l\000\040\000W\000a\000v\000e\000s}{}% 75
\BOOKMARK [1][-]{section.4.1}{\376\377\000L\000o\000r\000e\000n\000z\000\040\000G\000a\000u\000g\000e\000\040\000a\000n\000d\000\040\000g\000r\000a\000v\000i\000t\000a\000t\000i\000o\000n\000a\000l\000\040\000w\000a\000v\000e\000s}{chapter.4}% 76
\BOOKMARK [1][-]{section.4.2}{\376\377\000G\000r\000a\000v\000i\000t\000a\000t\000i\000o\000n\000a\000l\000\040\000w\000a\000v\000e\000s}{chapter.4}% 77
\BOOKMARK [2][-]{subsection.4.2.1}{\376\377\000T\000r\000a\000c\000e\000l\000e\000s\000s\000\040\000t\000r\000a\000n\000s\000v\000e\000r\000s\000e\000\040\000g\000a\000u\000g\000e}{section.4.2}% 78
\BOOKMARK [3][-]{subsubsection.4.2.1.1}{\376\377\000P\000o\000l\000a\000r\000i\000z\000a\000t\000i\000o\000n\000\040\000a\000n\000d\000\040\000S\000t\000o\000k\000e\000s\000\040\000p\000a\000r\000a\000m\000e\000t\000e\000r\000s\000\040\000f\000o\000r\000\040\000g\000r\000a\000v\000i\000t\000a\000t\000i\000o\000n\000a\000l\000\040\000w\000a\000v\000e\000s}{subsection.4.2.1}% 79
\BOOKMARK [2][-]{subsection.4.2.2}{\376\377\000E\000f\000f\000e\000c\000t\000s\000\040\000o\000f\000\040\000t\000h\000e\000\040\000g\000r\000a\000v\000i\000t\000a\000t\000i\000o\000n\000a\000l\000\040\000r\000a\000d\000i\000a\000t\000i\000o\000n\000\040\000o\000n\000\040\000t\000h\000e\000\040\000m\000a\000t\000t\000e\000r}{section.4.2}% 80
