This is pdfTeX, Version 3.141592653-2.6-1.40.29 (TeX Live 2026) (preloaded format=pdflatex 2026.3.22)  19 SEP 2026 13:01
entering extended mode
 restricted \write18 enabled.
 %&-line parsing enabled.
**main.tex
(./main.tex
LaTeX2e <2025-11-01>
L3 programming layer <2026-01-19>
(/usr/local/texlive/2026/texmf-dist/tex/latex/base/book.cls
Document Class: book 2025/01/22 v1.4n Standard LaTeX document class
(/usr/local/texlive/2026/texmf-dist/tex/latex/base/bk11.clo
File: bk11.clo 2025/01/22 v1.4n Standard LaTeX file (size option)
)
\c@part=\count275
\c@chapter=\count276
\c@section=\count277
\c@subsection=\count278
\c@subsubsection=\count279
\c@paragraph=\count280
\c@subparagraph=\count281
\c@figure=\count282
\c@table=\count283
\abovecaptionskip=\skip49
\belowcaptionskip=\skip50
\bibindent=\dimen148
)
(/usr/local/texlive/2026/texmf-dist/tex/latex/base/inputenc.sty
Package: inputenc 2024/02/08 v1.3d Input encoding file
\inpenc@prehook=\toks17
\inpenc@posthook=\toks18
)
(/usr/local/texlive/2026/texmf-dist/tex/latex/base/fontenc.sty
Package: fontenc 2025/07/18 v2.1d Standard LaTeX package
)
(/usr/local/texlive/2026/texmf-dist/tex/generic/babel/babel.sty
Package: babel 2026/03/08 v26.4 The multilingual framework for LuaLaTeX, pdfLaT
eX and XeLaTeX
\babel@savecnt=\count284
LaTeX Encoding Info:    Redeclaring text command \ij (encoding OT1) on input li
ne 2078.
LaTeX Encoding Info:    Redeclaring text command \IJ (encoding OT1) on input li
ne 2080.
LaTeX Encoding Info:    Redeclaring text command \ij (encoding T1) on input lin
e 2082.
LaTeX Encoding Info:    Redeclaring text command \IJ (encoding T1) on input lin
e 2083.
LaTeX Encoding Info:    Ignoring declaration for text command \ij (encoding ?) 
on input line 2084.
LaTeX Encoding Info:    Ignoring declaration for text command \IJ (encoding ?) 
on input line 2086.
LaTeX Encoding Info:    Ignoring declaration for text command \SS (encoding ?) 
on input line 2111.
\U@D=\dimen149
\l@unhyphenated=\language91

(/usr/local/texlive/2026/texmf-dist/tex/generic/babel/txtbabel.def)
\bbl@readstream=\read2
\bbl@dirlevel=\count285

(/usr/local/texlive/2026/texmf-dist/tex/generic/babel/locale/en/babel-english.t
ex)
Package babel Info: Importing font and identification data for english
(babel)             from babel-en.ini. Reported on input line 4330.
 (/usr/local/texlive/2026/texmf-dist/tex/generic/babel-english/english.ldf
Language: english 2017/06/06 v3.3r English support from the babel system
Package babel Info: Hyphen rules for 'canadian' set to \l@english
(babel)             (\language0). Reported on input line 102.
Package babel Info: Hyphen rules for 'australian' set to \l@ukenglish
(babel)             (\language22). Reported on input line 105.
Package babel Info: Hyphen rules for 'newzealand' set to \l@ukenglish
(babel)             (\language22). Reported on input line 108.
)) (/usr/local/texlive/2026/texmf-dist/tex/latex/hyphenat/hyphenat.sty
Package: hyphenat 2009/09/02 v2.3c hyphenation utilities
\langwohyphens=\language92
LaTeX Info: Redefining \_ on input line 43.
)
(/usr/local/texlive/2026/texmf-dist/tex/latex/microtype/microtype.sty
Package: microtype 2026/03/01 v3.2d Micro-typographical refinements (RS)

(/usr/local/texlive/2026/texmf-dist/tex/latex/graphics/keyval.sty
Package: keyval 2022/05/29 v1.15 key=value parser (DPC)
\KV@toks@=\toks19
)
(/usr/local/texlive/2026/texmf-dist/tex/latex/etoolbox/etoolbox.sty
Package: etoolbox 2025/10/02 v2.5m e-TeX tools for LaTeX (JAW)
\etb@tempcnta=\count286
)
\MT@toks=\toks20
\MT@tempbox=\box53
\MT@count=\count287
LaTeX Info: Redefining \noprotrusionifhmode on input line 1084.
LaTeX Info: Redefining \leftprotrusion on input line 1085.
\MT@prot@toks=\toks21
LaTeX Info: Redefining \rightprotrusion on input line 1104.
LaTeX Info: Redefining \textls on input line 1449.
\MT@outer@kern=\dimen150
LaTeX Info: Redefining \microtypecontext on input line 2053.
LaTeX Info: Redefining \textmicrotypecontext on input line 2070.
\MT@listname@count=\count288

(/usr/local/texlive/2026/texmf-dist/tex/latex/microtype/microtype-pdftex.def
File: microtype-pdftex.def 2026/03/01 v3.2d Definitions specific to pdftex (RS)

LaTeX Info: Redefining \lsstyle on input line 944.
LaTeX Info: Redefining \lslig on input line 944.
\MT@outer@space=\skip51
)
Package microtype Info: Loading configuration file microtype.cfg.

(/usr/local/texlive/2026/texmf-dist/tex/latex/microtype/microtype.cfg
File: microtype.cfg 2026/03/01 v3.2d microtype main configuration file (RS)
)
LaTeX Info: Redefining \microtypesetup on input line 3065.
)
(/usr/local/texlive/2026/texmf-dist/tex/latex/geometry/geometry.sty
Package: geometry 2026/03/07 v6.0 Page Geometry

(/usr/local/texlive/2026/texmf-dist/tex/generic/iftex/ifvtex.sty
Package: ifvtex 2019/10/25 v1.7 ifvtex legacy package. Use iftex instead.

(/usr/local/texlive/2026/texmf-dist/tex/generic/iftex/iftex.sty
Package: iftex 2024/12/12 v1.0g TeX engine tests
))
\Gm@cnth=\count289
\Gm@cntv=\count290
\c@Gm@tempcnt=\count291
\Gm@bindingoffset=\dimen151
\Gm@wd@mp=\dimen152
\Gm@odd@mp=\dimen153
\Gm@even@mp=\dimen154
\Gm@layoutwidth=\dimen155
\Gm@layoutheight=\dimen156
\Gm@layouthoffset=\dimen157
\Gm@layoutvoffset=\dimen158
\Gm@dimlist=\toks22
)
(/usr/local/texlive/2026/texmf-dist/tex/latex/tools/bm.sty
Package: bm 2025/10/21 v1.2g Bold Symbol Support (DPC/FMi)
\symboldoperators=\mathgroup4
\symboldletters=\mathgroup5
\symboldsymbols=\mathgroup6
Package bm Info: No bold for \OMX/cmex/m/n, using \pmb.
LaTeX Font Info:    Redeclaring math alphabet \mathbf on input line 149.
)
(/usr/local/texlive/2026/texmf-dist/tex/latex/amsmath/amsmath.sty
Package: amsmath 2025/07/09 v2.17z AMS math features
\@mathmargin=\skip52

For additional information on amsmath, use the `?' option.
(/usr/local/texlive/2026/texmf-dist/tex/latex/amsmath/amstext.sty
Package: amstext 2024/11/17 v2.01 AMS text

(/usr/local/texlive/2026/texmf-dist/tex/latex/amsmath/amsgen.sty
File: amsgen.sty 1999/11/30 v2.0 generic functions
\@emptytoks=\toks23
\ex@=\dimen159
))
(/usr/local/texlive/2026/texmf-dist/tex/latex/amsmath/amsbsy.sty
Package: amsbsy 1999/11/29 v1.2d Bold Symbols
LaTeX Info: Redefining \boldsymbol on input line 28.
\pmbraise@=\dimen160
)
(/usr/local/texlive/2026/texmf-dist/tex/latex/amsmath/amsopn.sty
Package: amsopn 2022/04/08 v2.04 operator names
)
\inf@bad=\count292
LaTeX Info: Redefining \frac on input line 233.
\uproot@=\count293
\leftroot@=\count294
LaTeX Info: Redefining \overline on input line 398.
LaTeX Info: Redefining \colon on input line 409.
\classnum@=\count295
\DOTSCASE@=\count296
LaTeX Info: Redefining \ldots on input line 495.
LaTeX Info: Redefining \dots on input line 498.
LaTeX Info: Redefining \cdots on input line 619.
\Mathstrutbox@=\box54
\strutbox@=\box55
LaTeX Info: Redefining \big on input line 721.
LaTeX Info: Redefining \Big on input line 722.
LaTeX Info: Redefining \bigg on input line 723.
LaTeX Info: Redefining \Bigg on input line 724.
\big@size=\dimen161
LaTeX Font Info:    Redeclaring font encoding OML on input line 742.
LaTeX Font Info:    Redeclaring font encoding OMS on input line 743.
\macc@depth=\count297
LaTeX Info: Redefining \bmod on input line 904.
LaTeX Info: Redefining \pmod on input line 909.
LaTeX Info: Redefining \smash on input line 939.
LaTeX Info: Redefining \relbar on input line 969.
LaTeX Info: Redefining \Relbar on input line 970.
\c@MaxMatrixCols=\count298
\dotsspace@=\muskip17
\c@parentequation=\count299
\dspbrk@lvl=\count300
\tag@help=\toks24
\row@=\count301
\column@=\count302
\maxfields@=\count303
\andhelp@=\toks25
\eqnshift@=\dimen162
\alignsep@=\dimen163
\tagshift@=\dimen164
\tagwidth@=\dimen165
\totwidth@=\dimen166
\lineht@=\dimen167
\@envbody=\toks26
\multlinegap=\skip53
\multlinetaggap=\skip54
\mathdisplay@stack=\toks27
LaTeX Info: Redefining \[ on input line 2950.
LaTeX Info: Redefining \] on input line 2951.
)
(/usr/local/texlive/2026/texmf-dist/tex/latex/amsfonts/amsfonts.sty
Package: amsfonts 2013/01/14 v3.01 Basic AMSFonts support
\symAMSa=\mathgroup7
\symAMSb=\mathgroup8
LaTeX Font Info:    Redeclaring math symbol \hbar on input line 98.
LaTeX Font Info:    Overwriting math alphabet `\mathfrak' in version `bold'
(Font)                  U/euf/m/n --> U/euf/b/n on input line 106.
)
(/usr/local/texlive/2026/texmf-dist/tex/latex/amsfonts/amssymb.sty
Package: amssymb 2013/01/14 v3.01 AMS font symbols
)
(/usr/local/texlive/2026/texmf-dist/tex/latex/jknapltx/mathrsfs.sty
Package: mathrsfs 1996/01/01 Math RSFS package v1.0 (jk)
\symrsfs=\mathgroup9
)
(/usr/local/texlive/2026/texmf-dist/tex/latex/xcolor/xcolor.sty
Package: xcolor 2024/09/29 v3.02 LaTeX color extensions (UK)

(/usr/local/texlive/2026/texmf-dist/tex/latex/graphics-cfg/color.cfg
File: color.cfg 2016/01/02 v1.6 sample color configuration
)
Package xcolor Info: Driver file: pdftex.def on input line 274.

(/usr/local/texlive/2026/texmf-dist/tex/latex/graphics-def/pdftex.def
File: pdftex.def 2025/09/29 v1.2d Graphics/color driver for pdftex
)
(/usr/local/texlive/2026/texmf-dist/tex/latex/graphics/mathcolor.ltx)
Package xcolor Info: Model `cmy' substituted by `cmy0' on input line 1349.
Package xcolor Info: Model `hsb' substituted by `rgb' on input line 1353.
Package xcolor Info: Model `RGB' extended on input line 1365.
Package xcolor Info: Model `HTML' substituted by `rgb' on input line 1367.
Package xcolor Info: Model `Hsb' substituted by `hsb' on input line 1368.
Package xcolor Info: Model `tHsb' substituted by `hsb' on input line 1369.
Package xcolor Info: Model `HSB' substituted by `hsb' on input line 1370.
Package xcolor Info: Model `Gray' substituted by `gray' on input line 1371.
Package xcolor Info: Model `wave' substituted by `hsb' on input line 1372.
)
(/usr/local/texlive/2026/texmf-dist/tex/latex/cancel/cancel.sty
Package: cancel 2013/04/12 v2.2 Cancel math terms
)
(/usr/local/texlive/2026/texmf-dist/tex/latex/graphics/graphicx.sty
Package: graphicx 2024/12/31 v1.2e Enhanced LaTeX Graphics (DPC,SPQR)

(/usr/local/texlive/2026/texmf-dist/tex/latex/graphics/graphics.sty
Package: graphics 2024/08/06 v1.4g Standard LaTeX Graphics (DPC,SPQR)

(/usr/local/texlive/2026/texmf-dist/tex/latex/graphics/trig.sty
Package: trig 2023/12/02 v1.11 sin cos tan (DPC)
)
(/usr/local/texlive/2026/texmf-dist/tex/latex/graphics-cfg/graphics.cfg
File: graphics.cfg 2016/06/04 v1.11 sample graphics configuration
)
Package graphics Info: Driver file: pdftex.def on input line 106.
)
\Gin@req@height=\dimen168
\Gin@req@width=\dimen169
)
(/usr/local/texlive/2026/texmf-dist/tex/latex/epstopdf-pkg/epstopdf.sty
Package: epstopdf 2020-01-24 v2.11 Conversion with epstopdf on the fly (HO)

(/usr/local/texlive/2026/texmf-dist/tex/generic/infwarerr/infwarerr.sty
Package: infwarerr 2019/12/03 v1.5 Providing info/warning/error messages (HO)
)
(/usr/local/texlive/2026/texmf-dist/tex/latex/grfext/grfext.sty
Package: grfext 2019/12/03 v1.3 Manage graphics extensions (HO)

(/usr/local/texlive/2026/texmf-dist/tex/generic/kvdefinekeys/kvdefinekeys.sty
Package: kvdefinekeys 2019-12-19 v1.6 Define keys (HO)
)) (/usr/local/texlive/2026/texmf-dist/tex/latex/kvoptions/kvoptions.sty
Package: kvoptions 2022-06-15 v3.15 Key value format for package options (HO)

(/usr/local/texlive/2026/texmf-dist/tex/generic/ltxcmds/ltxcmds.sty
Package: ltxcmds 2023-12-04 v1.26 LaTeX kernel commands for general use (HO)
)
(/usr/local/texlive/2026/texmf-dist/tex/latex/kvsetkeys/kvsetkeys.sty
Package: kvsetkeys 2022-10-05 v1.19 Key value parser (HO)
))
(/usr/local/texlive/2026/texmf-dist/tex/generic/pdftexcmds/pdftexcmds.sty
Package: pdftexcmds 2020-06-27 v0.33 Utility functions of pdfTeX for LuaTeX (HO
)
Package pdftexcmds Info: \pdf@primitive is available.
Package pdftexcmds Info: \pdf@ifprimitive is available.
Package pdftexcmds Info: \pdfdraftmode found.
)
(/usr/local/texlive/2026/texmf-dist/tex/latex/epstopdf-pkg/epstopdf-base.sty
Package: epstopdf-base 2020-01-24 v2.11 Base part for package epstopdf
Package epstopdf-base Info: Redefining graphics rule for `.eps' on input line 4
85.
Package grfext Info: Graphics extension search list:
(grfext)             [.pdf,.png,.jpg,.mps,.jpeg,.jbig2,.jb2,.PDF,.PNG,.JPG,.JPE
G,.JBIG2,.JB2,.eps]
(grfext)             \AppendGraphicsExtensions on input line 504.

(/usr/local/texlive/2026/texmf-dist/tex/latex/latexconfig/epstopdf-sys.cfg
File: epstopdf-sys.cfg 2010/07/13 v1.3 Configuration of (r)epstopdf for TeX Liv
e
)))
(/usr/local/texlive/2026/texmf-dist/tex/latex/caption/subcaption.sty
Package: subcaption 2023/07/28 v1.6b Sub-captions (AR)

(/usr/local/texlive/2026/texmf-dist/tex/latex/caption/caption.sty
Package: caption 2023/08/05 v3.6o Customizing captions (AR)

(/usr/local/texlive/2026/texmf-dist/tex/latex/caption/caption3.sty
Package: caption3 2023/07/31 v2.4d caption3 kernel (AR)
\caption@tempdima=\dimen170
\captionmargin=\dimen171
\caption@leftmargin=\dimen172
\caption@rightmargin=\dimen173
\caption@width=\dimen174
\caption@indent=\dimen175
\caption@parindent=\dimen176
\caption@hangindent=\dimen177
Package caption Info: Standard document class detected.
)
\c@caption@flags=\count304
\c@continuedfloat=\count305
)
Package caption Info: New subtype `subfigure' on input line 238.
\c@subfigure=\count306
Package caption Info: New subtype `subtable' on input line 238.
\c@subtable=\count307
)
(/usr/local/texlive/2026/texmf-dist/tex/latex/listings/listings.sty
\lst@mode=\count308
\lst@gtempboxa=\box56
\lst@token=\toks28
\lst@length=\count309
\lst@currlwidth=\dimen178
\lst@column=\count310
\lst@pos=\count311
\lst@lostspace=\dimen179
\lst@width=\dimen180
\lst@newlines=\count312
\lst@lineno=\count313
\lst@maxwidth=\dimen181

(/usr/local/texlive/2026/texmf-dist/tex/latex/listings/lstpatch.sty
File: lstpatch.sty 2025/11/14 1.11b (Carsten Heinz)
)
(/usr/local/texlive/2026/texmf-dist/tex/latex/listings/lstmisc.sty
File: lstmisc.sty 2025/11/14 1.11b (Carsten Heinz)
\c@lstnumber=\count314
\lst@skipnumbers=\count315
\lst@framebox=\box57
)
(/usr/local/texlive/2026/texmf-dist/tex/latex/listings/listings.cfg
File: listings.cfg 2025/11/14 1.11b listings configuration
))
Package: listings 2025/11/14 1.11b (Carsten Heinz)

==> First Aid for listings.sty no longer applied!
    Expected:
        2024/09/23 1.10c (Carsten Heinz)
    but found:
        2025/11/14 1.11b (Carsten Heinz)
    so I'm assuming it got fixed.
(/usr/local/texlive/2026/texmf-dist/tex/latex/titlesec/titlesec.sty
Package: titlesec 2025/01/04 v2.17 Sectioning titles
\ttl@box=\box58
\beforetitleunit=\skip55
\aftertitleunit=\skip56
\ttl@plus=\dimen182
\ttl@minus=\dimen183
\ttl@toksa=\toks29
\titlewidth=\dimen184
\titlewidthlast=\dimen185
\titlewidthfirst=\dimen186
)
(/usr/local/texlive/2026/texmf-dist/tex/latex/titlesec/titletoc.sty
Package: titletoc 2025/01/04 v2.17 TOC entries
\ttl@leftsep=\dimen187
)
(/usr/local/texlive/2026/texmf-dist/tex/latex/fancyhdr/fancyhdr.sty
Package: fancyhdr 2025/02/07 v5.2 Extensive control of page headers and footers

\f@nch@headwidth=\skip57
\f@nch@offset@elh=\skip58
\f@nch@offset@erh=\skip59
\f@nch@offset@olh=\skip60
\f@nch@offset@orh=\skip61
\f@nch@offset@elf=\skip62
\f@nch@offset@erf=\skip63
\f@nch@offset@olf=\skip64
\f@nch@offset@orf=\skip65
\f@nch@height=\skip66
\f@nch@footalignment=\skip67
\f@nch@widthL=\skip68
\f@nch@widthC=\skip69
\f@nch@widthR=\skip70
\@temptokenb=\toks30
)
(/usr/local/texlive/2026/texmf-dist/tex/latex/lineno/lineno.sty
Package: lineno 2026/03/08 line numbers on paragraphs v5.9
\linenopenalty=\count316
\output=\toks31
\linenoprevgraf=\count317
\linenumbersep=\dimen188
\linenumberwidth=\dimen189
\c@linenumber=\count318
\c@pagewiselinenumber=\count319
\c@LN@truepage=\count320
\c@internallinenumber=\count321
\c@internallinenumbers=\count322
\quotelinenumbersep=\dimen190
\bframerule=\dimen191
\bframesep=\dimen192
\bframebox=\box59
\@LN@amsmath@ams@eqpen=\count323
)
(/usr/local/texlive/2026/texmf-dist/tex/latex/epigraph/epigraph.sty
Package: epigraph 2020/01/02 v1.5e typesetting epigraphs

(/usr/local/texlive/2026/texmf-dist/tex/latex/nextpage/nextpage.sty
Package: nextpage 2009/09/03 v1.1a additional page commands
)
\beforeepigraphskip=\skip71
\afterepigraphskip=\skip72
\epigraphwidth=\skip73
\epigraphrule=\skip74
)
(/usr/local/texlive/2026/texmf-dist/tex/latex/hyperref/hyperref.sty
Package: hyperref 2026-01-29 v7.01p Hypertext links for LaTeX

(/usr/local/texlive/2026/texmf-dist/tex/generic/pdfescape/pdfescape.sty
Package: pdfescape 2019/12/09 v1.15 Implements pdfTeX's escape features (HO)
)
(/usr/local/texlive/2026/texmf-dist/tex/latex/hycolor/hycolor.sty
Package: hycolor 2020-01-27 v1.10 Color options for hyperref/bookmark (HO)
)
(/usr/local/texlive/2026/texmf-dist/tex/latex/hyperref/nameref.sty
Package: nameref 2026-01-29 v2.58 Cross-referencing by name of section

(/usr/local/texlive/2026/texmf-dist/tex/latex/refcount/refcount.sty
Package: refcount 2019/12/15 v3.6 Data extraction from label references (HO)
)
(/usr/local/texlive/2026/texmf-dist/tex/generic/gettitlestring/gettitlestring.s
ty
Package: gettitlestring 2019/12/15 v1.6 Cleanup title references (HO)
)
\c@section@level=\count324
) (/usr/local/texlive/2026/texmf-dist/tex/generic/stringenc/stringenc.sty
Package: stringenc 2019/11/29 v1.12 Convert strings between diff. encodings (HO
)
)
\@linkdim=\dimen193
\Hy@linkcounter=\count325
\Hy@pagecounter=\count326

(/usr/local/texlive/2026/texmf-dist/tex/latex/hyperref/pd1enc.def
File: pd1enc.def 2026-01-29 v7.01p Hyperref: PDFDocEncoding definition (HO)
Now handling font encoding PD1 ...
... no UTF-8 mapping file for font encoding PD1
)
(/usr/local/texlive/2026/texmf-dist/tex/generic/intcalc/intcalc.sty
Package: intcalc 2019/12/15 v1.3 Expandable calculations with integers (HO)
)
\Hy@SavedSpaceFactor=\count327

(/usr/local/texlive/2026/texmf-dist/tex/latex/hyperref/puenc.def
File: puenc.def 2026-01-29 v7.01p Hyperref: PDF Unicode definition (HO)
Now handling font encoding PU ...
... no UTF-8 mapping file for font encoding PU
)
Package hyperref Info: Option `colorlinks' set `true' on input line 4072.
Package hyperref Info: Hyper figures OFF on input line 4201.
Package hyperref Info: Link nesting OFF on input line 4206.
Package hyperref Info: Hyper index ON on input line 4209.
Package hyperref Info: Plain pages OFF on input line 4216.
Package hyperref Info: Backreferencing OFF on input line 4221.
Package hyperref Info: Implicit mode ON; LaTeX internals redefined.
Package hyperref Info: Bookmarks ON on input line 4468.
\c@Hy@tempcnt=\count328

(/usr/local/texlive/2026/texmf-dist/tex/latex/url/url.sty
\Urlmuskip=\muskip18
Package: url 2013/09/16  ver 3.4  Verb mode for urls, etc.
)
LaTeX Info: Redefining \url on input line 4807.
\XeTeXLinkMargin=\dimen194

(/usr/local/texlive/2026/texmf-dist/tex/generic/bitset/bitset.sty
Package: bitset 2019/12/09 v1.3 Handle bit-vector datatype (HO)

(/usr/local/texlive/2026/texmf-dist/tex/generic/bigintcalc/bigintcalc.sty
Package: bigintcalc 2019/12/15 v1.5 Expandable calculations on big integers (HO
)
))
\Fld@menulength=\count329
\Field@Width=\dimen195
\Fld@charsize=\dimen196
Package hyperref Info: Hyper figures OFF on input line 6084.
Package hyperref Info: Link nesting OFF on input line 6089.
Package hyperref Info: Hyper index ON on input line 6092.
Package hyperref Info: backreferencing OFF on input line 6099.
Package hyperref Info: Link coloring ON on input line 6102.
Package hyperref Info: Link coloring with OCG OFF on input line 6109.
Package hyperref Info: PDF/A mode OFF on input line 6114.
\Hy@abspage=\count330
\c@Item=\count331
\c@Hfootnote=\count332
)
Package hyperref Info: Driver (autodetected): hpdftex.

(/usr/local/texlive/2026/texmf-dist/tex/latex/hyperref/hpdftex.def
File: hpdftex.def 2026-01-29 v7.01p Hyperref driver for pdfTeX
\Fld@listcount=\count333
\c@bookmark@seq@number=\count334

(/usr/local/texlive/2026/texmf-dist/tex/latex/rerunfilecheck/rerunfilecheck.sty
Package: rerunfilecheck 2025-06-21 v1.11 Rerun checks for auxiliary files (HO)

(/usr/local/texlive/2026/texmf-dist/tex/generic/uniquecounter/uniquecounter.sty
Package: uniquecounter 2019/12/15 v1.4 Provide unlimited unique counter (HO)
)
Package uniquecounter Info: New unique counter `rerunfilecheck' on input line 2
84.
)
\Hy@SectionHShift=\skip75
) (/usr/local/texlive/2026/texmf-dist/tex/latex/natbib/natbib.sty
Package: natbib 2010/09/13 8.31b (PWD, AO)
\bibhang=\skip76
\bibsep=\skip77
LaTeX Info: Redefining \cite on input line 694.
\c@NAT@ctr=\count335
)
(/usr/local/texlive/2026/texmf-dist/tex/latex/braket/braket.sty)
(/usr/local/texlive/2026/texmf-dist/tex/latex/datetime/datetime.sty
Package: datetime 2015/03/20 v2.60 Date Time Package

(/usr/local/texlive/2026/texmf-dist/tex/latex/fmtcount/fmtcount.sty
Package: fmtcount 2025/12/02 v3.12 Displaying the values of LaTeX counters (NT,
VB,NE)

(/usr/local/texlive/2026/texmf-dist/tex/latex/base/ifthen.sty
Package: ifthen 2024/03/16 v1.1e Standard LaTeX ifthen package (DPC)
)
(/usr/local/texlive/2026/texmf-dist/tex/latex/xkeyval/xkeyval.sty
Package: xkeyval 2025/11/04 v2.10 package option processing (HA)

(/usr/local/texlive/2026/texmf-dist/tex/generic/xkeyval/xkeyval.tex
(/usr/local/texlive/2026/texmf-dist/tex/generic/xkeyval/xkvutils.tex
\XKV@toks=\toks32
\XKV@tempa@toks=\toks33
\XKV@tempb@toks=\toks34
)
\XKV@depth=\count336
File: xkeyval.tex 2014/12/03 v2.7a key=value parser (HA)
))
(/usr/local/texlive/2026/texmf-dist/tex/latex/fmtcount/fcprefix.sty
Package: fcprefix 2012/09/28

(/usr/local/texlive/2026/texmf-dist/tex/latex/fmtcount/fcnumparser.sty
Package: fcnumparser 2017/06/15
\fc@digit@counter=\count337
))
\c@padzeroesN=\count338
\fc@tmpcatcode=\count339

(/usr/local/texlive/2026/texmf-dist/tex/latex/fmtcount/fc-english.def
File: fc-english.def 2016/01/12
)
\@DT@modctr=\count340
\@ordinalctr=\count341
\@orgargctr=\count342
\@strctr=\count343
\@tmpstrctr=\count344
\@DT@loopN=\count345
\@DT@X=\count346
)
(/usr/local/texlive/2026/texmf-dist/tex/latex/datetime/datetime-defaults.sty
Package: datetime-defaults 2013/09/10
)
\@day=\count347
\@month=\count348
\@year=\count349
\c@HOUR=\count350
\c@HOURXII=\count351
\c@MINUTE=\count352
\c@TOHOUR=\count353
\c@TOMINUTE=\count354
\c@SECOND=\count355
\currenthour=\count356
\currentminute=\count357
\currentsecond=\count358
Package datetime Info: No datetime.cfg file found, using default settings on in
put line 308.
\@dtctr=\count359
\dayofyear=\count360
\dayofweek=\count361
LaTeX Info: Redefining \today on input line 736.
\dt@a=\toks35
\dt@b=\toks36
)
(/usr/local/texlive/2026/texmf-dist/tex/latex/cite/chapterbib.sty
\c@inputfile=\count362
Package: chapterbib 2010/09/18  v 1.17
)
\c@myteo=\count363
\c@myDef=\count364
\c@myPrinciple=\count365
\c@myAxiom=\count366
\c@Assumption=\count367

(/usr/local/texlive/2026/texmf-dist/tex/latex/l3backend/l3backend-pdftex.def
File: l3backend-pdftex.def 2025-10-09 L3 backend support: PDF output (pdfTeX)
\l__color_backend_stack_int=\count368
)
(out/main.aux)
\openout1 = `main.aux'.

LaTeX Font Info:    Checking defaults for OML/cmm/m/it on input line 86.
LaTeX Font Info:    ... okay on input line 86.
LaTeX Font Info:    Checking defaults for OMS/cmsy/m/n on input line 86.
LaTeX Font Info:    ... okay on input line 86.
LaTeX Font Info:    Checking defaults for OT1/cmr/m/n on input line 86.
LaTeX Font Info:    ... okay on input line 86.
LaTeX Font Info:    Checking defaults for T1/cmr/m/n on input line 86.
LaTeX Font Info:    ... okay on input line 86.
LaTeX Font Info:    Checking defaults for TS1/cmr/m/n on input line 86.
LaTeX Font Info:    ... okay on input line 86.
LaTeX Font Info:    Checking defaults for OMX/cmex/m/n on input line 86.
LaTeX Font Info:    ... okay on input line 86.
LaTeX Font Info:    Checking defaults for U/cmr/m/n on input line 86.
LaTeX Font Info:    ... okay on input line 86.
LaTeX Font Info:    Checking defaults for PD1/pdf/m/n on input line 86.
LaTeX Font Info:    ... okay on input line 86.
LaTeX Font Info:    Checking defaults for PU/pdf/m/n on input line 86.
LaTeX Font Info:    ... okay on input line 86.
LaTeX Info: Redefining \microtypecontext on input line 86.
Package microtype Info: Applying patch `item' on input line 86.
Package microtype Info: Applying patch `eqnum' on input line 86.
Package microtype Info: Applying patch `footnote' on input line 86.
Package microtype Info: Applying patch `verbatim' on input line 86.
LaTeX Info: Redefining \microtypesetup on input line 86.
Package microtype Info: Generating PDF output.
Package microtype Info: Character protrusion enabled (level 2).
Package microtype Info: Using default protrusion set `alltext'.
Package microtype Info: Automatic font expansion enabled (level 2),
(microtype)             stretch: 20, shrink: 20, step: 1, non-selected.
Package microtype Info: Using default expansion set `alltext-nott'.
Package microtype Info: Patching command `\showhyphens'.
Package microtype Info: No adjustment of tracking.
Package microtype Info: No adjustment of interword spacing.
Package microtype Info: No adjustment of character kerning.

(/usr/local/texlive/2026/texmf-dist/tex/latex/microtype/mt-cmr.cfg
File: mt-cmr.cfg 2013/05/19 v2.2 microtype config. file: Computer Modern Roman 
(RS)
)
*geometry* driver: auto-detecting
*geometry* detected driver: pdftex
*geometry* verbose mode - [ preamble ] result:
* driver: pdftex
* paper: letterpaper
* layout: <same size as paper>
* layoutoffset:(h,v)=(0.0pt,0.0pt)
* modes: twoside 
* h-part:(L,W,R)=(57.81598pt, 469.75499pt, 86.72403pt)
* v-part:(T,H,B)=(86.724pt, 578.15999pt, 130.086pt)
* \paperwidth=614.295pt
* \paperheight=794.96999pt
* \textwidth=469.75499pt
* \textheight=578.15999pt
* \oddsidemargin=-14.45401pt
* \evensidemargin=14.45404pt
* \topmargin=-25.41978pt
* \headheight=20.0pt
* \headsep=19.8738pt
* \topskip=11.0pt
* \footskip=27.46295pt
* \marginparwidth=116.0pt
* \marginparsep=7.0pt
* \columnsep=10.0pt
* \skip\footins=10.0pt plus 4.0pt minus 2.0pt
* \hoffset=0.0pt
* \voffset=0.0pt
* \mag=1000
* \@twocolumnfalse
* \@twosidetrue
* \@mparswitchtrue
* \@reversemarginfalse
* (1in=72.27pt=25.4mm, 1cm=28.453pt)

(/usr/local/texlive/2026/texmf-dist/tex/context/base/mkii/supp-pdf.mkii
[Loading MPS to PDF converter (version 2006.09.02).]
\scratchcounter=\count369
\scratchdimen=\dimen197
\scratchbox=\box60
\nofMPsegments=\count370
\nofMParguments=\count371
\everyMPshowfont=\toks37
\MPscratchCnt=\count372
\MPscratchDim=\dimen198
\MPnumerator=\count373
\makeMPintoPDFobject=\count374
\everyMPtoPDFconversion=\toks38
)
Package caption Info: Begin \AtBeginDocument code.
Package caption Info: hyperref package is loaded.
Package caption Info: listings package is loaded.
Package caption Info: End \AtBeginDocument code.
\c@lstlisting=\count375
Package hyperref Info: Link coloring ON on input line 86.
 (out/main.out) (out/main.out)
\@outlinefile=\write3
\openout3 = `main.out'.

Package hyperref Info: Option `pageanchor' set `false' on input line 89.
LaTeX Font Info:    Trying to load font information for U+msa on input line 99.


(/usr/local/texlive/2026/texmf-dist/tex/latex/amsfonts/umsa.fd
File: umsa.fd 2013/01/14 v3.01 AMS symbols A
)
(/usr/local/texlive/2026/texmf-dist/tex/latex/microtype/mt-msa.cfg
File: mt-msa.cfg 2006/02/04 v1.1 microtype config. file: AMS symbols (a) (RS)
)
LaTeX Font Info:    Trying to load font information for U+msb on input line 99.


(/usr/local/texlive/2026/texmf-dist/tex/latex/amsfonts/umsb.fd
File: umsb.fd 2013/01/14 v3.01 AMS symbols B
)
(/usr/local/texlive/2026/texmf-dist/tex/latex/microtype/mt-msb.cfg
File: mt-msb.cfg 2005/06/01 v1.0 microtype config. file: AMS symbols (b) (RS)
)
LaTeX Font Info:    Trying to load font information for U+rsfs on input line 99
.

(/usr/local/texlive/2026/texmf-dist/tex/latex/jknapltx/ursfs.fd
File: ursfs.fd 1998/03/24 rsfs font definition file (jk)
) [1



{/usr/local/texlive/2026/texmf-var/fonts/map/pdftex/updmap/pdftex.map}{/usr/loc
al/texlive/2026/texmf-dist/fonts/enc/dvips/cm-super/cm-super-t1.enc}] [2

]
<Figures/LoGOTS.png, id=338, 668.4975pt x 376.40625pt>
File: Figures/LoGOTS.png Graphic file (type png)
<use Figures/LoGOTS.png>
Package pdftex.def Info: Figures/LoGOTS.png  used on input line 109.
(pdftex.def)             Requested size: 187.89912pt x 105.80081pt.
<Figures/logouis.png, id=340, 1196.47pt x 596.2275pt>
File: Figures/logouis.png Graphic file (type png)
<use Figures/logouis.png>
Package pdftex.def Info: Figures/logouis.png  used on input line 113.
(pdftex.def)             Requested size: 187.89912pt x 93.63339pt.
 [1

 <./Figures/LoGOTS.png> <./Figures/logouis.png>]
Package hyperref Info: Option `pageanchor' set `true' on input line 141.
 [2

] (out/main.toc [3] [4])
\tf@toc=\write4
\openout4 = `main.toc'.

 [5] [6

]
(out/main.lof [7])
\tf@lof=\write5
\openout5 = `main.lof'.

 [8] (./Abstract/abstract.tex)
(./Abstract/acknowledgements.tex) [1

] [2

]
Chapter 1.
[3] (./Chapter 1/chap1.tex [4

] [5] [6] [7] [8] [9] [10] [11] [12] [13])
[14]
Chapter 2.
[15

] (./Chapter 2/chap2.tex [16

] [17] [18] [19]
Underfull \hbox (badness 1360) in paragraph at lines 64--65
[]\T1/cmr/m/n/10 (+20) Scalar field: a tem-per-a-ture, the New-to-nian
 []

[20] [21]
<Chapter 2/Figures/TercerPostu.pdf, id=757, 463.89328pt x 557.87683pt>
File: Chapter 2/Figures/TercerPostu.pdf Graphic file (type pdf)
<use Chapter 2/Figures/TercerPostu.pdf>
Package pdftex.def Info: Chapter 2/Figures/TercerPostu.pdf  used on input line 
111.
(pdftex.def)             Requested size: 234.87749pt x 282.4619pt.
 [22{/usr/local/texlive/2026/texmf-dist/fonts/enc/dvips/cm-super/cm-super-ts1.e
nc} <./Chapter 2/Figures/TercerPostu.pdf>]
<Chapter 2/Figures/CartasS1.pdf, id=790, 519.80968pt x 235.90918pt>
File: Chapter 2/Figures/CartasS1.pdf Graphic file (type pdf)
<use Chapter 2/Figures/CartasS1.pdf>
Package pdftex.def Info: Chapter 2/Figures/CartasS1.pdf  used on input line 145
.
(pdftex.def)             Requested size: 422.77661pt x 191.8809pt.
 [23 <./Chapter 2/Figures/CartasS1.pdf>]
<Chapter 2/Figures/S2toR2.pdf, id=814, 486.24911pt x 219.0317pt>
File: Chapter 2/Figures/S2toR2.pdf Graphic file (type pdf)
<use Chapter 2/Figures/S2toR2.pdf>
Package pdftex.def Info: Chapter 2/Figures/S2toR2.pdf  used on input line 192.
(pdftex.def)             Requested size: 375.80542pt x 169.28992pt.


LaTeX Warning: `h' float specifier changed to `ht'.

[24]
<Chapter 2/Figures/SphereMap.pdf, id=825, 525.7695pt x 256.08446pt>
File: Chapter 2/Figures/SphereMap.pdf Graphic file (type pdf)
<use Chapter 2/Figures/SphereMap.pdf>
Package pdftex.def Info: Chapter 2/Figures/SphereMap.pdf  used on input line 20
7.
(pdftex.def)             Requested size: 375.80542pt x 183.0482pt.
<Chapter 2/Figures/Estereo.pdf, id=826, 526.31415pt x 267.10257pt>
File: Chapter 2/Figures/Estereo.pdf Graphic file (type pdf)
<use Chapter 2/Figures/Estereo.pdf>
Package pdftex.def Info: Chapter 2/Figures/Estereo.pdf  used on input line 220.

(pdftex.def)             Requested size: 328.82706pt x 166.87755pt.


LaTeX Warning: `h' float specifier changed to `ht'.

[25 <./Chapter 2/Figures/S2toR2.pdf>]
<Chapter 2/Figures/SmoothFunc.pdf, id=847, 554.77423pt x 278.21143pt>
File: Chapter 2/Figures/SmoothFunc.pdf Graphic file (type pdf)
<use Chapter 2/Figures/SmoothFunc.pdf>
Package pdftex.def Info: Chapter 2/Figures/SmoothFunc.pdf  used on input line 2
38.
(pdftex.def)             Requested size: 328.82706pt x 164.90744pt.


LaTeX Warning: `h' float specifier changed to `ht'.

[26 <./Chapter 2/Figures/SphereMap.pdf>]
<Chapter 2/Figures/Curva.pdf, id=871, 520.0624pt x 312.99016pt>
File: Chapter 2/Figures/Curva.pdf Graphic file (type pdf)
<use Chapter 2/Figures/Curva.pdf>
Package pdftex.def Info: Chapter 2/Figures/Curva.pdf  used on input line 286.
(pdftex.def)             Requested size: 328.82706pt x 197.90598pt.


LaTeX Warning: `h' float specifier changed to `ht'.

[27 <./Chapter 2/Figures/Estereo.pdf>] [28 <./Chapter 2/Figures/SmoothFunc.pdf>
]
<Chapter 2/Figures/Tangents.pdf, id=917, 550.74263pt x 381.19296pt>
File: Chapter 2/Figures/Tangents.pdf Graphic file (type pdf)
<use Chapter 2/Figures/Tangents.pdf>
Package pdftex.def Info: Chapter 2/Figures/Tangents.pdf  used on input line 368
.
(pdftex.def)             Requested size: 328.82706pt x 227.60075pt.


LaTeX Warning: `h' float specifier changed to `ht'.

[29 <./Chapter 2/Figures/Curva.pdf>]
Underfull \hbox (badness 10000) in paragraph at lines 377--378

 []

[30 <./Chapter 2/Figures/Tangents.pdf>]
Underfull \hbox (badness 10000) in paragraph at lines 394--395

 []

[31]
Underfull \hbox (badness 10000) in paragraph at lines 442--443

 []


Underfull \hbox (badness 10000) in paragraph at lines 444--445

 []

[32] [33] [34] [35] [36] [37] [38]
Underfull \hbox (badness 10000) in paragraph at lines 699--700

 []

[39] [40]
Underfull \hbox (badness 10000) in paragraph at lines 782--783

 []

[41] [42]
Underfull \hbox (badness 10000) in paragraph at lines 816--817

 []

[43] [44] [45] [46] [47] [48])
Underfull \hbox (badness 10000) in paragraph at lines 975--175

 []

[49] [50

]
Chapter 3.
[51] (./Chapter 3/chap3.tex [52

]
Underfull \hbox (badness 10000) in paragraph at lines 37--38

 []


Underfull \hbox (badness 10000) in paragraph at lines 41--42

 []


Underfull \hbox (badness 10000) in paragraph at lines 45--46

 []


Underfull \hbox (badness 10000) in paragraph at lines 47--48

 []

[53]
Overfull \hbox (7.52443pt too wide) in paragraph at lines 49--50
[]\T1/cmr/m/n/10.95 (-20) General rel-a-tiv-ity also pro-vides the foun-da-tion
 for un-der-stand-ing black holes, where the grav-i-ta-tional
 []


Underfull \hbox (badness 10000) in paragraph at lines 57--58

 []


Underfull \hbox (badness 10000) in paragraph at lines 65--66

 []

[54]
Underfull \hbox (badness 10000) in paragraph at lines 79--80

 []

[55]
Underfull \hbox (badness 10000) in paragraph at lines 131--132

 []

[56] [57]
Underfull \hbox (badness 10000) in paragraph at lines 176--177

 []

<Chapter 3/Figures/CircularTrajectory.pdf, id=1231, 216.03482pt x 195.97885pt>
File: Chapter 3/Figures/CircularTrajectory.pdf Graphic file (type pdf)
<use Chapter 3/Figures/CircularTrajectory.pdf>
Package pdftex.def Info: Chapter 3/Figures/CircularTrajectory.pdf  used on inpu
t line 205.
(pdftex.def)             Requested size: 234.87749pt x 213.07443pt.

LaTeX Warning: `h' float specifier changed to `ht'.

[58] [59 <./Chapter 3/Figures/CircularTrajectory.pdf>] [60]
<Chapter 3/Figures/TidalForces.pdf, id=1276, 516.03128pt x 221.52376pt>
File: Chapter 3/Figures/TidalForces.pdf Graphic file (type pdf)
<use Chapter 3/Figures/TidalForces.pdf>
Package pdftex.def Info: Chapter 3/Figures/TidalForces.pdf  used on input line 
286.
(pdftex.def)             Requested size: 328.82706pt x 141.16628pt.
 [61 <./Chapter 3/Figures/TidalForces.pdf>]
<Chapter 3/Figures/LightDeflection.pdf, id=1340, 535.83777pt x 153.67494pt>
File: Chapter 3/Figures/LightDeflection.pdf Graphic file (type pdf)
<use Chapter 3/Figures/LightDeflection.pdf>
Package pdftex.def Info: Chapter 3/Figures/LightDeflection.pdf  used on input l
ine 297.
(pdftex.def)             Requested size: 422.77661pt x 121.25412pt.

Underfull \hbox (badness 10000) in paragraph at lines 302--303

 []

[62 <./Chapter 3/Figures/LightDeflection.pdf>] [63]
<Chapter 3/Figures/Spacetimediagram.pdf, id=1395, 247.00835pt x 147.7273pt>
File: Chapter 3/Figures/Spacetimediagram.pdf Graphic file (type pdf)
<use Chapter 3/Figures/Spacetimediagram.pdf>
Package pdftex.def Info: Chapter 3/Figures/Spacetimediagram.pdf  used on input 
line 385.
(pdftex.def)             Requested size: 328.82706pt x 196.66641pt.
 [64 <./Chapter 3/Figures/Spacetimediagram.pdf>] [65]
Underfull \hbox (badness 10000) in paragraph at lines 442--443

 []

[66]
Underfull \hbox (badness 10000) in paragraph at lines 469--470

 []

[67]
<Chapter 3/Figures/ConoDeLuz.pdf, id=1451, 242.73465pt x 232.10233pt>
File: Chapter 3/Figures/ConoDeLuz.pdf Graphic file (type pdf)
<use Chapter 3/Figures/ConoDeLuz.pdf>
Package pdftex.def Info: Chapter 3/Figures/ConoDeLuz.pdf  used on input line 52
9.
(pdftex.def)             Requested size: 234.87749pt x 224.60065pt.

Underfull \hbox (badness 10000) in paragraph at lines 534--535

 []

[68 <./Chapter 3/Figures/ConoDeLuz.pdf>]
Underfull \hbox (badness 10000) in paragraph at lines 542--543

 []

<Chapter 3/Figures/TimeCurve.pdf, id=1479, 396.90128pt x 227.74559pt>
File: Chapter 3/Figures/TimeCurve.pdf Graphic file (type pdf)
<use Chapter 3/Figures/TimeCurve.pdf>
Package pdftex.def Info: Chapter 3/Figures/TimeCurve.pdf  used on input line 54
8.
(pdftex.def)             Requested size: 234.87749pt x 134.77531pt.
[69 <./Chapter 3/Figures/TimeCurve.pdf>]
Underfull \hbox (badness 10000) in paragraph at lines 587--588

 []

<Chapter 3/Figures/Variational.pdf, id=1510, 487.90067pt x 332.89595pt>
File: Chapter 3/Figures/Variational.pdf Graphic file (type pdf)
<use Chapter 3/Figures/Variational.pdf>
Package pdftex.def Info: Chapter 3/Figures/Variational.pdf  used on input line 
593.
(pdftex.def)             Requested size: 234.87749pt x 160.25555pt.
[70 <./Chapter 3/Figures/Variational.pdf>]
Underfull \hbox (badness 10000) in paragraph at lines 606--607

 []

[71] [72] [73]
Underfull \hbox (badness 10000) in paragraph at lines 757--758

 []

[74] [75]
Underfull \hbox (badness 10000) in paragraph at lines 851--852

 []

[76] [77] [78] [79] [80]
Overfull \hbox (4.36737pt too wide) in paragraph at lines 1059--1060
[]\T1/cmr/m/n/10.95 (-20) It is easy to prove that the po-si-tion of a par-ti-c
le can be de-ter-mined us-ing these three trans-for-ma-tions,
 []

[81]
Underfull \hbox (badness 10000) in paragraph at lines 1097--1098

 []

[82]
Underfull \hbox (badness 10000) in paragraph at lines 1149--1150

 []

[83]
Underfull \hbox (badness 10000) in paragraph at lines 1198--1199

 []

[84]
Underfull \hbox (badness 10000) in paragraph at lines 1248--1249

 []

<Chapter 3/Figures/tdeu.pdf, id=1697, 510.38724pt x 410.2243pt>
File: Chapter 3/Figures/tdeu.pdf Graphic file (type pdf)
<use Chapter 3/Figures/tdeu.pdf>
Package pdftex.def Info: Chapter 3/Figures/tdeu.pdf  used on input line 1254.
(pdftex.def)             Requested size: 328.82706pt x 264.29532pt.

LaTeX Warning: `h' float specifier changed to `ht'.

[85]
Underfull \hbox (badness 10000) in paragraph at lines 1297--1298

 []

[86 <./Chapter 3/Figures/tdeu.pdf>] [87]
Overfull \hbox (9.00922pt too wide) in paragraph at lines 1355--1356
[]\T1/cmr/m/n/10.95 (-20) This means the Rie-mann's cur-va-ture ten-sors is mul
-ti-lin-ear in his two ar-gu-ments, the demon-stra-tion
 []

[88]
<Chapter 3/Figures/Tareinha.pdf, id=1757, 432.18428pt x 344.15811pt>
File: Chapter 3/Figures/Tareinha.pdf Graphic file (type pdf)
<use Chapter 3/Figures/Tareinha.pdf>
Package pdftex.def Info: Chapter 3/Figures/Tareinha.pdf  used on input line 144
9.
(pdftex.def)             Requested size: 281.85585pt x 224.46158pt.


LaTeX Warning: `h' float specifier changed to `ht'.

[89]
Underfull \hbox (badness 10000) in paragraph at lines 1460--1461

 []


Underfull \hbox (badness 10000) in paragraph at lines 1462--1463

 []

[90 <./Chapter 3/Figures/Tareinha.pdf>] [91]
Underfull \hbox (badness 10000) in paragraph at lines 1551--1552

 []

[92] [93]
Underfull \hbox (badness 10000) in paragraph at lines 1651--1652

 []

[94] [95] [96] [97]
<Chapter 3/Figures/GeodesicDeviation.pdf, id=1903, 315.66678pt x 248.5187pt>
File: Chapter 3/Figures/GeodesicDeviation.pdf Graphic file (type pdf)
<use Chapter 3/Figures/GeodesicDeviation.pdf>
Package pdftex.def Info: Chapter 3/Figures/GeodesicDeviation.pdf  used on input
 line 1800.
(pdftex.def)             Requested size: 352.31624pt x 277.37964pt.


LaTeX Warning: `h' float specifier changed to `ht'.

[98] [99 <./Chapter 3/Figures/GeodesicDeviation.pdf>] [100] [101] [102]
[103] [104] [105] [106] [107] [108]
<Chapter 3/Figures/surface.pdf, id=2043, 285.55363pt x 199.62965pt>
File: Chapter 3/Figures/surface.pdf Graphic file (type pdf)
<use Chapter 3/Figures/surface.pdf>
Package pdftex.def Info: Chapter 3/Figures/surface.pdf  used on input line 2234
.
(pdftex.def)             Requested size: 117.43874pt x 82.1015pt.
 [109 <./Chapter 3/Figures/surface.pdf>]
[110] [111] [112] [113] [114] [115] [116] [117] [118] [119] [120] [121]
[122] [123] [124] [125]) [126]
Chapter 4.
[127

] (./Chapter 4/chap4.tex [128

] [129] [130]
Underfull \hbox (badness 10000) in paragraph at lines 160--161

 []

[131] [132]
Underfull \hbox (badness 10000) in paragraph at lines 274--275

 []

[133] [134] [135] [136]
<Chapter 4/Figures/Distribution.pdf, id=2354, 527.08919pt x 376.52669pt>
File: Chapter 4/Figures/Distribution.pdf Graphic file (type pdf)
<use Chapter 4/Figures/Distribution.pdf>
Package pdftex.def Info: Chapter 4/Figures/Distribution.pdf  used on input line
 428.
(pdftex.def)             Requested size: 422.77661pt x 302.02034pt.
) (out/main.bbl [137 <./Chapter 4/Figures/Distribution.pdf>] [138

] [139] [140]) [141] (out/main.aux)
 ***********
LaTeX2e <2025-11-01>
L3 programming layer <2026-01-19>
 ***********
Package rerunfilecheck Info: File `main.out' has not changed.
(rerunfilecheck)             Checksum: D73CCF018091E43948EED69E45F5A6A0;17749.
 ) 
Here is how much of TeX's memory you used:
 21438 strings out of 467525
 340958 string characters out of 5418982
 824201 words of memory out of 5000000
 48671 multiletter control sequences out of 15000+600000
 678376 words of font info for 352 fonts, out of 8000000 for 9000
 1141 hyphenation exceptions out of 8191
 72i,22n,79p,1992b,691s stack positions out of 10000i,1000n,20000p,200000b,200000s
</usr/local/texlive/2026/texmf-dist/fonts/type1/public/amsfonts/cm/cmbx10.pfb
></usr/local/texlive/2026/texmf-dist/fonts/type1/public/amsfonts/cm/cmbx8.pfb><
/usr/local/texlive/2026/texmf-dist/fonts/type1/public/amsfonts/cm/cmex10.pfb></
usr/local/texlive/2026/texmf-dist/fonts/type1/public/amsfonts/cmextra/cmex8.pfb
></usr/local/texlive/2026/texmf-dist/fonts/type1/public/amsfonts/cm/cmmi10.pfb>
</usr/local/texlive/2026/texmf-dist/fonts/type1/public/amsfonts/cm/cmmi6.pfb></
usr/local/texlive/2026/texmf-dist/fonts/type1/public/amsfonts/cm/cmmi7.pfb></us
r/local/texlive/2026/texmf-dist/fonts/type1/public/amsfonts/cm/cmmi8.pfb></usr/
local/texlive/2026/texmf-dist/fonts/type1/public/amsfonts/cm/cmmi9.pfb></usr/lo
cal/texlive/2026/texmf-dist/fonts/type1/public/amsfonts/cm/cmr10.pfb></usr/loca
l/texlive/2026/texmf-dist/fonts/type1/public/amsfonts/cm/cmr6.pfb></usr/local/t
exlive/2026/texmf-dist/fonts/type1/public/amsfonts/cm/cmr7.pfb></usr/local/texl
ive/2026/texmf-dist/fonts/type1/public/amsfonts/cm/cmr8.pfb></usr/local/texlive
/2026/texmf-dist/fonts/type1/public/amsfonts/cm/cmsy10.pfb></usr/local/texlive/
2026/texmf-dist/fonts/type1/public/amsfonts/cm/cmsy6.pfb></usr/local/texlive/20
26/texmf-dist/fonts/type1/public/amsfonts/cm/cmsy8.pfb></usr/local/texlive/2026
/texmf-dist/fonts/type1/public/amsfonts/symbols/msam10.pfb></usr/local/texlive/
2026/texmf-dist/fonts/type1/public/amsfonts/symbols/msbm10.pfb></usr/local/texl
ive/2026/texmf-dist/fonts/type1/public/rsfs/rsfs10.pfb></usr/local/texlive/2026
/texmf-dist/fonts/type1/public/cm-super/sfbi1095.pfb></usr/local/texlive/2026/t
exmf-dist/fonts/type1/public/cm-super/sfbx1000.pfb></usr/local/texlive/2026/tex
mf-dist/fonts/type1/public/cm-super/sfbx1095.pfb></usr/local/texlive/2026/texmf
-dist/fonts/type1/public/cm-super/sfbx1200.pfb></usr/local/texlive/2026/texmf-d
ist/fonts/type1/public/cm-super/sfbx1440.pfb></usr/local/texlive/2026/texmf-dis
t/fonts/type1/public/cm-super/sfbx2488.pfb></usr/local/texlive/2026/texmf-dist/
fonts/type1/public/cm-super/sfrm0600.pfb></usr/local/texlive/2026/texmf-dist/fo
nts/type1/public/cm-super/sfrm0800.pfb></usr/local/texlive/2026/texmf-dist/font
s/type1/public/cm-super/sfrm0900.pfb></usr/local/texlive/2026/texmf-dist/fonts/
type1/public/cm-super/sfrm1000.pfb></usr/local/texlive/2026/texmf-dist/fonts/ty
pe1/public/cm-super/sfrm1095.pfb></usr/local/texlive/2026/texmf-dist/fonts/type
1/public/cm-super/sfrm1200.pfb></usr/local/texlive/2026/texmf-dist/fonts/type1/
public/cm-super/sfti1095.pfb></usr/local/texlive/2026/texmf-dist/fonts/type1/pu
blic/cm-super/sfti1200.pfb></usr/local/texlive/2026/texmf-dist/fonts/type1/publ
ic/cm-super/sfti2488.pfb>
Output written on out/main.pdf (151 pages, 1341521 bytes).
PDF statistics:
 2728 PDF objects out of 2984 (max. 8388607)
 2358 compressed objects within 24 object streams
 889 named destinations out of 1000 (max. 500000)
 78575 words of extra memory for PDF output out of 89155 (max. 10000000)

