This is pdfTeX, Version 3.141592653-2.6-1.40.29 (TeX Live 2026) (preloaded format=pdflatex 2026.3.22)  20 SEP 2026 23:49
entering extended mode
 restricted \write18 enabled.
 file:line:error style messages enabled.
 %&-line parsing enabled.
**/Users/jafertserrano/Desktop/U/Lectures-on-Physics/Lectures_On_Quantum_Optics/main.tex
(/Users/jafertserrano/Desktop/U/Lectures-on-Physics/Lectures_On_Quantum_Optics/main.tex
LaTeX2e <2025-11-01>
L3 programming layer <2026-01-19>
(/usr/local/texlive/2026/texmf-dist/tex/latex/base/book.cls
Document Class: book 2025/01/22 v1.4n Standard LaTeX document class
(/usr/local/texlive/2026/texmf-dist/tex/latex/base/bk11.clo
File: bk11.clo 2025/01/22 v1.4n Standard LaTeX file (size option)
)
\c@part=\count275
\c@chapter=\count276
\c@section=\count277
\c@subsection=\count278
\c@subsubsection=\count279
\c@paragraph=\count280
\c@subparagraph=\count281
\c@figure=\count282
\c@table=\count283
\abovecaptionskip=\skip49
\belowcaptionskip=\skip50
\bibindent=\dimen148
) (/usr/local/texlive/2026/texmf-dist/tex/latex/base/inputenc.sty
Package: inputenc 2024/02/08 v1.3d Input encoding file
\inpenc@prehook=\toks17
\inpenc@posthook=\toks18
) (/usr/local/texlive/2026/texmf-dist/tex/latex/base/fontenc.sty
Package: fontenc 2025/07/18 v2.1d Standard LaTeX package
) (/usr/local/texlive/2026/texmf-dist/tex/generic/babel/babel.sty
Package: babel 2026/03/08 v26.4 The multilingual framework for LuaLaTeX, pdfLaTeX and XeLaTeX
\babel@savecnt=\count284
LaTeX Encoding Info:    Redeclaring text command \ij (encoding OT1) on input line 2078.
LaTeX Encoding Info:    Redeclaring text command \IJ (encoding OT1) on input line 2080.
LaTeX Encoding Info:    Redeclaring text command \ij (encoding T1) on input line 2082.
LaTeX Encoding Info:    Redeclaring text command \IJ (encoding T1) on input line 2083.
LaTeX Encoding Info:    Ignoring declaration for text command \ij (encoding ?) on input line 2084.
LaTeX Encoding Info:    Ignoring declaration for text command \IJ (encoding ?) on input line 2086.
LaTeX Encoding Info:    Ignoring declaration for text command \SS (encoding ?) on input line 2111.
\U@D=\dimen149
\l@unhyphenated=\language91
 (/usr/local/texlive/2026/texmf-dist/tex/generic/babel/txtbabel.def)
\bbl@readstream=\read2
\bbl@dirlevel=\count285
 (/usr/local/texlive/2026/texmf-dist/tex/generic/babel/locale/es/babel-spanish.tex)
Package babel Info: Importing font and identification data for spanish
(babel)             from babel-es.ini. Reported on input line 4330.
 (/usr/local/texlive/2026/texmf-dist/tex/generic/babel-spanish/spanish.ldf
Language: spanish.ldf 2021/05/27 v5.0q Spanish support from the babel system
\es@quottoks=\toks19
\es@quotdepth=\count286
Package babel Info: Making " an active character on input line 570.
Package babel Info: Making . an active character on input line 675.
Package babel Info: Making < an active character on input line 722.
Package babel Info: Making > an active character on input line 722.
))
LaTeX Encoding Info:    Redeclaring text command \guillemotleft (encoding OT1) on input line 5.
LaTeX Encoding Info:    Redeclaring text command \guillemotright (encoding OT1) on input line 5.
 (/usr/local/texlive/2026/texmf-dist/tex/latex/hyphenat/hyphenat.sty
Package: hyphenat 2009/09/02 v2.3c hyphenation utilities
\langwohyphens=\language92
LaTeX Info: Redefining \_ on input line 43.
) (/usr/local/texlive/2026/texmf-dist/tex/latex/geometry/geometry.sty
Package: geometry 2026/03/07 v6.0 Page Geometry
 (/usr/local/texlive/2026/texmf-dist/tex/latex/graphics/keyval.sty
Package: keyval 2022/05/29 v1.15 key=value parser (DPC)
\KV@toks@=\toks20
) (/usr/local/texlive/2026/texmf-dist/tex/generic/iftex/ifvtex.sty
Package: ifvtex 2019/10/25 v1.7 ifvtex legacy package. Use iftex instead.
 (/usr/local/texlive/2026/texmf-dist/tex/generic/iftex/iftex.sty
Package: iftex 2024/12/12 v1.0g TeX engine tests
))
\Gm@cnth=\count287
\Gm@cntv=\count288
\c@Gm@tempcnt=\count289
\Gm@bindingoffset=\dimen150
\Gm@wd@mp=\dimen151
\Gm@odd@mp=\dimen152
\Gm@even@mp=\dimen153
\Gm@layoutwidth=\dimen154
\Gm@layoutheight=\dimen155
\Gm@layouthoffset=\dimen156
\Gm@layoutvoffset=\dimen157
\Gm@dimlist=\toks21
) (/usr/local/texlive/2026/texmf-dist/tex/latex/amsmath/amsmath.sty
Package: amsmath 2025/07/09 v2.17z AMS math features
\@mathmargin=\skip51

For additional information on amsmath, use the `?' option.
(/usr/local/texlive/2026/texmf-dist/tex/latex/amsmath/amstext.sty
Package: amstext 2024/11/17 v2.01 AMS text
 (/usr/local/texlive/2026/texmf-dist/tex/latex/amsmath/amsgen.sty
File: amsgen.sty 1999/11/30 v2.0 generic functions
\@emptytoks=\toks22
\ex@=\dimen158
)) (/usr/local/texlive/2026/texmf-dist/tex/latex/amsmath/amsbsy.sty
Package: amsbsy 1999/11/29 v1.2d Bold Symbols
\pmbraise@=\dimen159
) (/usr/local/texlive/2026/texmf-dist/tex/latex/amsmath/amsopn.sty
Package: amsopn 2022/04/08 v2.04 operator names
)
\inf@bad=\count290
LaTeX Info: Redefining \frac on input line 233.
\uproot@=\count291
\leftroot@=\count292
LaTeX Info: Redefining \overline on input line 398.
LaTeX Info: Redefining \colon on input line 409.
\classnum@=\count293
\DOTSCASE@=\count294
LaTeX Info: Redefining \ldots on input line 495.
LaTeX Info: Redefining \dots on input line 498.
LaTeX Info: Redefining \cdots on input line 619.
\Mathstrutbox@=\box53
\strutbox@=\box54
LaTeX Info: Redefining \big on input line 721.
LaTeX Info: Redefining \Big on input line 722.
LaTeX Info: Redefining \bigg on input line 723.
LaTeX Info: Redefining \Bigg on input line 724.
\big@size=\dimen160
LaTeX Font Info:    Redeclaring font encoding OML on input line 742.
LaTeX Font Info:    Redeclaring font encoding OMS on input line 743.
\macc@depth=\count295
LaTeX Info: Redefining \bmod on input line 904.
LaTeX Info: Redefining \pmod on input line 909.
LaTeX Info: Redefining \smash on input line 939.
LaTeX Info: Redefining \relbar on input line 969.
LaTeX Info: Redefining \Relbar on input line 970.
\c@MaxMatrixCols=\count296
\dotsspace@=\muskip17
\c@parentequation=\count297
\dspbrk@lvl=\count298
\tag@help=\toks23
\row@=\count299
\column@=\count300
\maxfields@=\count301
\andhelp@=\toks24
\eqnshift@=\dimen161
\alignsep@=\dimen162
\tagshift@=\dimen163
\tagwidth@=\dimen164
\totwidth@=\dimen165
\lineht@=\dimen166
\@envbody=\toks25
\multlinegap=\skip52
\multlinetaggap=\skip53
\mathdisplay@stack=\toks26
LaTeX Info: Redefining \[ on input line 2950.
LaTeX Info: Redefining \] on input line 2951.
) (/usr/local/texlive/2026/texmf-dist/tex/latex/amsfonts/amsfonts.sty
Package: amsfonts 2013/01/14 v3.01 Basic AMSFonts support
\symAMSa=\mathgroup4
\symAMSb=\mathgroup5
LaTeX Font Info:    Redeclaring math symbol \hbar on input line 98.
LaTeX Font Info:    Overwriting math alphabet `\mathfrak' in version `bold'
(Font)                  U/euf/m/n --> U/euf/b/n on input line 106.
) (/usr/local/texlive/2026/texmf-dist/tex/latex/amsfonts/amssymb.sty
Package: amssymb 2013/01/14 v3.01 AMS font symbols
) (/usr/local/texlive/2026/texmf-dist/tex/latex/jknapltx/mathrsfs.sty
Package: mathrsfs 1996/01/01 Math RSFS package v1.0 (jk)
\symrsfs=\mathgroup6
) (/usr/local/texlive/2026/texmf-dist/tex/latex/tools/bm.sty
Package: bm 2025/10/21 v1.2g Bold Symbol Support (DPC/FMi)
\symboldoperators=\mathgroup7
\symboldletters=\mathgroup8
\symboldsymbols=\mathgroup9
Package bm Info: No bold for \OMX/cmex/m/n, using \pmb.
Package bm Info: No bold for \U/msa/m/n, using \pmb.
Package bm Info: No bold for \U/msb/m/n, using \pmb.
Package bm Info: No bold for \U/rsfs/m/n, using \pmb.
LaTeX Font Info:    Redeclaring math alphabet \mathbf on input line 149.
) (/usr/local/texlive/2026/texmf-dist/tex/latex/xcolor/xcolor.sty
Package: xcolor 2024/09/29 v3.02 LaTeX color extensions (UK)
 (/usr/local/texlive/2026/texmf-dist/tex/latex/graphics-cfg/color.cfg
File: color.cfg 2016/01/02 v1.6 sample color configuration
)
Package xcolor Info: Driver file: pdftex.def on input line 274.
 (/usr/local/texlive/2026/texmf-dist/tex/latex/graphics-def/pdftex.def
File: pdftex.def 2025/09/29 v1.2d Graphics/color driver for pdftex
) (/usr/local/texlive/2026/texmf-dist/tex/latex/graphics/mathcolor.ltx)
Package xcolor Info: Model `cmy' substituted by `cmy0' on input line 1349.
Package xcolor Info: Model `hsb' substituted by `rgb' on input line 1353.
Package xcolor Info: Model `RGB' extended on input line 1365.
Package xcolor Info: Model `HTML' substituted by `rgb' on input line 1367.
Package xcolor Info: Model `Hsb' substituted by `hsb' on input line 1368.
Package xcolor Info: Model `tHsb' substituted by `hsb' on input line 1369.
Package xcolor Info: Model `HSB' substituted by `hsb' on input line 1370.
Package xcolor Info: Model `Gray' substituted by `gray' on input line 1371.
Package xcolor Info: Model `wave' substituted by `hsb' on input line 1372.
) (/usr/local/texlive/2026/texmf-dist/tex/latex/cancel/cancel.sty
Package: cancel 2013/04/12 v2.2 Cancel math terms
) (/usr/local/texlive/2026/texmf-dist/tex/latex/graphics/graphicx.sty
Package: graphicx 2024/12/31 v1.2e Enhanced LaTeX Graphics (DPC,SPQR)
 (/usr/local/texlive/2026/texmf-dist/tex/latex/graphics/graphics.sty
Package: graphics 2024/08/06 v1.4g Standard LaTeX Graphics (DPC,SPQR)
 (/usr/local/texlive/2026/texmf-dist/tex/latex/graphics/trig.sty
Package: trig 2023/12/02 v1.11 sin cos tan (DPC)
) (/usr/local/texlive/2026/texmf-dist/tex/latex/graphics-cfg/graphics.cfg
File: graphics.cfg 2016/06/04 v1.11 sample graphics configuration
)
Package graphics Info: Driver file: pdftex.def on input line 106.
)
\Gin@req@height=\dimen167
\Gin@req@width=\dimen168
) (/usr/local/texlive/2026/texmf-dist/tex/latex/epstopdf-pkg/epstopdf.sty
Package: epstopdf 2020-01-24 v2.11 Conversion with epstopdf on the fly (HO)
 (/usr/local/texlive/2026/texmf-dist/tex/generic/infwarerr/infwarerr.sty
Package: infwarerr 2019/12/03 v1.5 Providing info/warning/error messages (HO)
) (/usr/local/texlive/2026/texmf-dist/tex/latex/grfext/grfext.sty
Package: grfext 2019/12/03 v1.3 Manage graphics extensions (HO)
 (/usr/local/texlive/2026/texmf-dist/tex/generic/kvdefinekeys/kvdefinekeys.sty
Package: kvdefinekeys 2019-12-19 v1.6 Define keys (HO)
)) (/usr/local/texlive/2026/texmf-dist/tex/latex/kvoptions/kvoptions.sty
Package: kvoptions 2022-06-15 v3.15 Key value format for package options (HO)
 (/usr/local/texlive/2026/texmf-dist/tex/generic/ltxcmds/ltxcmds.sty
Package: ltxcmds 2023-12-04 v1.26 LaTeX kernel commands for general use (HO)
) (/usr/local/texlive/2026/texmf-dist/tex/latex/kvsetkeys/kvsetkeys.sty
Package: kvsetkeys 2022-10-05 v1.19 Key value parser (HO)
)) (/usr/local/texlive/2026/texmf-dist/tex/generic/pdftexcmds/pdftexcmds.sty
Package: pdftexcmds 2020-06-27 v0.33 Utility functions of pdfTeX for LuaTeX (HO)
Package pdftexcmds Info: \pdf@primitive is available.
Package pdftexcmds Info: \pdf@ifprimitive is available.
Package pdftexcmds Info: \pdfdraftmode found.
) (/usr/local/texlive/2026/texmf-dist/tex/latex/epstopdf-pkg/epstopdf-base.sty
Package: epstopdf-base 2020-01-24 v2.11 Base part for package epstopdf
Package epstopdf-base Info: Redefining graphics rule for `.eps' on input line 485.
Package grfext Info: Graphics extension search list:
(grfext)             [.pdf,.png,.jpg,.mps,.jpeg,.jbig2,.jb2,.PDF,.PNG,.JPG,.JPEG,.JBIG2,.JB2,.eps]
(grfext)             \AppendGraphicsExtensions on input line 504.
 (/usr/local/texlive/2026/texmf-dist/tex/latex/latexconfig/epstopdf-sys.cfg
File: epstopdf-sys.cfg 2010/07/13 v1.3 Configuration of (r)epstopdf for TeX Live
))) (/usr/local/texlive/2026/texmf-dist/tex/latex/caption/subcaption.sty
Package: subcaption 2023/07/28 v1.6b Sub-captions (AR)
 (/usr/local/texlive/2026/texmf-dist/tex/latex/caption/caption.sty
Package: caption 2023/08/05 v3.6o Customizing captions (AR)
 (/usr/local/texlive/2026/texmf-dist/tex/latex/caption/caption3.sty
Package: caption3 2023/07/31 v2.4d caption3 kernel (AR)
\caption@tempdima=\dimen169
\captionmargin=\dimen170
\caption@leftmargin=\dimen171
\caption@rightmargin=\dimen172
\caption@width=\dimen173
\caption@indent=\dimen174
\caption@parindent=\dimen175
\caption@hangindent=\dimen176
Package caption Info: Standard document class detected.
)
\c@caption@flags=\count302
\c@continuedfloat=\count303
)
Package caption Info: New subtype `subfigure' on input line 238.
\c@subfigure=\count304
Package caption Info: New subtype `subtable' on input line 238.
\c@subtable=\count305
) (/usr/local/texlive/2026/texmf-dist/tex/latex/microtype/microtype.sty
Package: microtype 2026/03/01 v3.2d Micro-typographical refinements (RS)
 (/usr/local/texlive/2026/texmf-dist/tex/latex/etoolbox/etoolbox.sty
Package: etoolbox 2025/10/02 v2.5m e-TeX tools for LaTeX (JAW)
\etb@tempcnta=\count306
)
\MT@toks=\toks27
\MT@tempbox=\box55
\MT@count=\count307
LaTeX Info: Redefining \noprotrusionifhmode on input line 1084.
LaTeX Info: Redefining \leftprotrusion on input line 1085.
\MT@prot@toks=\toks28
LaTeX Info: Redefining \rightprotrusion on input line 1104.
LaTeX Info: Redefining \textls on input line 1449.
\MT@outer@kern=\dimen177
LaTeX Info: Redefining \microtypecontext on input line 2053.
LaTeX Info: Redefining \textmicrotypecontext on input line 2070.
\MT@listname@count=\count308
 (/usr/local/texlive/2026/texmf-dist/tex/latex/microtype/microtype-pdftex.def
File: microtype-pdftex.def 2026/03/01 v3.2d Definitions specific to pdftex (RS)
LaTeX Info: Redefining \lsstyle on input line 944.
LaTeX Info: Redefining \lslig on input line 944.
\MT@outer@space=\skip54
)
Package microtype Info: Loading configuration file microtype.cfg.
 (/usr/local/texlive/2026/texmf-dist/tex/latex/microtype/microtype.cfg
File: microtype.cfg 2026/03/01 v3.2d microtype main configuration file (RS)
)
LaTeX Info: Redefining \microtypesetup on input line 3065.
) (/usr/local/texlive/2026/texmf-dist/tex/latex/listings/listings.sty
\lst@mode=\count309
\lst@gtempboxa=\box56
\lst@token=\toks29
\lst@length=\count310
\lst@currlwidth=\dimen178
\lst@column=\count311
\lst@pos=\count312
\lst@lostspace=\dimen179
\lst@width=\dimen180
\lst@newlines=\count313
\lst@lineno=\count314
\lst@maxwidth=\dimen181
 (/usr/local/texlive/2026/texmf-dist/tex/latex/listings/lstpatch.sty
File: lstpatch.sty 2025/11/14 1.11b (Carsten Heinz)
) (/usr/local/texlive/2026/texmf-dist/tex/latex/listings/lstmisc.sty
File: lstmisc.sty 2025/11/14 1.11b (Carsten Heinz)
\c@lstnumber=\count315
\lst@skipnumbers=\count316
\lst@framebox=\box57
) (/usr/local/texlive/2026/texmf-dist/tex/latex/listings/listings.cfg
File: listings.cfg 2025/11/14 1.11b listings configuration
))
Package: listings 2025/11/14 1.11b (Carsten Heinz)

==> First Aid for listings.sty no longer applied!
    Expected:
        2024/09/23 1.10c (Carsten Heinz)
    but found:
        2025/11/14 1.11b (Carsten Heinz)
    so I'm assuming it got fixed.
(/usr/local/texlive/2026/texmf-dist/tex/latex/titlesec/titlesec.sty
Package: titlesec 2025/01/04 v2.17 Sectioning titles
\ttl@box=\box58
\beforetitleunit=\skip55
\aftertitleunit=\skip56
\ttl@plus=\dimen182
\ttl@minus=\dimen183
\ttl@toksa=\toks30
\titlewidth=\dimen184
\titlewidthlast=\dimen185
\titlewidthfirst=\dimen186
) (/usr/local/texlive/2026/texmf-dist/tex/latex/titlesec/titletoc.sty
Package: titletoc 2025/01/04 v2.17 TOC entries
\ttl@leftsep=\dimen187
) (/usr/local/texlive/2026/texmf-dist/tex/latex/fancyhdr/fancyhdr.sty
Package: fancyhdr 2025/02/07 v5.2 Extensive control of page headers and footers
\f@nch@headwidth=\skip57
\f@nch@offset@elh=\skip58
\f@nch@offset@erh=\skip59
\f@nch@offset@olh=\skip60
\f@nch@offset@orh=\skip61
\f@nch@offset@elf=\skip62
\f@nch@offset@erf=\skip63
\f@nch@offset@olf=\skip64
\f@nch@offset@orf=\skip65
\f@nch@height=\skip66
\f@nch@footalignment=\skip67
\f@nch@widthL=\skip68
\f@nch@widthC=\skip69
\f@nch@widthR=\skip70
\@temptokenb=\toks31
) (/usr/local/texlive/2026/texmf-dist/tex/latex/lineno/lineno.sty
Package: lineno 2026/03/08 line numbers on paragraphs v5.9
\linenopenalty=\count317
\output=\toks32
\linenoprevgraf=\count318
\linenumbersep=\dimen188
\linenumberwidth=\dimen189
\c@linenumber=\count319
\c@pagewiselinenumber=\count320
\c@LN@truepage=\count321
\c@internallinenumber=\count322
\c@internallinenumbers=\count323
\quotelinenumbersep=\dimen190
\bframerule=\dimen191
\bframesep=\dimen192
\bframebox=\box59
\@LN@amsmath@ams@eqpen=\count324
) (/usr/local/texlive/2026/texmf-dist/tex/latex/epigraph/epigraph.sty
Package: epigraph 2020/01/02 v1.5e typesetting epigraphs
 (/usr/local/texlive/2026/texmf-dist/tex/latex/nextpage/nextpage.sty
Package: nextpage 2009/09/03 v1.1a additional page commands
)
\beforeepigraphskip=\skip71
\afterepigraphskip=\skip72
\epigraphwidth=\skip73
\epigraphrule=\skip74
) (/usr/local/texlive/2026/texmf-dist/tex/latex/hyperref/hyperref.sty
Package: hyperref 2026-01-29 v7.01p Hypertext links for LaTeX
 (/usr/local/texlive/2026/texmf-dist/tex/generic/pdfescape/pdfescape.sty
Package: pdfescape 2019/12/09 v1.15 Implements pdfTeX's escape features (HO)
) (/usr/local/texlive/2026/texmf-dist/tex/latex/hycolor/hycolor.sty
Package: hycolor 2020-01-27 v1.10 Color options for hyperref/bookmark (HO)
) (/usr/local/texlive/2026/texmf-dist/tex/latex/hyperref/nameref.sty
Package: nameref 2026-01-29 v2.58 Cross-referencing by name of section
 (/usr/local/texlive/2026/texmf-dist/tex/latex/refcount/refcount.sty
Package: refcount 2019/12/15 v3.6 Data extraction from label references (HO)
) (/usr/local/texlive/2026/texmf-dist/tex/generic/gettitlestring/gettitlestring.sty
Package: gettitlestring 2019/12/15 v1.6 Cleanup title references (HO)
)
\c@section@level=\count325
) (/usr/local/texlive/2026/texmf-dist/tex/generic/stringenc/stringenc.sty
Package: stringenc 2019/11/29 v1.12 Convert strings between diff. encodings (HO)
)
\@linkdim=\dimen193
\Hy@linkcounter=\count326
\Hy@pagecounter=\count327
 (/usr/local/texlive/2026/texmf-dist/tex/latex/hyperref/pd1enc.def
File: pd1enc.def 2026-01-29 v7.01p Hyperref: PDFDocEncoding definition (HO)
Now handling font encoding PD1 ...
... no UTF-8 mapping file for font encoding PD1
) (/usr/local/texlive/2026/texmf-dist/tex/generic/intcalc/intcalc.sty
Package: intcalc 2019/12/15 v1.3 Expandable calculations with integers (HO)
)
\Hy@SavedSpaceFactor=\count328
 (/usr/local/texlive/2026/texmf-dist/tex/latex/hyperref/puenc.def
File: puenc.def 2026-01-29 v7.01p Hyperref: PDF Unicode definition (HO)
Now handling font encoding PU ...
... no UTF-8 mapping file for font encoding PU
)
Package hyperref Info: Option `colorlinks' set `true' on input line 4072.
Package hyperref Info: Hyper figures OFF on input line 4201.
Package hyperref Info: Link nesting OFF on input line 4206.
Package hyperref Info: Hyper index ON on input line 4209.
Package hyperref Info: Plain pages OFF on input line 4216.
Package hyperref Info: Backreferencing OFF on input line 4221.
Package hyperref Info: Implicit mode ON; LaTeX internals redefined.
Package hyperref Info: Bookmarks ON on input line 4468.
\c@Hy@tempcnt=\count329
 (/usr/local/texlive/2026/texmf-dist/tex/latex/url/url.sty
\Urlmuskip=\muskip18
Package: url 2013/09/16  ver 3.4  Verb mode for urls, etc.
)
LaTeX Info: Redefining \url on input line 4807.
\XeTeXLinkMargin=\dimen194
 (/usr/local/texlive/2026/texmf-dist/tex/generic/bitset/bitset.sty
Package: bitset 2019/12/09 v1.3 Handle bit-vector datatype (HO)
 (/usr/local/texlive/2026/texmf-dist/tex/generic/bigintcalc/bigintcalc.sty
Package: bigintcalc 2019/12/15 v1.5 Expandable calculations on big integers (HO)
))
\Fld@menulength=\count330
\Field@Width=\dimen195
\Fld@charsize=\dimen196
Package hyperref Info: Hyper figures OFF on input line 6084.
Package hyperref Info: Link nesting OFF on input line 6089.
Package hyperref Info: Hyper index ON on input line 6092.
Package hyperref Info: backreferencing OFF on input line 6099.
Package hyperref Info: Link coloring ON on input line 6102.
Package hyperref Info: Link coloring with OCG OFF on input line 6109.
Package hyperref Info: PDF/A mode OFF on input line 6114.
\Hy@abspage=\count331
\c@Item=\count332
\c@Hfootnote=\count333
)
Package hyperref Info: Driver (autodetected): hpdftex.
 (/usr/local/texlive/2026/texmf-dist/tex/latex/hyperref/hpdftex.def
File: hpdftex.def 2026-01-29 v7.01p Hyperref driver for pdfTeX
\Fld@listcount=\count334
\c@bookmark@seq@number=\count335
 (/usr/local/texlive/2026/texmf-dist/tex/latex/rerunfilecheck/rerunfilecheck.sty
Package: rerunfilecheck 2025-06-21 v1.11 Rerun checks for auxiliary files (HO)
 (/usr/local/texlive/2026/texmf-dist/tex/generic/uniquecounter/uniquecounter.sty
Package: uniquecounter 2019/12/15 v1.4 Provide unlimited unique counter (HO)
)
Package uniquecounter Info: New unique counter `rerunfilecheck' on input line 284.
)
\Hy@SectionHShift=\skip75
) (/usr/local/texlive/2026/texmf-dist/tex/latex/natbib/natbib.sty
Package: natbib 2010/09/13 8.31b (PWD, AO)
\bibhang=\skip76
\bibsep=\skip77
LaTeX Info: Redefining \cite on input line 694.
\c@NAT@ctr=\count336
) (/usr/local/texlive/2026/texmf-dist/tex/latex/braket/braket.sty) (/usr/local/texlive/2026/texmf-dist/tex/latex/datetime/datetime.sty
Package: datetime 2015/03/20 v2.60 Date Time Package
 (/usr/local/texlive/2026/texmf-dist/tex/latex/fmtcount/fmtcount.sty
Package: fmtcount 2025/12/02 v3.12 Displaying the values of LaTeX counters (NT,VB,NE)
 (/usr/local/texlive/2026/texmf-dist/tex/latex/base/ifthen.sty
Package: ifthen 2024/03/16 v1.1e Standard LaTeX ifthen package (DPC)
) (/usr/local/texlive/2026/texmf-dist/tex/latex/xkeyval/xkeyval.sty
Package: xkeyval 2025/11/04 v2.10 package option processing (HA)
 (/usr/local/texlive/2026/texmf-dist/tex/generic/xkeyval/xkeyval.tex (/usr/local/texlive/2026/texmf-dist/tex/generic/xkeyval/xkvutils.tex
\XKV@toks=\toks33
\XKV@tempa@toks=\toks34
\XKV@tempb@toks=\toks35
)
\XKV@depth=\count337
File: xkeyval.tex 2014/12/03 v2.7a key=value parser (HA)
)) (/usr/local/texlive/2026/texmf-dist/tex/latex/fmtcount/fcprefix.sty
Package: fcprefix 2012/09/28
 (/usr/local/texlive/2026/texmf-dist/tex/latex/fmtcount/fcnumparser.sty
Package: fcnumparser 2017/06/15
\fc@digit@counter=\count338
))
\c@padzeroesN=\count339
\fc@tmpcatcode=\count340
 (/usr/local/texlive/2026/texmf-dist/tex/latex/fmtcount/fc-spanish.def
File: fc-spanish.def 2016/01/12
)
\@DT@modctr=\count341
\@ordinalctr=\count342
\@orgargctr=\count343
\@strctr=\count344
\@tmpstrctr=\count345
\@DT@loopN=\count346
\@DT@X=\count347
) (/usr/local/texlive/2026/texmf-dist/tex/latex/datetime/datetime-defaults.sty
Package: datetime-defaults 2013/09/10
)
\@day=\count348
\@month=\count349
\@year=\count350
\c@HOUR=\count351
\c@HOURXII=\count352
\c@MINUTE=\count353
\c@TOHOUR=\count354
\c@TOMINUTE=\count355
\c@SECOND=\count356
\currenthour=\count357
\currentminute=\count358
\currentsecond=\count359
Package datetime Info: No datetime.cfg file found, using default settings on input line 308.
 (/usr/local/texlive/2026/texmf-dist/tex/latex/datetime/dt-spanish.def
File: dt-spanish.def 2013/09/10
LaTeX Info: Redefining \datespanish on input line 85.
)
\@dtctr=\count360
\dayofyear=\count361
\dayofweek=\count362
LaTeX Info: Redefining \today on input line 736.
\dt@a=\toks36
\dt@b=\toks37
) (/usr/local/texlive/2026/texmf-dist/tex/latex/cite/chapterbib.sty
\c@inputfile=\count363
Package: chapterbib 2010/09/18  v 1.17
)
\c@myteo=\count364
\c@myDef=\count365
\c@proof=\count366
\c@Assumption=\count367
 (/usr/local/texlive/2026/texmf-dist/tex/latex/l3backend/l3backend-pdftex.def
File: l3backend-pdftex.def 2025-10-09 L3 backend support: PDF output (pdfTeX)
\l__color_backend_stack_int=\count368
) (out/main.aux
LaTeX Info: Redefining \. on input line 13.
LaTeX Info: Redefining \% on input line 13.
Package babel Info: 'spanish' activates 'spanish' shorthands.
(babel)             Reported on input line 13.
)
\openout1 = `main.aux'.

LaTeX Font Info:    Checking defaults for OML/cmm/m/it on input line 79.
LaTeX Font Info:    ... okay on input line 79.
LaTeX Font Info:    Checking defaults for OMS/cmsy/m/n on input line 79.
LaTeX Font Info:    ... okay on input line 79.
LaTeX Font Info:    Checking defaults for OT1/cmr/m/n on input line 79.
LaTeX Font Info:    ... okay on input line 79.
LaTeX Font Info:    Checking defaults for T1/cmr/m/n on input line 79.
LaTeX Font Info:    ... okay on input line 79.
LaTeX Font Info:    Checking defaults for TS1/cmr/m/n on input line 79.
LaTeX Font Info:    ... okay on input line 79.
LaTeX Font Info:    Checking defaults for OMX/cmex/m/n on input line 79.
LaTeX Font Info:    ... okay on input line 79.
LaTeX Font Info:    Checking defaults for U/cmr/m/n on input line 79.
LaTeX Font Info:    ... okay on input line 79.
LaTeX Font Info:    Checking defaults for PD1/pdf/m/n on input line 79.
LaTeX Font Info:    ... okay on input line 79.
LaTeX Font Info:    Checking defaults for PU/pdf/m/n on input line 79.
LaTeX Font Info:    ... okay on input line 79.
LaTeX Info: Redefining \. on input line 79.
LaTeX Info: Redefining \% on input line 79.

*geometry* driver: auto-detecting
*geometry* detected driver: pdftex
*geometry* verbose mode - [ preamble ] result:
* driver: pdftex
* paper: letterpaper
* layout: <same size as paper>
* layoutoffset:(h,v)=(0.0pt,0.0pt)
* modes: twoside 
* h-part:(L,W,R)=(57.81598pt, 469.75499pt, 86.72403pt)
* v-part:(T,H,B)=(86.724pt, 578.15999pt, 130.086pt)
* \paperwidth=614.295pt
* \paperheight=794.96999pt
* \textwidth=469.75499pt
* \textheight=578.15999pt
* \oddsidemargin=-14.45401pt
* \evensidemargin=14.45404pt
* \topmargin=-28.41978pt
* \headheight=23.0pt
* \headsep=19.8738pt
* \topskip=11.0pt
* \footskip=27.46295pt
* \marginparwidth=116.0pt
* \marginparsep=7.0pt
* \columnsep=10.0pt
* \skip\footins=10.0pt plus 4.0pt minus 2.0pt
* \hoffset=0.0pt
* \voffset=0.0pt
* \mag=1000
* \@twocolumnfalse
* \@twosidetrue
* \@mparswitchtrue
* \@reversemarginfalse
* (1in=72.27pt=25.4mm, 1cm=28.453pt)

(/usr/local/texlive/2026/texmf-dist/tex/context/base/mkii/supp-pdf.mkii
[Loading MPS to PDF converter (version 2006.09.02).]
\scratchcounter=\count369
\scratchdimen=\dimen197
\scratchbox=\box60
\nofMPsegments=\count370
\nofMParguments=\count371
\everyMPshowfont=\toks38
\MPscratchCnt=\count372
\MPscratchDim=\dimen198
\MPnumerator=\count373
\makeMPintoPDFobject=\count374
\everyMPtoPDFconversion=\toks39
)
Package caption Info: Begin \AtBeginDocument code.
Package caption Info: hyperref package is loaded.
Package caption Info: listings package is loaded.
Package caption Info: End \AtBeginDocument code.
LaTeX Info: Redefining \microtypecontext on input line 79.
Package microtype Info: Applying patch `item' on input line 79.


Package microtype Warning: Unable to apply patch `toc' on input line 79.

Package microtype Info: Applying patch `eqnum' on input line 79.
Package microtype Info: Applying patch `footnote' on input line 79.
Package microtype Info: Applying patch `verbatim' on input line 79.
LaTeX Info: Redefining \microtypesetup on input line 79.
Package microtype Info: Generating PDF output.
Package microtype Info: Character protrusion enabled (level 2).
Package microtype Info: Using default protrusion set `alltext'.
Package microtype Info: Automatic font expansion enabled (level 2),
(microtype)             stretch: 20, shrink: 20, step: 1, non-selected.
Package microtype Info: Using default expansion set `alltext-nott'.
Package microtype Info: Patching command `\showhyphens'.
Package microtype Info: No adjustment of tracking.
Package microtype Info: No adjustment of interword spacing.
Package microtype Info: No adjustment of character kerning.
(/usr/local/texlive/2026/texmf-dist/tex/latex/microtype/mt-cmr.cfg
File: mt-cmr.cfg 2013/05/19 v2.2 microtype config. file: Computer Modern Roman (RS)
)
\c@lstlisting=\count375
Package hyperref Info: Link coloring ON on input line 79.
 (out/main.out) (out/main.out)
\@outlinefile=\write3
\openout3 = `main.out'.

 [1


{/usr/local/texlive/2026/texmf-var/fonts/map/pdftex/updmap/pdftex.map}{/usr/local/texlive/2026/texmf-dist/fonts/enc/dvips/cm-super/cm-super-t1.enc}] [2

]
<Figures/LoGOTS.png, id=584, 668.4975pt x 376.40625pt>
File: Figures/LoGOTS.png Graphic file (type png)
<use Figures/LoGOTS.png>
Package pdftex.def Info: Figures/LoGOTS.png  used on input line 99.
(pdftex.def)             Requested size: 187.89912pt x 105.80081pt.
LaTeX Font Info:    Trying to load font information for U+msa on input line 100.
 (/usr/local/texlive/2026/texmf-dist/tex/latex/amsfonts/umsa.fd
File: umsa.fd 2013/01/14 v3.01 AMS symbols A
) (/usr/local/texlive/2026/texmf-dist/tex/latex/microtype/mt-msa.cfg
File: mt-msa.cfg 2006/02/04 v1.1 microtype config. file: AMS symbols (a) (RS)
)
LaTeX Font Info:    Trying to load font information for U+msb on input line 100.
 (/usr/local/texlive/2026/texmf-dist/tex/latex/amsfonts/umsb.fd
File: umsb.fd 2013/01/14 v3.01 AMS symbols B
) (/usr/local/texlive/2026/texmf-dist/tex/latex/microtype/mt-msb.cfg
File: mt-msb.cfg 2005/06/01 v1.0 microtype config. file: AMS symbols (b) (RS)
)
LaTeX Font Info:    Trying to load font information for U+rsfs on input line 100.
 (/usr/local/texlive/2026/texmf-dist/tex/latex/jknapltx/ursfs.fd
File: ursfs.fd 1998/03/24 rsfs font definition file (jk)
)
<Figures/logouis.png, id=586, 1196.47pt x 596.2275pt>
File: Figures/logouis.png Graphic file (type png)
<use Figures/logouis.png>
Package pdftex.def Info: Figures/logouis.png  used on input line 103.
(pdftex.def)             Requested size: 187.89912pt x 93.63339pt.

pdfTeX warning (ext4): destination with the same identifier (name{page.1}) has been already used, duplicate ignored
<to be read again> 
                   \relax 
l.129 	\end{titlepage}
                       [1

 <./Figures/LoGOTS.png> <./Figures/logouis.png>]
pdfTeX warning (ext4): destination with the same identifier (name{page.2}) has been already used, duplicate ignored
<to be read again> 
                   \relax 
l.131 	\frontmatter
                    [2

] (out/main.toc
LaTeX Info: Redefining \. on input line 1.
LaTeX Info: Redefining \% on input line 1.
 [1

]
LaTeX Info: Redefining \. on input line 79.
LaTeX Info: Redefining \% on input line 79.
Package babel Info: 'spanish' activates 'spanish' shorthands.
(babel)             Reported on input line 79.
 [2]
LaTeX Info: Redefining \. on input line 117.
LaTeX Info: Redefining \% on input line 117.
 [3])
\tf@toc=\write4
\openout4 = `main.toc'.

LaTeX Info: Redefining \. on input line 133.
LaTeX Info: Redefining \% on input line 133.
 [4] (out/main.lof
LaTeX Info: Redefining \. on input line 1.
LaTeX Info: Redefining \% on input line 1.
 [5

]
LaTeX Info: Redefining \. on input line 32.
LaTeX Info: Redefining \% on input line 32.
 [6])
\tf@lof=\write5
\openout5 = `main.lof'.

LaTeX Info: Redefining \. on input line 135.
LaTeX Info: Redefining \% on input line 135.
 [7]
LaTeX Info: Redefining \. on input line 135.
LaTeX Info: Redefining \% on input line 135.
 [8

]
Cap\'{\i }tulo 1.

pdfTeX warning (ext4): destination with the same identifier (name{page.1}) has been already used, duplicate ignored
<to be read again> 
                   \relax 
l.144 	\clearpage
                  [1

] (./Capitulo 1/cap1.tex
LaTeX Info: Redefining \. on input line 10.
LaTeX Info: Redefining \% on input line 10.

pdfTeX warning (ext4): destination with the same identifier (name{page.2}) has been already used, duplicate ignored
<to be read again> 
                   \relax 
l.10 
      [2

]
Underfull \vbox (badness 3229) has occurred while \output is active []


Underfull \vbox (badness 3229) has occurred while \output is active []

LaTeX Info: Redefining \. on input line 16.
LaTeX Info: Redefining \% on input line 16.
 [3]
Underfull \vbox (badness 3229) has occurred while \output is active []


Underfull \vbox (badness 3229) has occurred while \output is active []

LaTeX Info: Redefining \. on input line 22.
LaTeX Info: Redefining \% on input line 22.
 [4]
LaTeX Info: Redefining \. on input line 41.
LaTeX Info: Redefining \% on input line 41.
 [5]
LaTeX Info: Redefining \. on input line 81.
LaTeX Info: Redefining \% on input line 81.
 [6]
LaTeX Info: Redefining \. on input line 121.
LaTeX Info: Redefining \% on input line 121.
 [7]
LaTeX Info: Redefining \. on input line 139.
LaTeX Info: Redefining \% on input line 139.
 [8]
LaTeX Info: Redefining \. on input line 176.
LaTeX Info: Redefining \% on input line 176.
 [9]
LaTeX Info: Redefining \. on input line 191.
LaTeX Info: Redefining \% on input line 191.
 [10]
LaTeX Info: Redefining \. on input line 209.
LaTeX Info: Redefining \% on input line 209.
 [11]
LaTeX Info: Redefining \. on input line 220.
LaTeX Info: Redefining \% on input line 220.
 [12]
<Capitulo 1/Figuras/GreenImagenes.pdf, id=1078, 587.62173pt x 607.19585pt>
File: Capitulo 1/Figuras/GreenImagenes.pdf Graphic file (type pdf)
<use Capitulo 1/Figuras/GreenImagenes.pdf>
Package pdftex.def Info: Capitulo 1/Figuras/GreenImagenes.pdf  used on input line 225.
(pdftex.def)             Requested size: 328.82706pt x 339.79573pt.

Underfull \vbox (badness 10000) has occurred while \output is active []


Underfull \vbox (badness 10000) has occurred while \output is active []

LaTeX Info: Redefining \. on input line 233.
LaTeX Info: Redefining \% on input line 233.
 [13 <./Capitulo 1/Figuras/GreenImagenes.pdf>]
<Capitulo 1/Figuras/GreenPuntual.pdf, id=1091, 561.81592pt x 498.02902pt>
File: Capitulo 1/Figuras/GreenPuntual.pdf Graphic file (type pdf)
<use Capitulo 1/Figuras/GreenPuntual.pdf>
Package pdftex.def Info: Capitulo 1/Figuras/GreenPuntual.pdf  used on input line 248.
(pdftex.def)             Requested size: 328.82706pt x 291.49399pt.
<Capitulo 1/Figuras/GreenNoPuntual.pdf, id=1094, 543.80663pt x 502.00859pt>
File: Capitulo 1/Figuras/GreenNoPuntual.pdf Graphic file (type pdf)
<use Capitulo 1/Figuras/GreenNoPuntual.pdf>
Package pdftex.def Info: Capitulo 1/Figuras/GreenNoPuntual.pdf  used on input line 260.
(pdftex.def)             Requested size: 328.82706pt x 303.5591pt.
LaTeX Info: Redefining \. on input line 278.
LaTeX Info: Redefining \% on input line 278.
 [14]
LaTeX Info: Redefining \. on input line 278.
LaTeX Info: Redefining \% on input line 278.
 [15 <./Capitulo 1/Figuras/GreenPuntual.pdf>]
LaTeX Info: Redefining \. on input line 278.
LaTeX Info: Redefining \% on input line 278.
 [16 <./Capitulo 1/Figuras/GreenNoPuntual.pdf>]
LaTeX Info: Redefining \. on input line 309.
LaTeX Info: Redefining \% on input line 309.
 [17]
LaTeX Info: Redefining \. on input line 337.
LaTeX Info: Redefining \% on input line 337.
 [18]
LaTeX Info: Redefining \. on input line 365.
LaTeX Info: Redefining \% on input line 365.
 [19]
LaTeX Info: Redefining \. on input line 403.
LaTeX Info: Redefining \% on input line 403.
 [20]
LaTeX Info: Redefining \. on input line 430.
LaTeX Info: Redefining \% on input line 430.
 [21]
LaTeX Info: Redefining \. on input line 460.
LaTeX Info: Redefining \% on input line 460.
 [22]
LaTeX Info: Redefining \. on input line 485.
LaTeX Info: Redefining \% on input line 485.
 [23]
<Capitulo 1/Figuras/ConfocalSpheres.pdf, id=1300, 3122.66919pt x 2064.53168pt>
File: Capitulo 1/Figuras/ConfocalSpheres.pdf Graphic file (type pdf)
<use Capitulo 1/Figuras/ConfocalSpheres.pdf>
Package pdftex.def Info: Capitulo 1/Figuras/ConfocalSpheres.pdf  used on input line 519.
(pdftex.def)             Requested size: 328.82706pt x 217.39651pt.
LaTeX Info: Redefining \. on input line 542.
LaTeX Info: Redefining \% on input line 542.
 [24]
LaTeX Info: Redefining \. on input line 553.
LaTeX Info: Redefining \% on input line 553.
 [25 <./Capitulo 1/Figuras/ConfocalSpheres.pdf>]
LaTeX Info: Redefining \. on input line 580.
LaTeX Info: Redefining \% on input line 580.
 [26]
<Capitulo 1/Figuras/Cardinales.pdf, id=1363, 456.5832pt x 491.9958pt>
File: Capitulo 1/Figuras/Cardinales.pdf Graphic file (type pdf)
<use Capitulo 1/Figuras/Cardinales.pdf>
Package pdftex.def Info: Capitulo 1/Figuras/Cardinales.pdf  used on input line 592.
(pdftex.def)             Requested size: 234.87749pt x 253.09163pt.
LaTeX Info: Redefining \. on input line 602.
LaTeX Info: Redefining \% on input line 602.
 [27 <./Capitulo 1/Figuras/Cardinales.pdf>]
LaTeX Info: Redefining \. on input line 613.
LaTeX Info: Redefining \% on input line 613.
 [28]
LaTeX Info: Redefining \. on input line 629.
LaTeX Info: Redefining \% on input line 629.
 [29]
Underfull \vbox (badness 1360) has occurred while \output is active []


Underfull \vbox (badness 1360) has occurred while \output is active []

LaTeX Info: Redefining \. on input line 637.
LaTeX Info: Redefining \% on input line 637.
 [30]
Underfull \vbox (badness 1360) has occurred while \output is active []


Underfull \vbox (badness 1360) has occurred while \output is active []

LaTeX Info: Redefining \. on input line 645.
LaTeX Info: Redefining \% on input line 645.
 [31]
Underfull \vbox (badness 10000) has occurred while \output is active []


Underfull \vbox (badness 10000) has occurred while \output is active []

LaTeX Info: Redefining \. on input line 649.
LaTeX Info: Redefining \% on input line 649.
 [32]
LaTeX Info: Redefining \. on input line 669.
LaTeX Info: Redefining \% on input line 669.
 [33]
LaTeX Info: Redefining \. on input line 701.
LaTeX Info: Redefining \% on input line 701.
 [34]
LaTeX Info: Redefining \. on input line 736.
LaTeX Info: Redefining \% on input line 736.
 [35]
LaTeX Info: Redefining \. on input line 764.
LaTeX Info: Redefining \% on input line 764.
 [36]
LaTeX Info: Redefining \. on input line 796.
LaTeX Info: Redefining \% on input line 796.
 [37]
LaTeX Info: Redefining \. on input line 828.
LaTeX Info: Redefining \% on input line 828.
 [38]
LaTeX Info: Redefining \. on input line 857.
LaTeX Info: Redefining \% on input line 857.
 [39]
LaTeX Info: Redefining \. on input line 876.
LaTeX Info: Redefining \% on input line 876.
 [40]
LaTeX Info: Redefining \. on input line 890.
LaTeX Info: Redefining \% on input line 890.
 [41]
LaTeX Info: Redefining \. on input line 921.
LaTeX Info: Redefining \% on input line 921.
 [42]
LaTeX Info: Redefining \. on input line 951.
LaTeX Info: Redefining \% on input line 951.
 [43]
<Capitulo 1/Figuras/CardinalSpheres.pdf, id=1738, 3087.09904pt x 2058.78731pt>
File: Capitulo 1/Figuras/CardinalSpheres.pdf Graphic file (type pdf)
<use Capitulo 1/Figuras/CardinalSpheres.pdf>
Package pdftex.def Info: Capitulo 1/Figuras/CardinalSpheres.pdf  used on input line 954.
(pdftex.def)             Requested size: 375.80542pt x 250.62508pt.
LaTeX Info: Redefining \. on input line 980.
LaTeX Info: Redefining \% on input line 980.
 [44 <./Capitulo 1/Figuras/CardinalSpheres.pdf>]
LaTeX Info: Redefining \. on input line 1020.
LaTeX Info: Redefining \% on input line 1020.
 [45]
LaTeX Info: Redefining \. on input line 1044.
LaTeX Info: Redefining \% on input line 1044.
 [46]
LaTeX Info: Redefining \. on input line 1066.
LaTeX Info: Redefining \% on input line 1066.
 [47]
LaTeX Info: Redefining \. on input line 1097.
LaTeX Info: Redefining \% on input line 1097.
 [48])
LaTeX Info: Redefining \. on input line 148.
LaTeX Info: Redefining \% on input line 148.
 [49]
LaTeX Info: Redefining \. on input line 148.
LaTeX Info: Redefining \% on input line 148.
 [50

]
Cap\'{\i }tulo 2.
[51] (./Capitulo 2/cap2.tex
Underfull \vbox (badness 1019) has occurred while \output is active []


Underfull \vbox (badness 1019) has occurred while \output is active []

LaTeX Info: Redefining \. on input line 10.
LaTeX Info: Redefining \% on input line 10.
 [52

]
Underfull \vbox (badness 10000) has occurred while \output is active []


Underfull \vbox (badness 10000) has occurred while \output is active []

LaTeX Info: Redefining \. on input line 16.
LaTeX Info: Redefining \% on input line 16.
 [53]
Underfull \vbox (badness 10000) has occurred while \output is active []


Underfull \vbox (badness 10000) has occurred while \output is active []

LaTeX Info: Redefining \. on input line 20.
LaTeX Info: Redefining \% on input line 20.
 [54]
Underfull \vbox (badness 3229) has occurred while \output is active []


Underfull \vbox (badness 3229) has occurred while \output is active []

LaTeX Info: Redefining \. on input line 26.
LaTeX Info: Redefining \% on input line 26.
 [55]
Underfull \hbox (badness 2521) in paragraph at lines 29--30
[]\T1/cmr/m/n/10.95 (+20) Supongamos que te-ne-mos un fe-nó-meno com-ple-ta-men-te alea-to-rio, co-mo la ra-dia-ción
 []

LaTeX Info: Redefining \. on input line 42.
LaTeX Info: Redefining \% on input line 42.
[56]
LaTeX Info: Redefining \. on input line 68.
LaTeX Info: Redefining \% on input line 68.
 [57]
LaTeX Info: Redefining \. on input line 78.
LaTeX Info: Redefining \% on input line 78.
 [58]
Underfull \hbox (badness 1466) in paragraph at lines 82--83
\T1/cmr/m/n/10.95 (+20) ([][]Kol-mo-go-rov[][], [][]1933[][]), y lue-go apli-car-la al cam-po elec-tro-mag-né-ti-co vec-to-rial, cons-tru-yen-do
 []

LaTeX Info: Redefining \. on input line 99.
LaTeX Info: Redefining \% on input line 99.
[59]
LaTeX Info: Redefining \. on input line 127.
LaTeX Info: Redefining \% on input line 127.
 [60]
LaTeX Info: Redefining \. on input line 151.
LaTeX Info: Redefining \% on input line 151.
 [61]
LaTeX Info: Redefining \. on input line 184.
LaTeX Info: Redefining \% on input line 184.
 [62]
LaTeX Info: Redefining \. on input line 224.
LaTeX Info: Redefining \% on input line 224.
 [63]
LaTeX Info: Redefining \. on input line 256.
LaTeX Info: Redefining \% on input line 256.
 [64]
LaTeX Info: Redefining \. on input line 286.
LaTeX Info: Redefining \% on input line 286.
 [65]
LaTeX Info: Redefining \. on input line 317.
LaTeX Info: Redefining \% on input line 317.
 [66]
<Capitulo 2/Figuras/RandomVar.pdf, id=2076, 472.44035pt x 866.30989pt>
File: Capitulo 2/Figuras/RandomVar.pdf Graphic file (type pdf)
<use Capitulo 2/Figuras/RandomVar.pdf>
Package pdftex.def Info: Capitulo 2/Figuras/RandomVar.pdf  used on input line 340.
(pdftex.def)             Requested size: 187.89912pt x 344.54822pt.
LaTeX Info: Redefining \. on input line 348.
LaTeX Info: Redefining \% on input line 348.
 [67]
LaTeX Info: Redefining \. on input line 348.
LaTeX Info: Redefining \% on input line 348.
 [68 <./Capitulo 2/Figuras/RandomVar.pdf>]
Underfull \hbox (badness 1137) in paragraph at lines 384--385
[]\T1/cmr/bx/n/10.95 (+20) Estacionariedad de ten-den-cia (es-ta-cio-na-rie-dad de-ter-mi-nis-ta)\T1/cmr/m/n/10.95 (+20) : un pro-ce-so no
 []

LaTeX Info: Redefining \. on input line 395.
LaTeX Info: Redefining \% on input line 395.
[69]
LaTeX Info: Redefining \. on input line 430.
LaTeX Info: Redefining \% on input line 430.
 [70]
LaTeX Info: Redefining \. on input line 469.
LaTeX Info: Redefining \% on input line 469.
 [71]
LaTeX Info: Redefining \. on input line 508.
LaTeX Info: Redefining \% on input line 508.
 [72]
<Capitulo 2/Figuras/Estrecho.pdf, id=2145, 549.38483pt x 459.57813pt>
File: Capitulo 2/Figuras/Estrecho.pdf Graphic file (type pdf)
<use Capitulo 2/Figuras/Estrecho.pdf>
Package pdftex.def Info: Capitulo 2/Figuras/Estrecho.pdf  used on input line 516.
(pdftex.def)             Requested size: 328.82706pt x 275.07579pt.

Underfull \vbox (badness 1072) has occurred while \output is active []


Underfull \vbox (badness 1072) has occurred while \output is active []

LaTeX Info: Redefining \. on input line 524.
LaTeX Info: Redefining \% on input line 524.
 [73 <./Capitulo 2/Figuras/Estrecho.pdf>]
LaTeX Info: Redefining \. on input line 572.
LaTeX Info: Redefining \% on input line 572.
 [74]
<Capitulo 2/Figuras/Propagation.pdf, id=2176, 586.54031pt x 380.42159pt>
File: Capitulo 2/Figuras/Propagation.pdf Graphic file (type pdf)
<use Capitulo 2/Figuras/Propagation.pdf>
Package pdftex.def Info: Capitulo 2/Figuras/Propagation.pdf  used on input line 577.
(pdftex.def)             Requested size: 375.80542pt x 243.74179pt.
LaTeX Info: Redefining \. on input line 598.
LaTeX Info: Redefining \% on input line 598.
 [75 <./Capitulo 2/Figuras/Propagation.pdf>]
<Capitulo 2/Figuras/Propagation2.pdf, id=2202, 592.28485pt x 567.3423pt>
File: Capitulo 2/Figuras/Propagation2.pdf Graphic file (type pdf)
<use Capitulo 2/Figuras/Propagation2.pdf>
Package pdftex.def Info: Capitulo 2/Figuras/Propagation2.pdf  used on input line 610.
(pdftex.def)             Requested size: 375.80542pt x 359.97267pt.
LaTeX Info: Redefining \. on input line 616.
LaTeX Info: Redefining \% on input line 616.
 [76 <./Capitulo 2/Figuras/Propagation2.pdf>]
Overfull \hbox (66.00877pt too wide) detected at line 628
[]
 []

<Capitulo 2/Figuras/Random2.pdf, id=2215, 639.8206pt x 825.70494pt>
File: Capitulo 2/Figuras/Random2.pdf Graphic file (type pdf)
<use Capitulo 2/Figuras/Random2.pdf>
Package pdftex.def Info: Capitulo 2/Figuras/Random2.pdf  used on input line 636.
(pdftex.def)             Requested size: 281.85585pt x 363.73967pt.
LaTeX Info: Redefining \. on input line 671.
LaTeX Info: Redefining \% on input line 671.
[77]
LaTeX Info: Redefining \. on input line 671.
LaTeX Info: Redefining \% on input line 671.
 [78 <./Capitulo 2/Figuras/Random2.pdf>]
Overfull \hbox (42.22426pt too wide) detected at line 678
[]
 []

<Capitulo 2/Figuras/FourierGamma.pdf, id=2244, 440.77277pt x 770.00833pt>
File: Capitulo 2/Figuras/FourierGamma.pdf Graphic file (type pdf)
<use Capitulo 2/Figuras/FourierGamma.pdf>
Package pdftex.def Info: Capitulo 2/Figuras/FourierGamma.pdf  used on input line 702.
(pdftex.def)             Requested size: 305.33788pt x 533.43295pt.
)
LaTeX Info: Redefining \. on input line 160.
LaTeX Info: Redefining \% on input line 160.
 [79]
LaTeX Info: Redefining \. on input line 160.
LaTeX Info: Redefining \% on input line 160.
 [80 <./Capitulo 2/Figuras/FourierGamma.pdf>]
Cap\'{\i }tulo 3.
[81

] (./Capitulo 3/cap3.tex
LaTeX Info: Redefining \. on input line 12.
LaTeX Info: Redefining \% on input line 12.
 [82

]
Underfull \vbox (badness 3229) has occurred while \output is active []


Underfull \vbox (badness 3229) has occurred while \output is active []

LaTeX Info: Redefining \. on input line 18.
LaTeX Info: Redefining \% on input line 18.
 [83]
LaTeX Info: Redefining \. on input line 45.
LaTeX Info: Redefining \% on input line 45.
 [84]
LaTeX Info: Redefining \. on input line 78.
LaTeX Info: Redefining \% on input line 78.
 [85]
LaTeX Info: Redefining \. on input line 123.
LaTeX Info: Redefining \% on input line 123.
 [86]
LaTeX Info: Redefining \. on input line 164.
LaTeX Info: Redefining \% on input line 164.
 [87]
LaTeX Info: Redefining \. on input line 185.
LaTeX Info: Redefining \% on input line 185.
 [88]
Underfull \hbox (badness 10000) in paragraph at lines 198--199
[]\T1/cmr/m/it/10.95 (+20) El mo-vi-mien-to efec-ti-vo del sis-te-ma en-tre dos
 []

LaTeX Info: Redefining \. on input line 222.
LaTeX Info: Redefining \% on input line 222.
[89]
<Capitulo 3/Figuras/VariacionCamino.pdf, id=2423, 318.67087pt x 210.5504pt>
File: Capitulo 3/Figuras/VariacionCamino.pdf Graphic file (type pdf)
<use Capitulo 3/Figuras/VariacionCamino.pdf>
Package pdftex.def Info: Capitulo 3/Figuras/VariacionCamino.pdf  used on input line 230.
(pdftex.def)             Requested size: 291.24579pt x 192.43646pt.
LaTeX Info: Redefining \. on input line 246.
LaTeX Info: Redefining \% on input line 246.
 [90 <./Capitulo 3/Figuras/VariacionCamino.pdf>]
LaTeX Info: Redefining \. on input line 281.
LaTeX Info: Redefining \% on input line 281.
 [91]
LaTeX Info: Redefining \. on input line 317.
LaTeX Info: Redefining \% on input line 317.
 [92]
LaTeX Info: Redefining \. on input line 346.
LaTeX Info: Redefining \% on input line 346.
 [93]
LaTeX Info: Redefining \. on input line 380.
LaTeX Info: Redefining \% on input line 380.
 [94]
LaTeX Info: Redefining \. on input line 409.
LaTeX Info: Redefining \% on input line 409.
 [95]
<Capitulo 3/Figuras/Legendre.pdf, id=2533, 307.28975pt x 204.85983pt>
File: Capitulo 3/Figuras/Legendre.pdf Graphic file (type pdf)
<use Capitulo 3/Figuras/Legendre.pdf>
Package pdftex.def Info: Capitulo 3/Figuras/Legendre.pdf  used on input line 427.
(pdftex.def)             Requested size: 272.45874pt x 181.64322pt.
LaTeX Info: Redefining \. on input line 439.
LaTeX Info: Redefining \% on input line 439.
 [96]
LaTeX Info: Redefining \. on input line 457.
LaTeX Info: Redefining \% on input line 457.
 [97 <./Capitulo 3/Figuras/Legendre.pdf>]
LaTeX Info: Redefining \. on input line 494.
LaTeX Info: Redefining \% on input line 494.
 [98]
LaTeX Info: Redefining \. on input line 532.
LaTeX Info: Redefining \% on input line 532.
 [99]
LaTeX Info: Redefining \. on input line 567.
LaTeX Info: Redefining \% on input line 567.
 [100]
LaTeX Info: Redefining \. on input line 606.
LaTeX Info: Redefining \% on input line 606.
 [101]
<Capitulo 3/Figuras/FrentesAccion.pdf, id=2645, 335.74252pt x 176.40709pt>
File: Capitulo 3/Figuras/FrentesAccion.pdf Graphic file (type pdf)
<use Capitulo 3/Figuras/FrentesAccion.pdf>
Package pdftex.def Info: Capitulo 3/Figuras/FrentesAccion.pdf  used on input line 629.
(pdftex.def)             Requested size: 291.24579pt x 153.03685pt.
LaTeX Info: Redefining \. on input line 635.
LaTeX Info: Redefining \% on input line 635.
 [102]
LaTeX Info: Redefining \. on input line 655.
LaTeX Info: Redefining \% on input line 655.
 [103 <./Capitulo 3/Figuras/FrentesAccion.pdf>]
LaTeX Info: Redefining \. on input line 694.
LaTeX Info: Redefining \% on input line 694.
 [104]
LaTeX Info: Redefining \. on input line 737.
LaTeX Info: Redefining \% on input line 737.
 [105]
LaTeX Info: Redefining \. on input line 761.
LaTeX Info: Redefining \% on input line 761.
 [106]
LaTeX Info: Redefining \. on input line 792.
LaTeX Info: Redefining \% on input line 792.
 [107]
LaTeX Info: Redefining \. on input line 821.
LaTeX Info: Redefining \% on input line 821.
 [108]
LaTeX Info: Redefining \. on input line 851.
LaTeX Info: Redefining \% on input line 851.
 [109]
LaTeX Info: Redefining \. on input line 886.
LaTeX Info: Redefining \% on input line 886.
 [110]
LaTeX Info: Redefining \. on input line 921.
LaTeX Info: Redefining \% on input line 921.
 [111]
LaTeX Info: Redefining \. on input line 947.
LaTeX Info: Redefining \% on input line 947.
 [112]
LaTeX Info: Redefining \. on input line 985.
LaTeX Info: Redefining \% on input line 985.
 [113]
LaTeX Info: Redefining \. on input line 1009.
LaTeX Info: Redefining \% on input line 1009.
 [114]
LaTeX Info: Redefining \. on input line 1053.
LaTeX Info: Redefining \% on input line 1053.
 [115]
LaTeX Info: Redefining \. on input line 1095.
LaTeX Info: Redefining \% on input line 1095.
 [116]
LaTeX Info: Redefining \. on input line 1115.
LaTeX Info: Redefining \% on input line 1115.
 [117]
LaTeX Info: Redefining \. on input line 1152.
LaTeX Info: Redefining \% on input line 1152.
 [118]
<Capitulo 3/Figuras/IntegralCamino.pdf, id=2899, 341.43306pt x 193.47874pt>
File: Capitulo 3/Figuras/IntegralCamino.pdf Graphic file (type pdf)
<use Capitulo 3/Figuras/IntegralCamino.pdf>
Package pdftex.def Info: Capitulo 3/Figuras/IntegralCamino.pdf  used on input line 1166.
(pdftex.def)             Requested size: 310.04001pt x 175.69983pt.
LaTeX Info: Redefining \. on input line 1176.
LaTeX Info: Redefining \% on input line 1176.
 [119 <./Capitulo 3/Figuras/IntegralCamino.pdf>]
LaTeX Info: Redefining \. on input line 1202.
LaTeX Info: Redefining \% on input line 1202.
 [120])
LaTeX Info: Redefining \. on input line 171.
LaTeX Info: Redefining \% on input line 171.
 [121]
LaTeX Info: Redefining \. on input line 172.
LaTeX Info: Redefining \% on input line 172.
 [122]
Cap\'{\i }tulo 4.
[123

] (./Capitulo 4/cap4.tex
LaTeX Info: Redefining \. on input line 15.
LaTeX Info: Redefining \% on input line 15.
 [124

]
LaTeX Info: Redefining \. on input line 33.
LaTeX Info: Redefining \% on input line 33.
 [125]
LaTeX Info: Redefining \. on input line 63.
LaTeX Info: Redefining \% on input line 63.
 [126]
LaTeX Info: Redefining \. on input line 87.
LaTeX Info: Redefining \% on input line 87.
 [127]
LaTeX Info: Redefining \. on input line 113.
LaTeX Info: Redefining \% on input line 113.
 [128]
LaTeX Info: Redefining \. on input line 149.
LaTeX Info: Redefining \% on input line 149.
 [129]
<Capitulo 4/Figuras/MedidaProyeccion.pdf, id=3062, 295.90868pt x 210.5504pt>
File: Capitulo 4/Figuras/MedidaProyeccion.pdf Graphic file (type pdf)
<use Capitulo 4/Figuras/MedidaProyeccion.pdf>
Package pdftex.def Info: Capitulo 4/Figuras/MedidaProyeccion.pdf  used on input line 158.
(pdftex.def)             Requested size: 263.06165pt x 187.17722pt.
LaTeX Info: Redefining \. on input line 174.
LaTeX Info: Redefining \% on input line 174.
 [130 <./Capitulo 4/Figuras/MedidaProyeccion.pdf>]
Underfull \vbox (badness 10000) has occurred while \output is active []


Underfull \vbox (badness 10000) has occurred while \output is active []

LaTeX Info: Redefining \. on input line 195.
LaTeX Info: Redefining \% on input line 195.
 [131]
LaTeX Info: Redefining \. on input line 233.
LaTeX Info: Redefining \% on input line 233.
 [132]
LaTeX Info: Redefining \. on input line 260.
LaTeX Info: Redefining \% on input line 260.
 [133]
LaTeX Info: Redefining \. on input line 288.
LaTeX Info: Redefining \% on input line 288.
 [134]
LaTeX Info: Redefining \. on input line 334.
LaTeX Info: Redefining \% on input line 334.
 [135]
LaTeX Info: Redefining \. on input line 354.
LaTeX Info: Redefining \% on input line 354.
 [136]
LaTeX Info: Redefining \. on input line 390.
LaTeX Info: Redefining \% on input line 390.
 [137]
LaTeX Info: Redefining \. on input line 415.
LaTeX Info: Redefining \% on input line 415.
 [138]
LaTeX Info: Redefining \. on input line 444.
LaTeX Info: Redefining \% on input line 444.
 [139]
LaTeX Info: Redefining \. on input line 478.
LaTeX Info: Redefining \% on input line 478.
 [140]
LaTeX Info: Redefining \. on input line 510.
LaTeX Info: Redefining \% on input line 510.
 [141]
LaTeX Info: Redefining \. on input line 557.
LaTeX Info: Redefining \% on input line 557.
 [142]
LaTeX Info: Redefining \. on input line 589.
LaTeX Info: Redefining \% on input line 589.
 [143]
LaTeX Info: Redefining \. on input line 619.
LaTeX Info: Redefining \% on input line 619.
 [144]
LaTeX Info: Redefining \. on input line 651.
LaTeX Info: Redefining \% on input line 651.
 [145]
LaTeX Info: Redefining \. on input line 689.
LaTeX Info: Redefining \% on input line 689.
 [146]
LaTeX Info: Redefining \. on input line 711.
LaTeX Info: Redefining \% on input line 711.
 [147])
LaTeX Info: Redefining \. on input line 184.
LaTeX Info: Redefining \% on input line 184.
 [148]
Cap\'{\i }tulo 5.
[149

] (./Capitulo 5/cap5.tex
Underfull \vbox (badness 1019) has occurred while \output is active []


Underfull \vbox (badness 1019) has occurred while \output is active []

LaTeX Info: Redefining \. on input line 10.
LaTeX Info: Redefining \% on input line 10.
 [150

]
LaTeX Info: Redefining \. on input line 26.
LaTeX Info: Redefining \% on input line 26.
 [151]
LaTeX Info: Redefining \. on input line 38.
LaTeX Info: Redefining \% on input line 38.
 [152]
LaTeX Info: Redefining \. on input line 66.
LaTeX Info: Redefining \% on input line 66.
 [153]
<Capitulo 5/Figuras/ConteoModos.pdf, id=3392, 295.90868pt x 216.24095pt>
File: Capitulo 5/Figuras/ConteoModos.pdf Graphic file (type pdf)
<use Capitulo 5/Figuras/ConteoModos.pdf>
Package pdftex.def Info: Capitulo 5/Figuras/ConteoModos.pdf  used on input line 80.
(pdftex.def)             Requested size: 234.87749pt x 171.64015pt.
LaTeX Info: Redefining \. on input line 87.
LaTeX Info: Redefining \% on input line 87.
 [154 <./Capitulo 5/Figuras/ConteoModos.pdf>]
LaTeX Info: Redefining \. on input line 111.
LaTeX Info: Redefining \% on input line 111.
 [155]
LaTeX Info: Redefining \. on input line 132.
LaTeX Info: Redefining \% on input line 132.
 [156]
LaTeX Info: Redefining \. on input line 166.
LaTeX Info: Redefining \% on input line 166.
 [157]
<Capitulo 5/Figuras/EspectroCuerpoNegro.pdf, id=3467, 347.12363pt x 204.85983pt>
File: Capitulo 5/Figuras/EspectroCuerpoNegro.pdf Graphic file (type pdf)
<use Capitulo 5/Figuras/EspectroCuerpoNegro.pdf>
Package pdftex.def Info: Capitulo 5/Figuras/EspectroCuerpoNegro.pdf  used on input line 178.
(pdftex.def)             Requested size: 338.22415pt x 199.62343pt.
LaTeX Info: Redefining \. on input line 201.
LaTeX Info: Redefining \% on input line 201.
 [158]
Underfull \vbox (badness 10000) has occurred while \output is active []


Underfull \vbox (badness 10000) has occurred while \output is active []

LaTeX Info: Redefining \. on input line 209.
LaTeX Info: Redefining \% on input line 209.
 [159 <./Capitulo 5/Figuras/EspectroCuerpoNegro.pdf>]
LaTeX Info: Redefining \. on input line 245.
LaTeX Info: Redefining \% on input line 245.
 [160]
LaTeX Info: Redefining \. on input line 280.
LaTeX Info: Redefining \% on input line 280.
 [161]
LaTeX Info: Redefining \. on input line 298.
LaTeX Info: Redefining \% on input line 298.
 [162]
<Capitulo 5/Figuras/Fotoelectrico.pdf, id=3547, 318.67087pt x 193.47874pt>
File: Capitulo 5/Figuras/Fotoelectrico.pdf Graphic file (type pdf)
<use Capitulo 5/Figuras/Fotoelectrico.pdf>
Package pdftex.def Info: Capitulo 5/Figuras/Fotoelectrico.pdf  used on input line 313.
(pdftex.def)             Requested size: 291.24579pt x 176.8335pt.

Underfull \vbox (badness 1210) has occurred while \output is active []


Underfull \vbox (badness 1210) has occurred while \output is active []

LaTeX Info: Redefining \. on input line 323.
LaTeX Info: Redefining \% on input line 323.
 [163]
LaTeX Info: Redefining \. on input line 339.
LaTeX Info: Redefining \% on input line 339.
 [164 <./Capitulo 5/Figuras/Fotoelectrico.pdf>]
<Capitulo 5/Figuras/Compton.pdf, id=3586, 341.43306pt x 199.1693pt>
File: Capitulo 5/Figuras/Compton.pdf Graphic file (type pdf)
<use Capitulo 5/Figuras/Compton.pdf>
Package pdftex.def Info: Capitulo 5/Figuras/Compton.pdf  used on input line 352.
(pdftex.def)             Requested size: 338.22415pt x 197.3119pt.
LaTeX Info: Redefining \. on input line 372.
LaTeX Info: Redefining \% on input line 372.
 [165]
LaTeX Info: Redefining \. on input line 398.
LaTeX Info: Redefining \% on input line 398.
 [166 <./Capitulo 5/Figuras/Compton.pdf>]
LaTeX Info: Redefining \. on input line 425.
LaTeX Info: Redefining \% on input line 425.
 [167]
LaTeX Info: Redefining \. on input line 447.
LaTeX Info: Redefining \% on input line 447.
 [168]
<Capitulo 5/Figuras/Aspect.pdf, id=3656, 567.33421pt x 289.25261pt>
File: Capitulo 5/Figuras/Aspect.pdf Graphic file (type pdf)
<use Capitulo 5/Figuras/Aspect.pdf>
Package pdftex.def Info: Capitulo 5/Figuras/Aspect.pdf  used on input line 458.
(pdftex.def)             Requested size: 422.77661pt x 215.55745pt.
LaTeX Info: Redefining \. on input line 466.
LaTeX Info: Redefining \% on input line 466.
 [169 <./Capitulo 5/Figuras/Aspect.pdf>]
LaTeX Info: Redefining \. on input line 480.
LaTeX Info: Redefining \% on input line 480.
 [170]
LaTeX Info: Redefining \. on input line 498.
LaTeX Info: Redefining \% on input line 498.
 [171]
<Capitulo 5/Figuras/CavidadL.pdf, id=3718, 381.10548pt x 412.764pt>
File: Capitulo 5/Figuras/CavidadL.pdf Graphic file (type pdf)
<use Capitulo 5/Figuras/CavidadL.pdf>
Package pdftex.def Info: Capitulo 5/Figuras/CavidadL.pdf  used on input line 522.
(pdftex.def)             Requested size: 211.3883pt x 228.95447pt.
LaTeX Info: Redefining \. on input line 528.
LaTeX Info: Redefining \% on input line 528.
 [172]
LaTeX Info: Redefining \. on input line 541.
LaTeX Info: Redefining \% on input line 541.
 [173 <./Capitulo 5/Figuras/CavidadL.pdf>]
LaTeX Info: Redefining \. on input line 583.
LaTeX Info: Redefining \% on input line 583.
 [174]
LaTeX Info: Redefining \. on input line 622.
LaTeX Info: Redefining \% on input line 622.
 [175]
Underfull \hbox (badness 1077) in paragraph at lines 643--644
[]\T1/cmr/m/n/10.95 (+20) Los con-mu-ta-do-res $\OT1/cmr/m/n/10.95 (+20) [[]\OML/cmm/m/it/10.95 ; []\OT1/cmr/m/n/10.95 (+20) ]$ \T1/cmr/m/n/10.95 (+20) y $\OT1/cmr/m/n/10.95 (+20) [[]\OML/cmm/m/it/10.95 ; []\OT1/cmr/m/n/10.95 (+20) ]$ \T1/cmr/m/n/10.95 (+20) se anu-lan. Uti-li-zan-do $\OT1/cmr/m/n/10.95 (+20) [[]\OML/cmm/m/it/10.95 ; []\OT1/cmr/m/n/10.95 (+20) ] = \OML/cmm/m/it/10.95 i\U/msb/m/n/10.95 ~\OML/cmm/m/it/10.95 ^^N[]^^N[]$ \T1/cmr/m/n/10.95 (+20) y
 []

LaTeX Info: Redefining \. on input line 658.
LaTeX Info: Redefining \% on input line 658.
[176]
LaTeX Info: Redefining \. on input line 706.
LaTeX Info: Redefining \% on input line 706.
 [177]
LaTeX Info: Redefining \. on input line 747.
LaTeX Info: Redefining \% on input line 747.
 [178]
LaTeX Info: Redefining \. on input line 782.
LaTeX Info: Redefining \% on input line 782.
 [179]
Underfull \hbox (badness 10000) in paragraph at lines 809--810

 []

LaTeX Info: Redefining \. on input line 810.
LaTeX Info: Redefining \% on input line 810.
[180]
LaTeX Info: Redefining \. on input line 851.
LaTeX Info: Redefining \% on input line 851.
 [181]
Underfull \hbox (badness 10000) in paragraph at lines 887--888

 []

LaTeX Info: Redefining \. on input line 903.
LaTeX Info: Redefining \% on input line 903.
[182]
LaTeX Info: Redefining \. on input line 945.
LaTeX Info: Redefining \% on input line 945.
 [183]
Underfull \hbox (badness 10000) in paragraph at lines 961--962

 []

LaTeX Info: Redefining \. on input line 1000.
LaTeX Info: Redefining \% on input line 1000.
[184]
<Capitulo 5/Figuras/EstadosNumero.pdf, id=3912, 935.1738pt x 478.42741pt>
File: Capitulo 5/Figuras/EstadosNumero.pdf Graphic file (type pdf)
<use Capitulo 5/Figuras/EstadosNumero.pdf>
Package pdftex.def Info: Capitulo 5/Figuras/EstadosNumero.pdf  used on input line 1006.
(pdftex.def)             Requested size: 469.75499pt x 240.32274pt.

Underfull \hbox (badness 10000) in paragraph at lines 1011--1012

 []

LaTeX Info: Redefining \. on input line 1014.
LaTeX Info: Redefining \% on input line 1014.
[185 <./Capitulo 5/Figuras/EstadosNumero.pdf>]
<Capitulo 5/Figuras/EvolEstadosCoherentes.pdf, id=3956, 935.1738pt x 478.42741pt>
File: Capitulo 5/Figuras/EvolEstadosCoherentes.pdf Graphic file (type pdf)
<use Capitulo 5/Figuras/EvolEstadosCoherentes.pdf>
Package pdftex.def Info: Capitulo 5/Figuras/EvolEstadosCoherentes.pdf  used on input line 1017.
(pdftex.def)             Requested size: 469.75499pt x 240.32274pt.
LaTeX Info: Redefining \. on input line 1042.
LaTeX Info: Redefining \% on input line 1042.
 [186 <./Capitulo 5/Figuras/EvolEstadosCoherentes.pdf>]
<Capitulo 5/Figuras/HistogramasEstadoNumero.pdf, id=4009, 935.1738pt x 478.42741pt>
File: Capitulo 5/Figuras/HistogramasEstadoNumero.pdf Graphic file (type pdf)
<use Capitulo 5/Figuras/HistogramasEstadoNumero.pdf>
Package pdftex.def Info: Capitulo 5/Figuras/HistogramasEstadoNumero.pdf  used on input line 1056.
(pdftex.def)             Requested size: 469.75499pt x 240.32274pt.
LaTeX Info: Redefining \. on input line 1069.
LaTeX Info: Redefining \% on input line 1069.
 [187 <./Capitulo 5/Figuras/HistogramasEstadoNumero.pdf>]
Underfull \hbox (badness 10000) in paragraph at lines 1083--1084

 []

<Capitulo 5/Figuras/DistribucionDeFaseCoherentes.pdf, id=4064, 462.52798pt x 346.89601pt>
File: Capitulo 5/Figuras/DistribucionDeFaseCoherentes.pdf Graphic file (type pdf)
<use Capitulo 5/Figuras/DistribucionDeFaseCoherentes.pdf>
Package pdftex.def Info: Capitulo 5/Figuras/DistribucionDeFaseCoherentes.pdf  used on input line 1087.
(pdftex.def)             Requested size: 328.82706pt x 246.63135pt.
LaTeX Info: Redefining \. on input line 1099.
LaTeX Info: Redefining \% on input line 1099.
[188 <./Capitulo 5/Figuras/DistribucionDeFaseCoherentes.pdf>])
LaTeX Info: Redefining \. on input line 196.
LaTeX Info: Redefining \% on input line 196.
 [189]
LaTeX Info: Redefining \. on input line 196.
LaTeX Info: Redefining \% on input line 196.
 [190

]
Cap\'{\i }tulo 6.
[191] (./Capitulo 6/cap6.tex
LaTeX Info: Redefining \. on input line 20.
LaTeX Info: Redefining \% on input line 20.
 [192

]
LaTeX Info: Redefining \. on input line 53.
LaTeX Info: Redefining \% on input line 53.
 [193]
LaTeX Info: Redefining \. on input line 90.
LaTeX Info: Redefining \% on input line 90.
 [194]
LaTeX Info: Redefining \. on input line 120.
LaTeX Info: Redefining \% on input line 120.
 [195]
LaTeX Info: Redefining \. on input line 153.
LaTeX Info: Redefining \% on input line 153.
 [196]
LaTeX Info: Redefining \. on input line 188.
LaTeX Info: Redefining \% on input line 188.
 [197]
LaTeX Info: Redefining \. on input line 226.
LaTeX Info: Redefining \% on input line 226.
 [198]
LaTeX Info: Redefining \. on input line 243.
LaTeX Info: Redefining \% on input line 243.
 [199]
LaTeX Info: Redefining \. on input line 273.
LaTeX Info: Redefining \% on input line 273.
 [200])
LaTeX Info: Redefining \. on input line 208.
LaTeX Info: Redefining \% on input line 208.
 [201]
LaTeX Info: Redefining \. on input line 208.
LaTeX Info: Redefining \% on input line 208.
 [202

]
Cap\'{\i }tulo 7.
[203] (./Capitulo 7/cap7.tex
LaTeX Info: Redefining \. on input line 30.
LaTeX Info: Redefining \% on input line 30.
 [204

]
LaTeX Info: Redefining \. on input line 68.
LaTeX Info: Redefining \% on input line 68.
 [205]
<Capitulo 7/Figuras/FaseDirac.pdf, id=4293, 525.6373pt x 490.4428pt>
File: Capitulo 7/Figuras/FaseDirac.pdf Graphic file (type pdf)
<use Capitulo 7/Figuras/FaseDirac.pdf>
Package pdftex.def Info: Capitulo 7/Figuras/FaseDirac.pdf  used on input line 87.
(pdftex.def)             Requested size: 328.82706pt x 306.81036pt.
LaTeX Info: Redefining \. on input line 103.
LaTeX Info: Redefining \% on input line 103.
 [206]
LaTeX Info: Redefining \. on input line 103.
LaTeX Info: Redefining \% on input line 103.
 [207 <./Capitulo 7/Figuras/FaseDirac.pdf>]
LaTeX Info: Redefining \. on input line 127.
LaTeX Info: Redefining \% on input line 127.
 [208]
<Capitulo 7/Figuras/chivsphi.pdf, id=4406, 286.50658pt x 286.50658pt>
File: Capitulo 7/Figuras/chivsphi.pdf Graphic file (type pdf)
<use Capitulo 7/Figuras/chivsphi.pdf>
Package pdftex.def Info: Capitulo 7/Figuras/chivsphi.pdf  used on input line 130.
(pdftex.def)             Requested size: 234.87749pt x 234.88007pt.
LaTeX Info: Redefining \. on input line 150.
LaTeX Info: Redefining \% on input line 150.
 [209 <./Capitulo 7/Figuras/chivsphi.pdf>]
LaTeX Info: Redefining \. on input line 173.
LaTeX Info: Redefining \% on input line 173.
 [210]
LaTeX Info: Redefining \. on input line 204.
LaTeX Info: Redefining \% on input line 204.
 [211]
LaTeX Info: Redefining \. on input line 247.
LaTeX Info: Redefining \% on input line 247.
 [212]
LaTeX Info: Redefining \. on input line 273.
LaTeX Info: Redefining \% on input line 273.
 [213]
LaTeX Info: Redefining \. on input line 305.
LaTeX Info: Redefining \% on input line 305.
 [214]
LaTeX Info: Redefining \. on input line 349.
LaTeX Info: Redefining \% on input line 349.


Package fancyhdr Warning: \headheight is too small (23.0pt): 
(fancyhdr)                Make it at least 25.23671pt, for example:
(fancyhdr)                \setlength{\headheight}{25.23671pt}.
(fancyhdr)                You might also make \topmargin smaller:
(fancyhdr)                \addtolength{\topmargin}{-2.23671pt}.

[215]
LaTeX Info: Redefining \. on input line 383.
LaTeX Info: Redefining \% on input line 383.
 [216]
<Capitulo 7/Figuras/WignerRot.pdf, id=4512, 424.3441pt x 435.2699pt>
File: Capitulo 7/Figuras/WignerRot.pdf Graphic file (type pdf)
<use Capitulo 7/Figuras/WignerRot.pdf>
Package pdftex.def Info: Capitulo 7/Figuras/WignerRot.pdf  used on input line 403.
(pdftex.def)             Requested size: 352.31624pt x 361.41339pt.
<Capitulo 7/Figuras/PhaseRot.pdf, id=4514, 670.24438pt x 245.15445pt>
File: Capitulo 7/Figuras/PhaseRot.pdf Graphic file (type pdf)
<use Capitulo 7/Figuras/PhaseRot.pdf>
Package pdftex.def Info: Capitulo 7/Figuras/PhaseRot.pdf  used on input line 426.
(pdftex.def)             Requested size: 469.75499pt x 171.82764pt.
LaTeX Info: Redefining \. on input line 440.
LaTeX Info: Redefining \% on input line 440.


Package fancyhdr Warning: \headheight is too small (23.0pt): 
(fancyhdr)                Make it at least 25.23671pt, for example:
(fancyhdr)                \setlength{\headheight}{25.23671pt}.
(fancyhdr)                You might also make \topmargin smaller:
(fancyhdr)                \addtolength{\topmargin}{-2.23671pt}.

[217]
LaTeX Info: Redefining \. on input line 440.
LaTeX Info: Redefining \% on input line 440.
 [218 <./Capitulo 7/Figuras/WignerRot.pdf>]
Underfull \vbox (badness 1968) has occurred while \output is active []


Underfull \vbox (badness 1968) has occurred while \output is active []

LaTeX Info: Redefining \. on input line 455.
LaTeX Info: Redefining \% on input line 455.
 [219 <./Capitulo 7/Figuras/PhaseRot.pdf>]
LaTeX Info: Redefining \. on input line 485.
LaTeX Info: Redefining \% on input line 485.
 [220]
LaTeX Info: Redefining \. on input line 523.
LaTeX Info: Redefining \% on input line 523.
 [221]
LaTeX Info: Redefining \. on input line 564.
LaTeX Info: Redefining \% on input line 564.
 [222]
Underfull \hbox (badness 10000) in paragraph at lines 600--601

 []

LaTeX Info: Redefining \. on input line 601.
LaTeX Info: Redefining \% on input line 601.
[223]
LaTeX Info: Redefining \. on input line 638.
LaTeX Info: Redefining \% on input line 638.
 [224]
LaTeX Info: Redefining \. on input line 674.
LaTeX Info: Redefining \% on input line 674.
 [225]
LaTeX Info: Redefining \. on input line 707.
LaTeX Info: Redefining \% on input line 707.
 [226])
LaTeX Info: Redefining \. on input line 220.
LaTeX Info: Redefining \% on input line 220.
 [227]
LaTeX Info: Redefining \. on input line 220.
LaTeX Info: Redefining \% on input line 220.
 [228

]
Cap\'{\i }tulo 8.
[229] (./Capitulo 8/cap8.tex
LaTeX Info: Redefining \. on input line 22.
LaTeX Info: Redefining \% on input line 22.
 [230

]
LaTeX Info: Redefining \. on input line 41.
LaTeX Info: Redefining \% on input line 41.
 [231]
LaTeX Info: Redefining \. on input line 67.
LaTeX Info: Redefining \% on input line 67.
 [232]
Overfull \hbox (20.34386pt too wide) detected at line 101
[][][]\OT1/cmr/m/n/10.95 2\OML/cmm/m/it/10.95 x[] \OMS/cmsy/m/n/10.95 ^^@ \OT1/cmr/m/n/10.95 2\OML/cmm/m/it/10.95 x[] [] \OT1/cmr/m/n/10.95 = 2 [] \OMS/cmsy/m/n/10.95 ^^@ [][] \OT1/cmr/m/n/10.95 = 2 [][] \OMS/cmsy/m/n/10.95 ^^@ []\OML/cmm/m/it/10.95 ;
 []

LaTeX Info: Redefining \. on input line 103.
LaTeX Info: Redefining \% on input line 103.
[233]
LaTeX Info: Redefining \. on input line 136.
LaTeX Info: Redefining \% on input line 136.
 [234]
LaTeX Info: Redefining \. on input line 162.
LaTeX Info: Redefining \% on input line 162.
 [235]
LaTeX Info: Redefining \. on input line 196.
LaTeX Info: Redefining \% on input line 196.
 [236]
LaTeX Info: Redefining \. on input line 225.
LaTeX Info: Redefining \% on input line 225.
 [237]
Overfull \hbox (9.7553pt too wide) detected at line 252
[][][]\OML/cmm/m/it/10.95 U\OT1/cmr/m/n/10.95 (\OML/cmm/m/it/10.95 x; z\OT1/cmr/m/n/10.95 ) = [][] \OML/cmm/m/it/10.95 e[] [] [] [][] [] [] [] [] U\OT1/cmr/m/n/10.95 (\OML/cmm/m/it/10.95 x[]; \OT1/cmr/m/n/10.95 0)\OML/cmm/m/it/10.95 dx[]
 []

LaTeX Info: Redefining \. on input line 252.
LaTeX Info: Redefining \% on input line 252.
[238]
<Capitulo 8/Figuras/difraccionfresnel.pdf, id=5041, 759.26483pt x 407.2387pt>
File: Capitulo 8/Figuras/difraccionfresnel.pdf Graphic file (type pdf)
<use Capitulo 8/Figuras/difraccionfresnel.pdf>
Package pdftex.def Info: Capitulo 8/Figuras/difraccionfresnel.pdf  used on input line 257.
(pdftex.def)             Requested size: 422.77661pt x 226.7596pt.
LaTeX Info: Redefining \. on input line 288.
LaTeX Info: Redefining \% on input line 288.
 [239 <./Capitulo 8/Figuras/difraccionfresnel.pdf>]
LaTeX Info: Redefining \. on input line 351.
LaTeX Info: Redefining \% on input line 351.
 [240]
Overfull \hbox (8.41396pt too wide) detected at line 364
[][][]\OML/cmm/m/it/10.95  \OT1/cmr/m/n/10.95 (\OML/cmm/m/it/10.95 x[]; z\OT1/cmr/m/n/10.95 ) = [][] [] [] [][] [] [] [] [] \OML/cmm/m/it/10.95  \OT1/cmr/m/n/10.95 (\OML/cmm/m/it/10.95 x[]; \OT1/cmr/m/n/10.95 0)\OML/cmm/m/it/10.95 dx[]
 []


Underfull \hbox (badness 10000) in paragraph at lines 373--374

 []


Underfull \hbox (badness 10000) in paragraph at lines 375--376

 []

LaTeX Info: Redefining \. on input line 384.
LaTeX Info: Redefining \% on input line 384.
[241]
<Capitulo 8/Figuras/ftesferica.pdf, id=5102, 619.04578pt x 429.664pt>
File: Capitulo 8/Figuras/ftesferica.pdf Graphic file (type pdf)
<use Capitulo 8/Figuras/ftesferica.pdf>
Package pdftex.def Info: Capitulo 8/Figuras/ftesferica.pdf  used on input line 407.
(pdftex.def)             Requested size: 234.87749pt x 163.02487pt.
<Capitulo 8/Figuras/ftparabol.pdf, id=5103, 712.2388pt x 444.51213pt>
File: Capitulo 8/Figuras/ftparabol.pdf Graphic file (type pdf)
<use Capitulo 8/Figuras/ftparabol.pdf>
Package pdftex.def Info: Capitulo 8/Figuras/ftparabol.pdf  used on input line 410.
(pdftex.def)             Requested size: 234.87749pt x 146.5877pt.

Overfull \hbox (14.52214pt too wide) in paragraph at lines 407--411
 [][][] 
 []


Underfull \hbox (badness 10000) in paragraph at lines 421--423

 []

LaTeX Info: Redefining \. on input line 429.
LaTeX Info: Redefining \% on input line 429.
[242]
Underfull \hbox (badness 10000) in paragraph at lines 438--439

 []


Underfull \hbox (badness 10000) in paragraph at lines 453--454

 []

LaTeX Info: Redefining \. on input line 454.
LaTeX Info: Redefining \% on input line 454.
[243 <./Capitulo 8/Figuras/ftesferica.pdf> <./Capitulo 8/Figuras/ftparabol.pdf

pdfTeX warning: pdflatex (file ./Capitulo 8/Figuras/ftparabol.pdf): PDF inclusion: multiple pdfs with page group included in a single page
>]
Underfull \hbox (badness 10000) in paragraph at lines 455--456

 []

<Capitulo 8/Figuras/experimento.png, id=5193, 1036.87375pt x 455.7025pt>
File: Capitulo 8/Figuras/experimento.png Graphic file (type png)
<use Capitulo 8/Figuras/experimento.png>
Package pdftex.def Info: Capitulo 8/Figuras/experimento.png  used on input line 464.
(pdftex.def)             Requested size: 375.80542pt x 165.16531pt.

Underfull \hbox (badness 10000) in paragraph at lines 469--470

 []

LaTeX Info: Redefining \. on input line 470.
LaTeX Info: Redefining \% on input line 470.
[244 <./Capitulo 8/Figuras/experimento.png (PNG copy)>]
<Capitulo 8/Figuras/dataexp.png, id=5200, 706.64pt x 550.055pt>
File: Capitulo 8/Figuras/dataexp.png Graphic file (type png)
<use Capitulo 8/Figuras/dataexp.png>
Package pdftex.def Info: Capitulo 8/Figuras/dataexp.png  used on input line 478.
(pdftex.def)             Requested size: 328.82706pt x 255.96597pt.
LaTeX Info: Redefining \. on input line 484.
LaTeX Info: Redefining \% on input line 484.
 [245 <./Capitulo 8/Figuras/dataexp.png (PNG copy)>]
<Capitulo 8/Figuras/simulacion.png, id=5208, 688.5725pt x 520.94624pt>
File: Capitulo 8/Figuras/simulacion.png Graphic file (type png)
<use Capitulo 8/Figuras/simulacion.png>
Package pdftex.def Info: Capitulo 8/Figuras/simulacion.png  used on input line 487.
(pdftex.def)             Requested size: 328.82706pt x 248.77951pt.

Underfull \hbox (badness 10000) in paragraph at lines 493--494

 []

)
LaTeX Info: Redefining \. on input line 233.
LaTeX Info: Redefining \% on input line 233.
 [246 <./Capitulo 8/Figuras/simulacion.png (PNG copy)>]
Cap\'{\i }tulo 9.
[247

] (./Capitulo 9/cap9.tex
Underfull \hbox (badness 10000) in paragraph at lines 11--12

 []


Underfull \hbox (badness 10000) in paragraph at lines 13--14

 []


Underfull \hbox (badness 10000) in paragraph at lines 15--16

 []

LaTeX Info: Redefining \. on input line 16.
LaTeX Info: Redefining \% on input line 16.
[248

]
LaTeX Info: Redefining \. on input line 51.
LaTeX Info: Redefining \% on input line 51.
 [249]
LaTeX Info: Redefining \. on input line 86.
LaTeX Info: Redefining \% on input line 86.
 [250]
LaTeX Info: Redefining \. on input line 119.
LaTeX Info: Redefining \% on input line 119.
 [251]
Underfull \hbox (badness 10000) in paragraph at lines 120--121

 []


Underfull \hbox (badness 10000) in paragraph at lines 140--141

 []

LaTeX Info: Redefining \. on input line 146.
LaTeX Info: Redefining \% on input line 146.
[252]
LaTeX Info: Redefining \. on input line 205.
LaTeX Info: Redefining \% on input line 205.
 [253]
Underfull \hbox (badness 10000) in paragraph at lines 207--208

 []


Underfull \hbox (badness 10000) in paragraph at lines 213--214

 []


Underfull \hbox (badness 10000) in paragraph at lines 221--222

 []

LaTeX Info: Redefining \. on input line 236.
LaTeX Info: Redefining \% on input line 236.
[254]
Underfull \hbox (badness 10000) in paragraph at lines 269--270

 []

LaTeX Info: Redefining \. on input line 273.
LaTeX Info: Redefining \% on input line 273.
[255]
LaTeX Info: Redefining \. on input line 332.
LaTeX Info: Redefining \% on input line 332.
 [256]
LaTeX Info: Redefining \. on input line 398.
LaTeX Info: Redefining \% on input line 398.
 [257]
Underfull \hbox (badness 10000) in paragraph at lines 448--449

 []

LaTeX Info: Redefining \. on input line 450.
LaTeX Info: Redefining \% on input line 450.
[258]
LaTeX Info: Redefining \. on input line 512.
LaTeX Info: Redefining \% on input line 512.
 [259]
LaTeX Info: Redefining \. on input line 560.
LaTeX Info: Redefining \% on input line 560.
 [260]
LaTeX Info: Redefining \. on input line 593.
LaTeX Info: Redefining \% on input line 593.


Package fancyhdr Warning: \headheight is too small (23.0pt): 
(fancyhdr)                Make it at least 25.23671pt, for example:
(fancyhdr)                \setlength{\headheight}{25.23671pt}.
(fancyhdr)                You might also make \topmargin smaller:
(fancyhdr)                \addtolength{\topmargin}{-2.23671pt}.

[261]
Underfull \hbox (badness 10000) in paragraph at lines 617--618
[]\T1/cmr/m/it/10.95 (+20) La de-ri-va-da co-va-rian-te,
 []


Underfull \hbox (badness 10000) in paragraph at lines 639--640
[]\T1/cmr/m/it/10.95 (+20) Sea $\OML/cmm/m/it/10.95 T[]$ \T1/cmr/m/it/10.95 (+20) un ten-sor
 []


Underfull \hbox (badness 3861) in paragraph at lines 673--674
[]$\OMS/cmsy/m/n/10.95 r[]E[] \OT1/cmr/m/n/10.95 (+20) =
 []

LaTeX Info: Redefining \. on input line 685.
LaTeX Info: Redefining \% on input line 685.
[262]
LaTeX Info: Redefining \. on input line 763.
LaTeX Info: Redefining \% on input line 763.


Package fancyhdr Warning: \headheight is too small (23.0pt): 
(fancyhdr)                Make it at least 25.23671pt, for example:
(fancyhdr)                \setlength{\headheight}{25.23671pt}.
(fancyhdr)                You might also make \topmargin smaller:
(fancyhdr)                \addtolength{\topmargin}{-2.23671pt}.

[263]
LaTeX Info: Redefining \. on input line 814.
LaTeX Info: Redefining \% on input line 814.
 [264]
Underfull \hbox (badness 10000) in paragraph at lines 814--815
[]\T1/cmr/m/it/10.95 (+20) Sea $\OT1/cmr/m/n/10.95 (+20) (\OMS/cmsy/m/n/10.95 M\OML/cmm/m/it/10.95 ; g[]\OT1/cmr/m/n/10.95 (+20) )$ \T1/cmr/m/it/10.95 (+20) un
 []

LaTeX Info: Redefining \. on input line 858.
LaTeX Info: Redefining \% on input line 858.

Package fancyhdr Warning: \headheight is too small (23.0pt): 
(fancyhdr)                Make it at least 25.23671pt, for example:
(fancyhdr)                \setlength{\headheight}{25.23671pt}.
(fancyhdr)                You might also make \topmargin smaller:
(fancyhdr)                \addtolength{\topmargin}{-2.23671pt}.

[265]
LaTeX Info: Redefining \. on input line 953.
LaTeX Info: Redefining \% on input line 953.
 [266]
Underfull \hbox (badness 10000) in paragraph at lines 978--979
[]\T1/cmr/m/it/10.95 (+20) En un
 []

LaTeX Info: Redefining \. on input line 1014.
LaTeX Info: Redefining \% on input line 1014.

Package fancyhdr Warning: \headheight is too small (23.0pt): 
(fancyhdr)                Make it at least 25.23671pt, for example:
(fancyhdr)                \setlength{\headheight}{25.23671pt}.
(fancyhdr)                You might also make \topmargin smaller:
(fancyhdr)                \addtolength{\topmargin}{-2.23671pt}.

[267]
LaTeX Info: Redefining \. on input line 1061.
LaTeX Info: Redefining \% on input line 1061.
 [268]
Underfull \hbox (badness 2245) in paragraph at lines 1066--1068
\T1/cmr/m/n/10.95 (+20) contiene, en una so-la ex-pre-sión ten-so-rial co-va-rian-te vá-li-da en cual-quier espacio-tiempo
 []


Underfull \hbox (badness 10000) in paragraph at lines 1071--1072

 []

LaTeX Info: Redefining \. on input line 1083.
LaTeX Info: Redefining \% on input line 1083.
[269]
LaTeX Info: Redefining \. on input line 1120.
LaTeX Info: Redefining \% on input line 1120.
 [270]
Underfull \hbox (badness 10000) in paragraph at lines 1130--1131

 []

LaTeX Info: Redefining \. on input line 1146.
LaTeX Info: Redefining \% on input line 1146.
[271]
Underfull \hbox (badness 10000) in paragraph at lines 1177--1178

 []

LaTeX Info: Redefining \. on input line 1197.
LaTeX Info: Redefining \% on input line 1197.
[272])
LaTeX Info: Redefining \. on input line 245.
LaTeX Info: Redefining \% on input line 245.
 [273]
LaTeX Info: Redefining \. on input line 245.
LaTeX Info: Redefining \% on input line 245.
 [274

]
Cap\'{\i }tulo 10.
[275] (./Capitulo 10/cap10.tex
Underfull \hbox (badness 10000) in paragraph at lines 3--4

 []

LaTeX Info: Redefining \. on input line 58.
LaTeX Info: Redefining \% on input line 58.
[276

]
Underfull \hbox (badness 10000) in paragraph at lines 61--62

 []


Underfull \hbox (badness 10000) in paragraph at lines 85--86

 []


Underfull \hbox (badness 10000) in paragraph at lines 110--111

 []


Underfull \hbox (badness 10000) in paragraph at lines 115--116

 []

LaTeX Info: Redefining \. on input line 116.
LaTeX Info: Redefining \% on input line 116.
[277]
Underfull \hbox (badness 10000) in paragraph at lines 124--125

 []


Underfull \hbox (badness 10000) in paragraph at lines 130--131

 []


Underfull \hbox (badness 10000) in paragraph at lines 130--131

 []


Underfull \hbox (badness 10000) in paragraph at lines 138--139

 []

LaTeX Info: Redefining \. on input line 145.
LaTeX Info: Redefining \% on input line 145.
[278]
Underfull \hbox (badness 10000) in paragraph at lines 147--148

 []


Underfull \hbox (badness 10000) in paragraph at lines 181--182

 []


Underfull \hbox (badness 10000) in paragraph at lines 186--187

 []

LaTeX Info: Redefining \. on input line 187.
LaTeX Info: Redefining \% on input line 187.
[279]
Underfull \hbox (badness 10000) in paragraph at lines 233--234

 []


Underfull \hbox (badness 10000) in paragraph at lines 243--244

 []

LaTeX Info: Redefining \. on input line 244.
LaTeX Info: Redefining \% on input line 244.
[280]
Underfull \hbox (badness 10000) in paragraph at lines 275--276

 []

LaTeX Info: Redefining \. on input line 289.
LaTeX Info: Redefining \% on input line 289.
[281]
Underfull \hbox (badness 10000) in paragraph at lines 337--338

 []

LaTeX Info: Redefining \. on input line 347.
LaTeX Info: Redefining \% on input line 347.
[282]
Underfull \hbox (badness 10000) in paragraph at lines 369--370

 []

) (out/main.bbl
LaTeX Info: Redefining \. on input line 1.
LaTeX Info: Redefining \% on input line 1.
 [283]
LaTeX Info: Redefining \. on input line 1.
LaTeX Info: Redefining \% on input line 1.
 [284

] [285]
LaTeX Info: Redefining \. on input line 189.
LaTeX Info: Redefining \% on input line 189.
 [286]
LaTeX Info: Redefining \. on input line 291.
LaTeX Info: Redefining \% on input line 291.
 [287]
LaTeX Info: Redefining \. on input line 391.
LaTeX Info: Redefining \% on input line 391.
 [288]
LaTeX Info: Redefining \. on input line 486.
LaTeX Info: Redefining \% on input line 486.
 [289]
LaTeX Info: Redefining \. on input line 576.
LaTeX Info: Redefining \% on input line 576.
 [290]
LaTeX Info: Redefining \. on input line 679.
LaTeX Info: Redefining \% on input line 679.
 [291]
LaTeX Info: Redefining \. on input line 772.
LaTeX Info: Redefining \% on input line 772.
 [292])
LaTeX Info: Redefining \. on input line 259.
LaTeX Info: Redefining \% on input line 259.
 [293] (out/main.aux
LaTeX Info: Redefining \. on input line 13.
LaTeX Info: Redefining \% on input line 13.
)
 ***********
LaTeX2e <2025-11-01>
L3 programming layer <2026-01-19>
 ***********
Package rerunfilecheck Info: File `main.out' has not changed.
(rerunfilecheck)             Checksum: F00A69B3AA635031EEDA2306EDBC2BD8;40810.
 ) 
Here is how much of TeX's memory you used:
 24062 strings out of 467525
 389954 string characters out of 5418982
 897347 words of memory out of 5000000
 50300 multiletter control sequences out of 15000+600000
 675469 words of font info for 357 fonts, out of 8000000 for 9000
 1141 hyphenation exceptions out of 8191
 72i,15n,79p,2610b,1026s stack positions out of 10000i,1000n,20000p,200000b,200000s
</usr/local/texlive/2026/texmf-dist/fonts/type1/public/amsfonts/cm/cmbsy10.pfb></usr/local/texlive/2026/texmf-dist/fonts/type1/public/amsfonts/cm/cmbx10.pfb></usr/local/texlive/2026/texmf-dist/fonts/type1/public/amsfonts/cm/cmbx6.pfb></usr/local/texlive/2026/texmf-dist/fonts/type1/public/amsfonts/cm/cmbx8.pfb></usr/local/texlive/2026/texmf-dist/fonts/type1/public/amsfonts/cm/cmex10.pfb></usr/local/texlive/2026/texmf-dist/fonts/type1/public/amsfonts/cmextra/cmex8.pfb></usr/local/texlive/2026/texmf-dist/fonts/type1/public/amsfonts/cm/cmmi10.pfb></usr/local/texlive/2026/texmf-dist/fonts/type1/public/amsfonts/cm/cmmi6.pfb></usr/local/texlive/2026/texmf-dist/fonts/type1/public/amsfonts/cm/cmmi8.pfb></usr/local/texlive/2026/texmf-dist/fonts/type1/public/amsfonts/cm/cmmi9.pfb></usr/local/texlive/2026/texmf-dist/fonts/type1/public/amsfonts/cm/cmmib10.pfb></usr/local/texlive/2026/texmf-dist/fonts/type1/public/amsfonts/cm/cmr10.pfb></usr/local/texlive/2026/texmf-dist/fonts/type1/public/amsfonts/cm/cmr6.pfb></usr/local/texlive/2026/texmf-dist/fonts/type1/public/amsfonts/cm/cmr8.pfb></usr/local/texlive/2026/texmf-dist/fonts/type1/public/amsfonts/cm/cmr9.pfb></usr/local/texlive/2026/texmf-dist/fonts/type1/public/amsfonts/cm/cmsy10.pfb></usr/local/texlive/2026/texmf-dist/fonts/type1/public/amsfonts/cm/cmsy6.pfb></usr/local/texlive/2026/texmf-dist/fonts/type1/public/amsfonts/cm/cmsy8.pfb></usr/local/texlive/2026/texmf-dist/fonts/type1/public/amsfonts/cm/cmsy9.pfb></usr/local/texlive/2026/texmf-dist/fonts/type1/public/amsfonts/symbols/msam10.pfb></usr/local/texlive/2026/texmf-dist/fonts/type1/public/amsfonts/symbols/msbm10.pfb></usr/local/texlive/2026/texmf-dist/fonts/type1/public/amsfonts/symbols/msbm7.pfb></usr/local/texlive/2026/texmf-dist/fonts/type1/public/cm-super/sfbi1095.pfb></usr/local/texlive/2026/texmf-dist/fonts/type1/public/cm-super/sfbx1095.pfb></usr/local/texlive/2026/texmf-dist/fonts/type1/public/cm-super/sfbx1200.pfb></usr/local/texlive/2026/texmf-dist/fonts/type1/public/cm-super/sfbx1440.pfb></usr/local/texlive/2026/texmf-dist/fonts/type1/public/cm-super/sfbx2488.pfb></usr/local/texlive/2026/texmf-dist/fonts/type1/public/cm-super/sfcc1095.pfb></usr/local/texlive/2026/texmf-dist/fonts/type1/public/cm-super/sfrm0600.pfb></usr/local/texlive/2026/texmf-dist/fonts/type1/public/cm-super/sfrm0800.pfb></usr/local/texlive/2026/texmf-dist/fonts/type1/public/cm-super/sfrm0900.pfb></usr/local/texlive/2026/texmf-dist/fonts/type1/public/cm-super/sfrm1000.pfb></usr/local/texlive/2026/texmf-dist/fonts/type1/public/cm-super/sfrm1095.pfb></usr/local/texlive/2026/texmf-dist/fonts/type1/public/cm-super/sfrm1200.pfb></usr/local/texlive/2026/texmf-dist/fonts/type1/public/cm-super/sfti1095.pfb></usr/local/texlive/2026/texmf-dist/fonts/type1/public/cm-super/sfti1200.pfb></usr/local/texlive/2026/texmf-dist/fonts/type1/public/cm-super/sfti2488.pfb></usr/local/texlive/2026/texmf-dist/fonts/type1/public/cm-super/sfxc1095.pfb>
Output written on out/main.pdf (305 pages, 3125234 bytes).
PDF statistics:
 6264 PDF objects out of 7423 (max. 8388607)
 5407 compressed objects within 55 object streams
 1830 named destinations out of 2073 (max. 500000)
 66860 words of extra memory for PDF output out of 74296 (max. 10000000)

