\BOOKMARK [0][-]{chapter.1}{\376\377\000T\000e\000o\000r\000\355\000a\000\040\000d\000e\000\040\000l\000a\000\040\000d\000i\000f\000r\000a\000c\000c\000i\000\363\000n}{}% 1
\BOOKMARK [1][-]{section.1.1}{\376\377\000B\000r\000e\000v\000e\000\040\000h\000i\000s\000t\000o\000r\000i\000a\000\040\000d\000e\000\040\000l\000a\000\040\000t\000e\000o\000r\000\355\000a\000\040\000d\000e\000\040\000l\000a\000\040\000d\000i\000f\000r\000a\000c\000c\000i\000\363\000n\000:\000\040\000d\000e\000\040\000l\000a\000s\000\040\000s\000o\000m\000b\000r\000a\000s\000\040\000a\000l\000\040\000m\000u\000n\000d\000o\000\040\000v\000e\000c\000t\000o\000r\000i\000a\000l}{chapter.1}% 2
\BOOKMARK [1][-]{section.1.2}{\376\377\000T\000e\000o\000r\000\355\000a\000\040\000e\000s\000c\000a\000l\000a\000r\000\040\000d\000e\000\040\000l\000a\000\040\000d\000i\000f\000r\000a\000c\000c\000i\000\363\000n}{chapter.1}% 3
\BOOKMARK [1][-]{section.1.3}{\376\377\000E\000c\000u\000a\000c\000i\000\363\000n\000\040\000d\000e\000\040\000o\000n\000d\000a\000\040\000e\000s\000c\000a\000l\000a\000r\000\040\000\050\000e\000c\000u\000a\000c\000i\000\363\000n\000\040\000d\000e\000\040\000H\000e\000l\000m\000h\000o\000l\000t\000z\000\051}{chapter.1}% 4
\BOOKMARK [1][-]{section.1.4}{\376\377\000E\000l\000\040\000p\000r\000o\000b\000l\000e\000m\000a\000\040\000e\000s\000c\000a\000l\000a\000r\000\040\000d\000e\000\040\000v\000a\000l\000o\000r\000e\000s\000\040\000d\000e\000\040\000f\000r\000o\000n\000t\000e\000r\000a\000\040\000d\000e\000\040\000K\000i\000r\000c\000h\000h\000o\000f\000f}{chapter.1}% 5
\BOOKMARK [2][-]{subsection.1.4.1}{\376\377\000T\000e\000o\000r\000e\000m\000a\000\040\000d\000e\000\040\000G\000r\000e\000e\000n}{section.1.4}% 6
\BOOKMARK [2][-]{subsection.1.4.2}{\376\377\000E\000l\000\040\000t\000e\000o\000r\000e\000m\000a\000\040\000i\000n\000t\000e\000g\000r\000a\000l\000\040\000d\000e\000\040\000H\000e\000l\000m\000h\000o\000l\000t\000z\000-\000K\000i\000r\000c\000h\000h\000o\000f\000f}{section.1.4}% 7
\BOOKMARK [2][-]{subsection.1.4.3}{\376\377\000L\000a\000\040\000f\000o\000r\000m\000u\000l\000a\000c\000i\000\363\000n\000\040\000d\000e\000\040\000R\000a\000y\000l\000e\000i\000g\000h\000-\000S\000o\000m\000m\000e\000r\000f\000e\000l\000d}{section.1.4}% 8
\BOOKMARK [1][-]{section.1.5}{\376\377\000L\000a\000\040\000a\000p\000r\000o\000x\000i\000m\000a\000c\000i\000\363\000n\000\040\000d\000e\000\040\000F\000r\000e\000s\000n\000e\000l}{chapter.1}% 9
\BOOKMARK [2][-]{subsection.1.5.1}{\376\377\000E\000j\000e\000m\000p\000l\000o\000:\000\040\000d\000i\000f\000r\000a\000c\000c\000i\000\363\000n\000\040\000d\000e\000\040\000F\000r\000a\000u\000n\000h\000o\000f\000e\000r\000\040\000e\000n\000t\000r\000e\000\040\000d\000o\000s\000\040\000e\000s\000f\000e\000r\000a\000s\000\040\000c\000o\000n\000f\000o\000c\000a\000l\000e\000s}{section.1.5}% 10
\BOOKMARK [1][-]{section.1.6}{\376\377\000L\000a\000\040\000a\000p\000r\000o\000x\000i\000m\000a\000c\000i\000\363\000n\000\040\000d\000e\000\040\000F\000r\000a\000u\000n\000h\000o\000f\000e\000r}{chapter.1}% 11
\BOOKMARK [1][-]{section.1.7}{\376\377\000L\000a\000\040\000t\000r\000a\000n\000s\000f\000o\000r\000m\000a\000d\000a\000\040\000f\000r\000a\000c\000c\000i\000o\000n\000a\000r\000i\000a\000\040\000d\000e\000\040\000F\000o\000u\000r\000i\000e\000r}{chapter.1}% 12
\BOOKMARK [2][-]{subsection.1.7.1}{\376\377\000C\000o\000n\000t\000e\000x\000t\000o\000\040\000h\000i\000s\000t\000\363\000r\000i\000c\000o\000\040\000d\000e\000l\000\040\000a\000n\000\341\000l\000i\000s\000i\000s\000\040\000d\000e\000\040\000F\000o\000u\000r\000i\000e\000r\000\040\000y\000\040\000d\000e\000\040\000s\000u\000s\000\040\000p\000o\000t\000e\000n\000c\000i\000a\000s\000\040\000f\000r\000a\000c\000c\000i\000o\000n\000a\000r\000i\000a\000s}{section.1.7}% 13
\BOOKMARK [2][-]{subsection.1.7.2}{\376\377\000L\000a\000\040\000t\000r\000a\000n\000s\000f\000o\000r\000m\000a\000d\000a\000\040\000f\000r\000a\000c\000c\000i\000o\000n\000a\000r\000i\000a\000\040\000d\000e\000\040\000F\000o\000u\000r\000i\000e\000r\000\040\000c\000o\000m\000o\000\040\000o\000p\000e\000r\000a\000d\000o\000r\000\040\000d\000i\000f\000e\000r\000e\000n\000c\000i\000a\000l\000\040\000e\000\040\000i\000n\000t\000e\000g\000r\000a\000l}{section.1.7}% 14
\BOOKMARK [3][-]{subsubsection.1.7.2.1}{\376\377\000L\000a\000s\000\040\000f\000u\000n\000c\000i\000o\000n\000e\000s\000\040\000p\000r\000o\000p\000i\000a\000s\000\040\000d\000e\000\040\000l\000a\000\040\000t\000r\000a\000n\000s\000f\000o\000r\000m\000a\000c\000i\000\363\000n\000\040\000d\000e\000\040\000F\000o\000u\000r\000i\000e\000r}{subsection.1.7.2}% 15
\BOOKMARK [3][-]{subsubsection.1.7.2.2}{\376\377\000L\000a\000\040\000d\000e\000f\000i\000n\000i\000c\000i\000\363\000n\000\040\000d\000e\000\040\000N\000a\000m\000i\000a\000s\000\040\000y\000\040\000e\000l\000\040\000o\000p\000e\000r\000a\000d\000o\000r\000\040\000d\000i\000f\000e\000r\000e\000n\000c\000i\000a\000l}{subsection.1.7.2}% 16
\BOOKMARK [3][-]{subsubsection.1.7.2.3}{\376\377\000L\000a\000\040\000f\000o\000r\000m\000a\000\040\000i\000n\000t\000e\000g\000r\000a\000l\000\040\000d\000e\000\040\000l\000a\000\040\000t\000r\000a\000n\000s\000f\000o\000r\000m\000a\000c\000i\000\363\000n}{subsection.1.7.2}% 17
\BOOKMARK [3][-]{subsubsection.1.7.2.4}{\376\377\000L\000a\000\040\000t\000r\000a\000n\000s\000f\000o\000r\000m\000a\000c\000i\000\363\000n\000\040\000i\000n\000v\000e\000r\000s\000a\000\040\000y\000\040\000l\000a\000\040\000l\000e\000y\000\040\000d\000e\000\040\000\355\000n\000d\000i\000c\000e\000s}{subsection.1.7.2}% 18
\BOOKMARK [3][-]{subsubsection.1.7.2.5}{\376\377\000L\000a\000\040\000r\000e\000g\000u\000l\000a\000r\000i\000z\000a\000c\000i\000\363\000n\000\040\000d\000e\000\040\000M\000c\000B\000r\000i\000d\000e\000\040\000y\000\040\000K\000e\000r\000r}{subsection.1.7.2}% 19
\BOOKMARK [3][-]{subsubsection.1.7.2.6}{\376\377\000P\000o\000r\000\040\000q\000u\000\351\000\040\000l\000a\000\040\000c\000o\000n\000s\000t\000r\000u\000c\000c\000i\000\363\000n\000\040\000e\000s\000\040\000\372\000t\000i\000l}{subsection.1.7.2}% 20
\BOOKMARK [2][-]{subsection.1.7.3}{\376\377\000E\000l\000\040\000p\000a\000p\000e\000l\000\040\000d\000e\000l\000\040\000a\000n\000\341\000l\000i\000s\000i\000s\000\040\000d\000e\000\040\000F\000o\000u\000r\000i\000e\000r\000\040\000e\000n\000\040\000l\000a\000\040\000t\000e\000o\000r\000\355\000a\000\040\000d\000e\000\040\000l\000a\000\040\000d\000i\000f\000r\000a\000c\000c\000i\000\363\000n}{section.1.7}% 21
\BOOKMARK [3][-]{subsubsection.1.7.3.1}{\376\377\000P\000o\000r\000\040\000q\000u\000\351\000\040\000u\000n\000\040\000p\000l\000a\000n\000o\000\040\000n\000o\000\040\000p\000u\000e\000d\000e\000\040\000s\000e\000r\000\040\000l\000a\000\040\000s\000u\000p\000e\000r\000f\000i\000c\000i\000e\000\040\000d\000e\000\040\000r\000e\000f\000e\000r\000e\000n\000c\000i\000a\000\040\000c\000o\000r\000r\000e\000c\000t\000a}{subsection.1.7.3}% 22
\BOOKMARK [3][-]{subsubsection.1.7.3.2}{\376\377\000E\000s\000f\000e\000r\000a\000s\000\040\000d\000e\000\040\000r\000e\000f\000e\000r\000e\000n\000c\000i\000a\000\040\000y\000\040\000e\000l\000\040\000o\000r\000d\000e\000n\000\040\000f\000r\000a\000c\000c\000i\000o\000n\000a\000r\000i\000o}{subsection.1.7.3}% 23
\BOOKMARK [3][-]{subsubsection.1.7.3.3}{\376\377\000L\000a\000\040\000c\000o\000n\000s\000t\000a\000n\000t\000e\000\040\000d\000e\000\040\000n\000o\000r\000m\000a\000l\000i\000z\000a\000c\000i\000\363\000n\000\040\000y\000\040\000e\000l\000\040\000r\000e\000s\000u\000l\000t\000a\000d\000o\000\040\000f\000i\000n\000a\000l}{subsection.1.7.3}% 24
\BOOKMARK [3][-]{subsubsection.1.7.3.4}{\376\377\000S\000i\000g\000n\000i\000f\000i\000c\000a\000d\000o\000\040\000f\000\355\000s\000i\000c\000o\000\040\000d\000e\000\040\000u\000n\000\040\000o\000r\000d\000e\000n\000\040\000r\000e\000a\000l}{subsection.1.7.3}% 25
\BOOKMARK [3][-]{subsubsection.1.7.3.5}{\376\377\000S\000i\000g\000n\000i\000f\000i\000c\000a\000d\000o\000\040\000f\000\355\000s\000i\000c\000o\000\040\000d\000e\000\040\000u\000n\000\040\000o\000r\000d\000e\000n\000\040\000c\000o\000m\000p\000l\000e\000j\000o}{subsection.1.7.3}% 26
\BOOKMARK [0][-]{chapter.2}{\376\377\000T\000e\000o\000r\000\355\000a\000\040\000d\000e\000\040\000l\000a\000\040\000c\000o\000h\000e\000r\000e\000n\000c\000i\000a}{}% 27
\BOOKMARK [1][-]{section.2.1}{\376\377\000C\000o\000n\000t\000e\000x\000t\000o\000\040\000h\000i\000s\000t\000\363\000r\000i\000c\000o\000\040\000d\000e\000\040\000l\000a\000\040\000t\000e\000o\000r\000\355\000a\000\040\000d\000e\000\040\000l\000a\000\040\000c\000o\000h\000e\000r\000e\000n\000c\000i\000a}{chapter.2}% 28
\BOOKMARK [1][-]{section.2.2}{\376\377\000\277\000C\000\363\000m\000o\000\040\000s\000e\000\040\000c\000u\000a\000n\000t\000i\000f\000i\000c\000a\000\040\000l\000a\000\040\000s\000i\000m\000i\000l\000a\000r\000i\000d\000a\000d\000\040\000e\000s\000t\000a\000d\000\355\000s\000t\000i\000c\000a\000?}{chapter.2}% 29
\BOOKMARK [1][-]{section.2.3}{\376\377\000V\000a\000r\000i\000a\000b\000l\000e\000s\000\040\000a\000l\000e\000a\000t\000o\000r\000i\000a\000s}{chapter.2}% 30
\BOOKMARK [2][-]{subsection.2.3.1}{\376\377\000E\000l\000\040\000e\000s\000p\000a\000c\000i\000o\000\040\000m\000u\000e\000s\000t\000r\000a\000l\000\040\000y\000\040\000e\000l\000\040\000s\000i\000g\000n\000i\000f\000i\000c\000a\000d\000o\000\040\000f\000\355\000s\000i\000c\000o\000\040\000d\000e\000\040\000u\000n\000\040\000e\000v\000e\000n\000t\000o}{section.2.3}% 31
\BOOKMARK [2][-]{subsection.2.3.2}{\376\377\000L\000a\000\040\000s\000i\000g\000m\000a\000-\000\341\000l\000g\000e\000b\000r\000a\000,\000\040\000o\000\040\000q\000u\000\351\000\040\000p\000r\000e\000g\000u\000n\000t\000a\000s\000\040\000p\000u\000e\000d\000e\000n\000\040\000f\000o\000r\000m\000u\000l\000a\000r\000s\000e}{section.2.3}% 32
\BOOKMARK [2][-]{subsection.2.3.3}{\376\377\000M\000e\000d\000i\000d\000a\000,\000\040\000l\000a\000\040\000m\000e\000d\000i\000d\000a\000\040\000d\000e\000\040\000L\000e\000b\000e\000s\000g\000u\000e\000\040\000y\000\040\000l\000a\000\040\000m\000e\000d\000i\000d\000a\000\040\000d\000e\000\040\000p\000r\000o\000b\000a\000b\000i\000l\000i\000d\000a\000d}{section.2.3}% 33
\BOOKMARK [2][-]{subsection.2.3.4}{\376\377\000V\000a\000r\000i\000a\000b\000l\000e\000s\000\040\000a\000l\000e\000a\000t\000o\000r\000i\000a\000s\000\040\000y\000\040\000e\000l\000\040\000s\000i\000g\000n\000i\000f\000i\000c\000a\000d\000o\000\040\000d\000e\000\040\000l\000a\000\040\000m\000e\000d\000i\000b\000i\000l\000i\000d\000a\000d}{section.2.3}% 34
\BOOKMARK [2][-]{subsection.2.3.5}{\376\377\000P\000r\000o\000c\000e\000s\000o\000s\000\040\000e\000s\000t\000o\000c\000\341\000s\000t\000i\000c\000o\000s}{section.2.3}% 35
\BOOKMARK [2][-]{subsection.2.3.6}{\376\377\000E\000l\000\040\000e\000s\000p\000a\000c\000i\000o\000\040\000d\000e\000\040\000p\000r\000o\000b\000a\000b\000i\000l\000i\000d\000a\000d\000\040\000d\000e\000l\000\040\000c\000a\000m\000p\000o\000\040\000e\000l\000e\000c\000t\000r\000o\000m\000a\000g\000n\000\351\000t\000i\000c\000o}{section.2.3}% 36
\BOOKMARK [2][-]{subsection.2.3.7}{\376\377\000E\000s\000t\000a\000c\000i\000o\000n\000a\000r\000i\000e\000d\000a\000d\000,\000\040\000e\000r\000g\000o\000d\000i\000c\000i\000d\000a\000d\000\040\000y\000\040\000e\000l\000\040\000d\000e\000r\000e\000c\000h\000o\000\040\000a\000\040\000m\000e\000d\000i\000r}{section.2.3}% 37
\BOOKMARK [1][-]{section.2.4}{\376\377\000F\000u\000n\000c\000i\000\363\000n\000\040\000d\000e\000\040\000c\000o\000h\000e\000r\000e\000n\000c\000i\000a}{chapter.2}% 38
\BOOKMARK [2][-]{subsection.2.4.1}{\376\377\000M\000a\000n\000i\000f\000e\000s\000t\000a\000c\000i\000o\000n\000e\000s\000\040\000d\000e\000\040\000l\000a\000\040\000c\000o\000h\000e\000r\000e\000n\000c\000i\000a\000:\000\040\000e\000l\000\040\000t\000e\000o\000r\000e\000m\000a\000\040\000d\000e\000\040\000W\000i\000e\000n\000e\000r\000-\000K\000h\000i\000n\000c\000h\000i\000n}{section.2.4}% 39
\BOOKMARK [2][-]{subsection.2.4.2}{\376\377\000E\000c\000u\000a\000c\000i\000\363\000n\000\040\000d\000e\000\040\000o\000n\000d\000a\000\040\000d\000e\000\040\000l\000a\000\040\000c\000o\000h\000e\000r\000e\000n\000c\000i\000a}{section.2.4}% 40
\BOOKMARK [2][-]{subsection.2.4.3}{\376\377\000P\000r\000o\000p\000a\000g\000a\000c\000i\000\363\000n\000\040\000d\000e\000\040\000l\000a\000\040\000c\000o\000h\000e\000r\000e\000n\000c\000i\000a\000\040\000y\000\040\000l\000a\000\040\000d\000i\000r\000e\000c\000c\000i\000\363\000n\000\040\000d\000e\000l\000\040\000t\000i\000e\000m\000p\000o\000:\000\040\000e\000l\000\040\000t\000e\000o\000r\000e\000m\000a\000\040\000d\000e\000\040\000v\000a\000n\000\040\000C\000i\000t\000t\000e\000r\000t\000-\000Z\000e\000r\000n\000i\000k\000e}{section.2.4}% 41
\BOOKMARK [0][-]{chapter.3}{\376\377\000M\000e\000c\000\341\000n\000i\000c\000a\000\040\000a\000n\000a\000l\000\355\000t\000i\000c\000a\000\040\000y\000\040\000e\000l\000\040\000p\000r\000i\000n\000c\000i\000p\000i\000o\000\040\000d\000e\000\040\000a\000c\000c\000i\000\363\000n}{}% 42
\BOOKMARK [1][-]{section.3.1}{\376\377\000B\000r\000e\000v\000e\000\040\000h\000i\000s\000t\000o\000r\000i\000a\000\040\000d\000e\000l\000\040\000p\000r\000i\000n\000c\000i\000p\000i\000o\000\040\000d\000e\000\040\000a\000c\000c\000i\000\363\000n\000:\000\040\000d\000e\000\040\000F\000e\000r\000m\000a\000t\000\040\000a\000\040\000F\000e\000y\000n\000m\000a\000n}{chapter.3}% 43
\BOOKMARK [1][-]{section.3.2}{\376\377\000D\000e\000\040\000N\000e\000w\000t\000o\000n\000\040\000a\000\040\000L\000a\000g\000r\000a\000n\000g\000e}{chapter.3}% 44
\BOOKMARK [1][-]{section.3.3}{\376\377\000E\000l\000\040\000p\000r\000i\000n\000c\000i\000p\000i\000o\000\040\000d\000e\000\040\000H\000a\000m\000i\000l\000t\000o\000n\000\040\000y\000\040\000e\000l\000\040\000c\000\341\000l\000c\000u\000l\000o\000\040\000d\000e\000\040\000v\000a\000r\000i\000a\000c\000i\000o\000n\000e\000s}{chapter.3}% 45
\BOOKMARK [1][-]{section.3.4}{\376\377\000S\000i\000m\000e\000t\000r\000\355\000a\000s\000\040\000y\000\040\000l\000e\000y\000e\000s\000\040\000d\000e\000\040\000c\000o\000n\000s\000e\000r\000v\000a\000c\000i\000\363\000n}{chapter.3}% 46
\BOOKMARK [2][-]{subsection.3.4.1}{\376\377\000E\000l\000\040\000t\000e\000o\000r\000e\000m\000a\000\040\000d\000e\000\040\000N\000o\000e\000t\000h\000e\000r}{section.3.4}% 47
\BOOKMARK [1][-]{section.3.5}{\376\377\000L\000a\000\040\000f\000o\000r\000m\000u\000l\000a\000c\000i\000\363\000n\000\040\000h\000a\000m\000i\000l\000t\000o\000n\000i\000a\000n\000a}{chapter.3}% 48
\BOOKMARK [2][-]{subsection.3.5.1}{\376\377\000L\000o\000s\000\040\000c\000o\000r\000c\000h\000e\000t\000e\000s\000\040\000d\000e\000\040\000P\000o\000i\000s\000s\000o\000n}{section.3.5}% 49
\BOOKMARK [1][-]{section.3.6}{\376\377\000T\000r\000a\000n\000s\000f\000o\000r\000m\000a\000c\000i\000o\000n\000e\000s\000\040\000c\000a\000n\000\363\000n\000i\000c\000a\000s\000\040\000y\000\040\000f\000u\000n\000c\000i\000o\000n\000e\000s\000\040\000g\000e\000n\000e\000r\000a\000t\000r\000i\000c\000e\000s}{chapter.3}% 50
\BOOKMARK [1][-]{section.3.7}{\376\377\000L\000a\000\040\000e\000c\000u\000a\000c\000i\000\363\000n\000\040\000d\000e\000\040\000H\000a\000m\000i\000l\000t\000o\000n\000-\000J\000a\000c\000o\000b\000i}{chapter.3}% 51
\BOOKMARK [2][-]{subsection.3.7.1}{\376\377\000E\000j\000e\000m\000p\000l\000o\000:\000\040\000e\000l\000\040\000o\000s\000c\000i\000l\000a\000d\000o\000r\000\040\000a\000r\000m\000\363\000n\000i\000c\000o\000\040\000y\000\040\000s\000u\000\040\000a\000c\000c\000i\000\363\000n\000\040\000c\000l\000\341\000s\000i\000c\000a}{section.3.7}% 52
\BOOKMARK [2][-]{subsection.3.7.2}{\376\377\000L\000a\000\040\000a\000n\000a\000l\000o\000g\000\355\000a\000\040\000\363\000p\000t\000i\000c\000o\000-\000m\000e\000c\000\341\000n\000i\000c\000a\000\040\000d\000e\000\040\000H\000a\000m\000i\000l\000t\000o\000n}{section.3.7}% 53
\BOOKMARK [1][-]{section.3.8}{\376\377\000D\000e\000\040\000l\000a\000\040\000e\000c\000u\000a\000c\000i\000\363\000n\000\040\000d\000e\000\040\000H\000a\000m\000i\000l\000t\000o\000n\000-\000J\000a\000c\000o\000b\000i\000\040\000a\000\040\000l\000a\000\040\000e\000c\000u\000a\000c\000i\000\363\000n\000\040\000d\000e\000\040\000S\000c\000h\000r\000\366\000d\000i\000n\000g\000e\000r}{chapter.3}% 54
\BOOKMARK [2][-]{subsection.3.8.1}{\376\377\000E\000l\000\040\000c\000a\000m\000i\000n\000o\000\040\000q\000u\000e\000\040\000s\000i\000g\000u\000i\000\363\000\040\000S\000c\000h\000r\000\366\000d\000i\000n\000g\000e\000r\000:\000\040\000l\000a\000\040\000s\000u\000s\000t\000i\000t\000u\000c\000i\000\363\000n\000\040\000e\000x\000p\000o\000n\000e\000n\000c\000i\000a\000l}{section.3.8}% 55
\BOOKMARK [2][-]{subsection.3.8.2}{\376\377\000E\000l\000\040\000l\000\355\000m\000i\000t\000e\000\040\000c\000l\000\341\000s\000i\000c\000o\000:\000\040\000e\000l\000\040\000r\000e\000t\000o\000r\000n\000o\000\040\000a\000\040\000H\000a\000m\000i\000l\000t\000o\000n\000-\000J\000a\000c\000o\000b\000i}{section.3.8}% 56
\BOOKMARK [1][-]{section.3.9}{\376\377\000S\000i\000s\000t\000e\000m\000a\000s\000\040\000c\000o\000n\000t\000i\000n\000u\000o\000s\000\040\000y\000\040\000t\000e\000o\000r\000\355\000a\000\040\000c\000l\000\341\000s\000i\000c\000a\000\040\000d\000e\000\040\000c\000a\000m\000p\000o\000s}{chapter.3}% 57
\BOOKMARK [1][-]{section.3.10}{\376\377\000D\000e\000l\000\040\000p\000r\000i\000n\000c\000i\000p\000i\000o\000\040\000d\000e\000\040\000a\000c\000c\000i\000\363\000n\000\040\000a\000\040\000l\000a\000\040\000i\000n\000t\000e\000g\000r\000a\000l\000\040\000d\000e\000\040\000c\000a\000m\000i\000n\000o}{chapter.3}% 58
\BOOKMARK [2][-]{subsection.3.10.1}{\376\377\000E\000l\000\040\000p\000r\000o\000p\000a\000g\000a\000d\000o\000r\000\040\000d\000e\000l\000\040\000o\000s\000c\000i\000l\000a\000d\000o\000r\000\040\000a\000r\000m\000\363\000n\000i\000c\000o}{section.3.10}% 59
\BOOKMARK [0][-]{chapter.4}{\376\377\000L\000o\000s\000\040\000p\000o\000s\000t\000u\000l\000a\000d\000o\000s\000\040\000d\000e\000\040\000l\000a\000\040\000m\000e\000c\000\341\000n\000i\000c\000a\000\040\000c\000u\000\341\000n\000t\000i\000c\000a}{}% 60
\BOOKMARK [1][-]{section.4.1}{\376\377\000B\000r\000e\000v\000e\000\040\000h\000i\000s\000t\000o\000r\000i\000a\000\040\000d\000e\000\040\000l\000a\000\040\000f\000o\000r\000m\000u\000l\000a\000c\000i\000\363\000n\000\040\000d\000e\000\040\000l\000a\000\040\000m\000e\000c\000\341\000n\000i\000c\000a\000\040\000c\000u\000\341\000n\000t\000i\000c\000a}{chapter.4}% 61
\BOOKMARK [1][-]{section.4.2}{\376\377\000E\000l\000\040\000e\000s\000p\000a\000c\000i\000o\000\040\000d\000e\000\040\000e\000s\000t\000a\000d\000o\000s}{chapter.4}% 62
\BOOKMARK [1][-]{section.4.3}{\376\377\000L\000o\000s\000\040\000p\000o\000s\000t\000u\000l\000a\000d\000o\000s}{chapter.4}% 63
\BOOKMARK [2][-]{subsection.4.3.1}{\376\377\000P\000r\000i\000m\000e\000r\000\040\000p\000o\000s\000t\000u\000l\000a\000d\000o\000:\000\040\000e\000l\000\040\000e\000s\000t\000a\000d\000o}{section.4.3}% 64
\BOOKMARK [2][-]{subsection.4.3.2}{\376\377\000S\000e\000g\000u\000n\000d\000o\000\040\000p\000o\000s\000t\000u\000l\000a\000d\000o\000:\000\040\000l\000o\000s\000\040\000o\000b\000s\000e\000r\000v\000a\000b\000l\000e\000s}{section.4.3}% 65
\BOOKMARK [2][-]{subsection.4.3.3}{\376\377\000T\000e\000r\000c\000e\000r\000\040\000p\000o\000s\000t\000u\000l\000a\000d\000o\000:\000\040\000l\000a\000\040\000m\000e\000d\000i\000d\000a}{section.4.3}% 66
\BOOKMARK [2][-]{subsection.4.3.4}{\376\377\000C\000u\000a\000r\000t\000o\000\040\000p\000o\000s\000t\000u\000l\000a\000d\000o\000:\000\040\000l\000a\000\040\000e\000v\000o\000l\000u\000c\000i\000\363\000n}{section.4.3}% 67
\BOOKMARK [2][-]{subsection.4.3.5}{\376\377\000Q\000u\000i\000n\000t\000o\000\040\000p\000o\000s\000t\000u\000l\000a\000d\000o\000:\000\040\000s\000i\000s\000t\000e\000m\000a\000s\000\040\000c\000o\000m\000p\000u\000e\000s\000t\000o\000s}{section.4.3}% 68
\BOOKMARK [1][-]{section.4.4}{\376\377\000C\000o\000m\000p\000a\000t\000i\000b\000i\000l\000i\000d\000a\000d\000\040\000y\000\040\000e\000l\000\040\000p\000r\000i\000n\000c\000i\000p\000i\000o\000\040\000d\000e\000\040\000i\000n\000d\000e\000t\000e\000r\000m\000i\000n\000a\000c\000i\000\363\000n}{chapter.4}% 69
\BOOKMARK [1][-]{section.4.5}{\376\377\000R\000e\000p\000r\000e\000s\000e\000n\000t\000a\000c\000i\000o\000n\000e\000s}{chapter.4}% 70
\BOOKMARK [1][-]{section.4.6}{\376\377\000L\000a\000s\000\040\000i\000m\000\341\000g\000e\000n\000e\000s\000\040\000d\000e\000\040\000e\000v\000o\000l\000u\000c\000i\000\363\000n}{chapter.4}% 71
\BOOKMARK [2][-]{subsection.4.6.1}{\376\377\000E\000l\000\040\000t\000e\000o\000r\000e\000m\000a\000\040\000d\000e\000\040\000E\000h\000r\000e\000n\000f\000e\000s\000t\000\040\000y\000\040\000e\000l\000\040\000l\000\355\000m\000i\000t\000e\000\040\000c\000l\000\341\000s\000i\000c\000o}{section.4.6}% 72
\BOOKMARK [1][-]{section.4.7}{\376\377\000E\000l\000\040\000o\000s\000c\000i\000l\000a\000d\000o\000r\000\040\000a\000r\000m\000\363\000n\000i\000c\000o\000\040\000e\000n\000\040\000f\000o\000r\000m\000a\000\040\000a\000l\000g\000e\000b\000r\000a\000i\000c\000a}{chapter.4}% 73
\BOOKMARK [1][-]{section.4.8}{\376\377\000E\000s\000t\000a\000d\000o\000s\000\040\000m\000e\000z\000c\000l\000a\000d\000o\000s\000\040\000y\000\040\000l\000a\000\040\000m\000a\000t\000r\000i\000z\000\040\000d\000e\000n\000s\000i\000d\000a\000d}{chapter.4}% 74
\BOOKMARK [2][-]{subsection.4.8.1}{\376\377\000S\000u\000b\000s\000i\000s\000t\000e\000m\000a\000s\000,\000\040\000t\000r\000a\000z\000a\000\040\000p\000a\000r\000c\000i\000a\000l\000\040\000y\000\040\000e\000l\000\040\000p\000u\000e\000n\000t\000e\000\040\000c\000o\000n\000\040\000l\000a\000\040\000t\000e\000o\000r\000\355\000a\000\040\000d\000e\000\040\000l\000a\000\040\000c\000o\000h\000e\000r\000e\000n\000c\000i\000a}{section.4.8}% 75
\BOOKMARK [0][-]{chapter.5}{\376\377\000C\000u\000a\000n\000t\000i\000z\000a\000c\000i\000\363\000n\000\040\000d\000e\000l\000\040\000c\000a\000m\000p\000o\000\040\000e\000l\000e\000c\000t\000r\000o\000m\000a\000g\000n\000\351\000t\000i\000c\000o}{}% 76
\BOOKMARK [1][-]{section.5.1}{\376\377\000B\000r\000e\000v\000e\000\040\000h\000i\000s\000t\000o\000r\000i\000a\000\040\000d\000e\000\040\000l\000a\000\040\000\363\000p\000t\000i\000c\000a\000\040\000c\000u\000\341\000n\000t\000i\000c\000a}{chapter.5}% 77
\BOOKMARK [1][-]{section.5.2}{\376\377\000L\000a\000\040\000l\000u\000z\000\040\000n\000u\000n\000c\000a\000\040\000h\000a\000\040\000s\000i\000d\000o\000\040\000c\000l\000\341\000s\000i\000c\000a}{chapter.5}% 78
\BOOKMARK [2][-]{subsection.5.2.1}{\376\377\000E\000l\000\040\000p\000r\000o\000b\000l\000e\000m\000a\000\040\000d\000e\000l\000\040\000c\000u\000e\000r\000p\000o\000\040\000n\000e\000g\000r\000o}{section.5.2}% 79
\BOOKMARK [2][-]{subsection.5.2.2}{\376\377\000L\000a\000\040\000c\000u\000a\000n\000t\000i\000z\000a\000c\000i\000\363\000n\000\040\000d\000e\000\040\000l\000a\000\040\000r\000a\000d\000i\000a\000c\000i\000\363\000n\000\040\000s\000e\000g\000\372\000n\000\040\000E\000i\000n\000s\000t\000e\000i\000n}{section.5.2}% 80
\BOOKMARK [2][-]{subsection.5.2.3}{\376\377\000E\000l\000\040\000m\000o\000m\000e\000n\000t\000o\000\040\000d\000e\000l\000\040\000c\000u\000a\000n\000t\000o\000:\000\040\000d\000e\000\040\000E\000i\000n\000s\000t\000e\000i\000n\000\040\0001\0009\0001\0007\000\040\000a\000l\000\040\000e\000f\000e\000c\000t\000o\000\040\000C\000o\000m\000p\000t\000o\000n}{section.5.2}% 81
\BOOKMARK [2][-]{subsection.5.2.4}{\376\377\000E\000l\000\040\000f\000o\000t\000\363\000n\000\040\000e\000s\000\040\000i\000n\000d\000i\000v\000i\000s\000i\000b\000l\000e\000:\000\040\000e\000l\000\040\000e\000x\000p\000e\000r\000i\000m\000e\000n\000t\000o\000\040\000d\000e\000\040\000G\000r\000a\000n\000g\000i\000e\000r\000,\000\040\000R\000o\000g\000e\000r\000\040\000y\000\040\000A\000s\000p\000e\000c\000t}{section.5.2}% 82
\BOOKMARK [1][-]{section.5.3}{\376\377\000P\000r\000i\000m\000e\000r\000a\000\040\000y\000\040\000s\000e\000g\000u\000n\000d\000a\000\040\000c\000u\000a\000n\000t\000i\000z\000a\000c\000i\000\363\000n}{chapter.5}% 83
\BOOKMARK [2][-]{subsection.5.3.1}{\376\377\000Q\000u\000\351\000\040\000c\000u\000a\000n\000t\000i\000z\000a\000\040\000l\000a\000\040\000p\000r\000i\000m\000e\000r\000a\000\040\000c\000u\000a\000n\000t\000i\000z\000a\000c\000i\000\363\000n}{section.5.3}% 84
\BOOKMARK [2][-]{subsection.5.3.2}{\376\377\000Q\000u\000\351\000\040\000c\000u\000a\000n\000t\000i\000z\000a\000\040\000l\000a\000\040\000s\000e\000g\000u\000n\000d\000a\000\040\000c\000u\000a\000n\000t\000i\000z\000a\000c\000i\000\363\000n}{section.5.3}% 85
\BOOKMARK [1][-]{section.5.4}{\376\377\000M\000o\000d\000o\000s\000\040\000n\000o\000r\000m\000a\000l\000e\000s\000\040\000d\000e\000\040\000l\000a\000\040\000c\000a\000v\000i\000d\000a\000d}{chapter.5}% 86
\BOOKMARK [2][-]{subsection.5.4.1}{\376\377\000C\000u\000a\000n\000t\000i\000z\000a\000c\000i\000\363\000n\000\040\000d\000e\000l\000\040\000c\000a\000m\000p\000o\000\040\000e\000l\000e\000c\000t\000r\000o\000m\000a\000g\000n\000\351\000t\000i\000c\000o}{section.5.4}% 87
\BOOKMARK [2][-]{subsection.5.4.2}{\376\377\000E\000l\000\040\000O\000s\000c\000i\000l\000a\000d\000o\000r\000\040\000A\000r\000m\000\363\000n\000i\000c\000o\000\040\000C\000u\000\341\000n\000t\000i\000c\000o\000\040\000d\000e\000\040\000l\000a\000\040\000r\000a\000d\000i\000a\000c\000i\000\363\000n\000\040\000y\000\040\000l\000o\000s\000\040\000E\000s\000t\000a\000d\000o\000s\000\040\000d\000e\000\040\000F\000o\000c\000k}{section.5.4}% 88
\BOOKMARK [1][-]{section.5.5}{\376\377\000E\000l\000\040\000o\000p\000e\000r\000a\000d\000o\000r\000\040\000n\000\372\000m\000e\000r\000o}{chapter.5}% 89
\BOOKMARK [2][-]{subsection.5.5.1}{\376\377\000L\000a\000\040\000e\000n\000e\000r\000g\000\355\000a\000\040\000d\000e\000l\000\040\000v\000a\000c\000\355\000o\000\040\000c\000u\000\341\000n\000t\000i\000c\000o}{section.5.5}% 90
\BOOKMARK [2][-]{subsection.5.5.2}{\376\377\000F\000l\000u\000c\000t\000u\000a\000c\000i\000o\000n\000e\000s\000\040\000d\000e\000l\000\040\000v\000a\000c\000\355\000o}{section.5.5}% 91
\BOOKMARK [1][-]{section.5.6}{\376\377\000L\000o\000s\000\040\000e\000s\000t\000a\000d\000o\000s\000\040\000c\000o\000h\000e\000r\000e\000n\000t\000e\000s}{chapter.5}% 92
\BOOKMARK [2][-]{subsection.5.6.1}{\376\377\000D\000i\000s\000t\000r\000i\000b\000u\000c\000i\000\363\000n\000\040\000d\000e\000\040\000p\000r\000o\000b\000a\000b\000i\000l\000i\000d\000a\000d\000\040\000d\000e\000\040\000l\000o\000s\000\040\000e\000s\000t\000a\000d\000o\000s\000\040\000c\000o\000h\000e\000r\000e\000n\000t\000e\000s}{section.5.6}% 93
\BOOKMARK [0][-]{chapter.6}{\376\377\000C\000o\000h\000e\000r\000e\000n\000c\000i\000a\000\040\000c\000u\000\341\000n\000t\000i\000c\000a\000\040\000y\000\040\000e\000s\000t\000a\000d\000\355\000s\000t\000i\000c\000a\000\040\000d\000e\000\040\000f\000o\000t\000o\000n\000e\000s}{}% 94
\BOOKMARK [1][-]{section.6.1}{\376\377\000Q\000u\000\351\000\040\000m\000i\000d\000e\000\040\000u\000n\000\040\000f\000o\000t\000o\000d\000e\000t\000e\000c\000t\000o\000r}{chapter.6}% 95
\BOOKMARK [1][-]{section.6.2}{\376\377\000L\000a\000s\000\040\000f\000u\000n\000c\000i\000o\000n\000e\000s\000\040\000d\000e\000\040\000c\000o\000r\000r\000e\000l\000a\000c\000i\000\363\000n\000\040\000d\000e\000\040\000G\000l\000a\000u\000b\000e\000r}{chapter.6}% 96
\BOOKMARK [1][-]{section.6.3}{\376\377\000C\000o\000h\000e\000r\000e\000n\000c\000i\000a\000\040\000c\000o\000m\000p\000l\000e\000t\000a\000\040\000y\000\040\000l\000o\000s\000\040\000e\000s\000t\000a\000d\000o\000s\000\040\000c\000o\000h\000e\000r\000e\000n\000t\000e\000s}{chapter.6}% 97
\BOOKMARK [1][-]{section.6.4}{\376\377\000L\000a\000\040\000r\000e\000c\000u\000p\000e\000r\000a\000c\000i\000\363\000n\000\040\000d\000e\000\040\000l\000a\000\040\000t\000e\000o\000r\000\355\000a\000\040\000c\000l\000\341\000s\000i\000c\000a}{chapter.6}% 98
\BOOKMARK [1][-]{section.6.5}{\376\377\000E\000s\000t\000a\000d\000\355\000s\000t\000i\000c\000a\000\040\000d\000e\000\040\000f\000o\000t\000o\000n\000e\000s}{chapter.6}% 99
\BOOKMARK [1][-]{section.6.6}{\376\377\000A\000g\000r\000u\000p\000a\000m\000i\000e\000n\000t\000o\000,\000\040\000a\000n\000t\000i\000a\000g\000r\000u\000p\000a\000m\000i\000e\000n\000t\000o\000\040\000y\000\040\000e\000l\000\040\000e\000x\000p\000e\000r\000i\000m\000e\000n\000t\000o\000\040\000d\000e\000\040\000H\000a\000n\000b\000u\000r\000y\000\040\000B\000r\000o\000w\000n\000\040\000y\000\040\000T\000w\000i\000s\000s}{chapter.6}% 100
\BOOKMARK [1][-]{section.6.7}{\376\377\000C\000o\000h\000e\000r\000e\000n\000c\000i\000a\000\040\000y\000\040\000p\000o\000l\000a\000r\000i\000z\000a\000c\000i\000\363\000n}{chapter.6}% 101
\BOOKMARK [0][-]{chapter.7}{\376\377\000L\000a\000\040\000f\000a\000s\000e\000\040\000c\000u\000\341\000n\000t\000i\000c\000a}{}% 102
\BOOKMARK [1][-]{section.7.1}{\376\377\000L\000a\000\040\000f\000a\000s\000e\000\040\000d\000e\000\040\000D\000i\000r\000a\000c}{chapter.7}% 103
\BOOKMARK [1][-]{section.7.2}{\376\377\000E\000l\000\040\000f\000o\000r\000m\000a\000l\000i\000s\000m\000o\000\040\000d\000e\000\040\000S\000u\000s\000s\000k\000i\000n\000d\000-\000G\000l\000o\000g\000o\000w\000e\000r}{chapter.7}% 104
\BOOKMARK [1][-]{section.7.3}{\376\377\000L\000a\000\040\000f\000a\000s\000e\000\040\000c\000u\000\341\000n\000t\000i\000c\000a\000\040\000y\000\040\000l\000a\000\040\000t\000r\000a\000n\000s\000f\000o\000r\000m\000a\000c\000i\000\363\000n\000\040\000d\000e\000\040\000F\000o\000u\000r\000i\000e\000r\000\040\000F\000r\000a\000c\000c\000i\000o\000n\000a\000r\000i\000a}{chapter.7}% 105
\BOOKMARK [1][-]{section.7.4}{\376\377\000E\000f\000e\000c\000t\000o\000s\000\040\000d\000e\000\040\000l\000a\000\040\000t\000r\000a\000n\000s\000f\000o\000r\000m\000a\000c\000i\000\363\000n\000\040\000d\000e\000\040\000F\000o\000u\000r\000i\000e\000r\000\040\000F\000r\000a\000c\000c\000i\000o\000n\000a\000r\000i\000a\000\040\000s\000o\000b\000r\000e\000\040\000l\000o\000s\000\040\000e\000s\000t\000a\000d\000o\000s\000\040\000c\000o\000h\000e\000r\000e\000n\000t\000e\000s\000\040\000y\000\040\000l\000a\000\040\000f\000u\000n\000c\000i\000\363\000n\000\040\000d\000e\000\040\000W\000i\000g\000n\000e\000r}{chapter.7}% 106
\BOOKMARK [1][-]{section.7.5}{\376\377\000O\000p\000e\000r\000a\000d\000o\000r\000\040\000E\000x\000p\000o\000n\000e\000n\000c\000i\000a\000l\000\040\000d\000e\000\040\000f\000a\000s\000e}{chapter.7}% 107
\BOOKMARK [1][-]{section.7.6}{\376\377\000O\000p\000e\000r\000a\000d\000o\000r\000\040\000d\000e\000\040\000f\000a\000s\000e\000\040\000c\000u\000\341\000n\000t\000i\000c\000a}{chapter.7}% 108
\BOOKMARK [1][-]{section.7.7}{\376\377\000E\000l\000\040\000o\000p\000e\000r\000a\000d\000o\000r\000\040\000d\000e\000\040\000d\000i\000f\000e\000r\000e\000n\000c\000i\000a\000\040\000d\000e\000\040\000f\000a\000s\000e\000\040\000c\000u\000\341\000n\000t\000i\000c\000a\000\040\000y\000\040\000s\000u\000\040\000r\000e\000l\000a\000c\000i\000\363\000n\000\040\000c\000o\000n\000\040\000l\000a\000\040\000p\000o\000l\000a\000r\000i\000z\000a\000c\000i\000\363\000n}{chapter.7}% 109
\BOOKMARK [0][-]{chapter.8}{\376\377\000L\000a\000\040\000p\000r\000o\000p\000o\000a\000g\000a\000c\000i\000\363\000n\000\040\000f\000u\000n\000d\000a\000m\000e\000n\000t\000a\000l\000\040\000d\000e\000\040\000l\000o\000s\000\040\000f\000o\000t\000o\000n\000e\000s}{}% 110
\BOOKMARK [1][-]{section.8.1}{\376\377\000L\000a\000\040\000i\000d\000e\000a\000\040\000d\000e\000\040\000F\000e\000y\000n\000m\000a\000n\000\040\000y\000\040\000l\000a\000\040\000c\000o\000n\000s\000t\000r\000u\000c\000c\000i\000\363\000n\000\040\000d\000e\000l\000\040\000p\000r\000o\000p\000a\000g\000a\000d\000o\000r}{chapter.8}% 111
\BOOKMARK [2][-]{subsection.8.1.1}{\376\377\000D\000e\000\040\000l\000a\000\040\000d\000o\000b\000l\000e\000\040\000r\000e\000n\000d\000i\000j\000a\000\040\000a\000\040\000l\000a\000\040\000s\000u\000m\000a\000\040\000s\000o\000b\000r\000e\000\040\000c\000a\000m\000i\000n\000o\000s}{section.8.1}% 112
\BOOKMARK [2][-]{subsection.8.1.2}{\376\377\000L\000a\000\040\000c\000o\000n\000s\000t\000a\000n\000t\000e\000\040\000d\000e\000\040\000n\000o\000r\000m\000a\000l\000i\000z\000a\000c\000i\000\363\000n\000\040\000y\000\040\000l\000a\000\040\000p\000a\000r\000t\000\355\000c\000u\000l\000a\000\040\000l\000i\000b\000r\000e}{section.8.1}% 113
\BOOKMARK [2][-]{subsection.8.1.3}{\376\377\000S\000i\000s\000t\000e\000m\000a\000s\000\040\000c\000u\000a\000d\000r\000\341\000t\000i\000c\000o\000s\000\040\000y\000\040\000e\000l\000\040\000p\000r\000o\000p\000a\000g\000a\000d\000o\000r\000\040\000d\000e\000l\000\040\000o\000s\000c\000i\000l\000a\000d\000o\000r}{section.8.1}% 114
\BOOKMARK [1][-]{section.8.2}{\376\377\000P\000r\000o\000p\000a\000g\000a\000d\000o\000r\000\040\000d\000e\000\040\000f\000o\000t\000o\000n\000e\000s}{chapter.8}% 115
\BOOKMARK [2][-]{subsection.8.2.1}{\376\377\000P\000r\000o\000p\000a\000g\000a\000d\000o\000r\000\040\000d\000e\000\040\000f\000o\000t\000\363\000n}{section.8.2}% 116
\BOOKMARK [2][-]{subsection.8.2.2}{\376\377\000P\000r\000o\000p\000a\000g\000a\000d\000o\000r\000\040\000d\000e\000l\000\040\000c\000a\000m\000p\000o\000\040\000e\000l\000e\000c\000t\000r\000o\000m\000a\000g\000n\000\351\000t\000i\000c\000o\000\040\000c\000l\000\341\000s\000i\000c\000o}{section.8.2}% 117
\BOOKMARK [2][-]{subsection.8.2.3}{\376\377\000P\000r\000o\000p\000a\000g\000a\000c\000i\000\363\000n\000\040\000c\000o\000m\000o\000\040\000u\000n\000a\000\040\000i\000n\000t\000e\000g\000r\000a\000l\000\040\000d\000e\000\040\000F\000r\000e\000s\000n\000e\000l}{section.8.2}% 118
\BOOKMARK [2][-]{subsection.8.2.4}{\376\377\000C\000o\000r\000r\000e\000s\000p\000o\000n\000d\000e\000n\000c\000i\000a\000\040\000a\000\040\000l\000a\000\040\000t\000e\000o\000r\000\355\000a\000\040\000d\000e\000\040\000l\000a\000\040\000d\000i\000f\000r\000a\000c\000c\000i\000\363\000n\000\040\000e\000s\000c\000a\000l\000a\000r}{section.8.2}% 119
\BOOKMARK [2][-]{subsection.8.2.5}{\376\377\000E\000x\000p\000e\000r\000i\000m\000e\000n\000t\000o\000\040\000d\000e\000\040\000c\000o\000n\000t\000e\000o\000\040\000d\000e\000\040\000f\000o\000t\000o\000n\000e\000s}{section.8.2}% 120
\BOOKMARK [2][-]{subsection.8.2.6}{\376\377\000S\000i\000m\000u\000l\000a\000c\000i\000\363\000n\000\040\000d\000e\000\040\000l\000a\000\040\000d\000i\000s\000t\000r\000i\000b\000u\000c\000i\000\363\000n\000\040\000d\000e\000\040\000p\000r\000o\000b\000a\000b\000i\000l\000i\000d\000a\000d\000\040\000p\000a\000r\000a\000\040\000l\000a\000\040\000p\000r\000o\000p\000a\000g\000a\000c\000i\000\363\000n\000\040\000d\000e\000\040\000f\000o\000t\000o\000n\000e\000s\000\040\000\372\000n\000i\000c\000o\000s}{section.8.2}% 121
\BOOKMARK [0][-]{chapter.9}{\376\377\000E\000l\000\040\000C\000a\000m\000p\000o\000\040\000d\000e\000\040\000R\000i\000e\000m\000a\000n\000n\000-\000S\000i\000l\000b\000e\000r\000s\000t\000e\000i\000n}{}% 122
\BOOKMARK [1][-]{section.9.1}{\376\377\000E\000l\000e\000c\000t\000r\000o\000d\000i\000n\000\341\000m\000i\000c\000a\000\040\000c\000l\000\341\000s\000i\000c\000a}{chapter.9}% 123
\BOOKMARK [2][-]{subsection.9.1.1}{\376\377\000P\000r\000o\000p\000i\000e\000d\000a\000d\000e\000s\000\040\000b\000\341\000s\000i\000c\000a\000s\000\040\000d\000e\000l\000\040\000v\000e\000c\000t\000o\000r\000\040\000d\000e\000\040\000R\000S}{section.9.1}% 124
\BOOKMARK [3][-]{subsubsection.9.1.1.1}{\376\377\000L\000a\000\040\000p\000o\000l\000a\000r\000i\000z\000a\000c\000i\000\363\000n\000\040\000d\000e\000\040\000l\000a\000\040\000l\000u\000z\000\040\000c\000o\000m\000o\000\040\000v\000e\000c\000t\000o\000r\000\040\000e\000n\000\040\000l\000a\000\040\000e\000s\000f\000e\000r\000a\000\040\000d\000e\000\040\000P\000o\000i\000n\000c\000a\000r\000\351\000\040\000c\000o\000m\000o\000\040\000s\000o\000l\000u\000c\000i\000\363\000n\000\040\000a\000\040\000l\000a\000s\000\040\000e\000c\000u\000a\000c\000i\000o\000n\000e\000s\000\040\000d\000e\000\040\000M\000a\000x\000w\000e\000l\000l}{subsection.9.1.1}% 125
\BOOKMARK [2][-]{subsection.9.1.2}{\376\377\000E\000l\000\040\000t\000e\000n\000s\000o\000r\000\040\000d\000e\000\040\000R\000S\000\040\000e\000n\000\040\000e\000s\000p\000a\000c\000i\000o\000s\000-\000t\000i\000e\000m\000p\000o\000\040\000p\000l\000a\000n\000o\000s}{section.9.1}% 126
\BOOKMARK [2][-]{subsection.9.1.3}{\376\377\000E\000l\000\040\000c\000a\000m\000p\000o\000\040\000d\000e\000\040\000R\000S\000\040\000e\000n\000\040\000u\000n\000a\000\040\000c\000o\000n\000f\000i\000g\000u\000r\000a\000c\000i\000\363\000n\000\040\000r\000e\000l\000a\000t\000i\000v\000i\000s\000t\000a}{section.9.1}% 127
\BOOKMARK [1][-]{section.9.2}{\376\377\000U\000n\000i\000f\000i\000c\000a\000c\000i\000\363\000n\000\040\000d\000e\000\040\000l\000a\000s\000\040\000e\000c\000u\000a\000c\000i\000o\000n\000e\000s\000\040\000d\000e\000\040\000M\000a\000x\000w\000e\000l\000l\000\040\000m\000e\000d\000i\000a\000n\000t\000e\000\040\000e\000l\000\040\000t\000e\000n\000s\000o\000r\000\040\000d\000e\000\040\000R\000i\000e\000m\000a\000n\000n\000-\000S\000i\000l\000b\000e\000r\000s\000t\000e\000i\000n}{chapter.9}% 128
\BOOKMARK [2][-]{subsection.9.2.1}{\376\377\000E\000l\000e\000m\000e\000n\000t\000o\000s\000\040\000d\000e\000\040\000g\000e\000o\000m\000e\000t\000r\000\355\000a\000\040\000d\000i\000f\000e\000r\000e\000n\000c\000i\000a\000l\000\040\000e\000n\000\040\000e\000s\000p\000a\000c\000i\000o\000-\000t\000i\000e\000m\000p\000o\000\040\000c\000u\000r\000v\000o}{section.9.2}% 129
\BOOKMARK [2][-]{subsection.9.2.2}{\376\377\000E\000l\000\040\000t\000e\000n\000s\000o\000r\000\040\000d\000e\000\040\000F\000a\000r\000a\000d\000a\000y\000\040\000e\000n\000\040\000e\000s\000p\000a\000c\000i\000o\000-\000t\000i\000e\000m\000p\000o\000\040\000c\000u\000r\000v\000o}{section.9.2}% 130
\BOOKMARK [2][-]{subsection.9.2.3}{\376\377\000L\000a\000s\000\040\000e\000c\000u\000a\000c\000i\000o\000n\000e\000s\000\040\000d\000e\000\040\000M\000a\000x\000w\000e\000l\000l\000\040\000e\000n\000\040\000e\000s\000p\000a\000c\000i\000o\000-\000t\000i\000e\000m\000p\000o\000\040\000c\000u\000r\000v\000o}{section.9.2}% 131
\BOOKMARK [2][-]{subsection.9.2.4}{\376\377\000V\000e\000r\000i\000f\000i\000c\000a\000c\000i\000\363\000n\000:\000\040\000d\000e\000d\000u\000c\000c\000i\000\363\000n\000\040\000d\000e\000\040\000l\000a\000s\000\040\000c\000u\000a\000t\000r\000o\000\040\000e\000c\000u\000a\000c\000i\000o\000n\000e\000s\000\040\000d\000e\000\040\000M\000a\000x\000w\000e\000l\000l}{section.9.2}% 132
\BOOKMARK [1][-]{section.9.3}{\376\377\000E\000l\000e\000c\000t\000r\000o\000d\000i\000n\000\341\000m\000i\000c\000a\000\040\000c\000u\000\341\000n\000t\000i\000c\000a}{chapter.9}% 133
\BOOKMARK [2][-]{subsection.9.3.1}{\376\377\000C\000u\000a\000n\000t\000i\000z\000a\000c\000i\000\363\000n\000\040\000c\000a\000n\000\363\000n\000i\000c\000a}{section.9.3}% 134
\BOOKMARK [2][-]{subsection.9.3.2}{\376\377\000E\000l\000\040\000v\000e\000c\000t\000o\000r\000\040\000d\000e\000\040\000R\000S\000\040\000y\000\040\000l\000o\000s\000\040\000e\000s\000p\000i\000n\000o\000r\000e\000s}{section.9.3}% 135
\BOOKMARK [0][-]{chapter.10}{\376\377\000U\000n\000\040\000m\000o\000d\000e\000l\000o\000\040\000d\000e\000l\000\040\000f\000o\000t\000\363\000n}{}% 136
\BOOKMARK [1][-]{section.10.1}{\376\377\000N\000e\000c\000e\000s\000i\000d\000a\000d\000\040\000d\000e\000\040\000p\000l\000a\000n\000t\000e\000a\000r\000\040\000u\000n\000\040\000m\000o\000d\000e\000l\000o\000\040\000a\000l\000t\000e\000r\000n\000a\000t\000i\000v\000o}{chapter.10}% 137
\BOOKMARK [1][-]{section.10.2}{\376\377\000E\000c\000u\000a\000c\000i\000\363\000n\000\040\000d\000e\000\040\000o\000n\000d\000a\000\040\000d\000e\000\040\000l\000o\000s\000\040\000f\000o\000t\000o\000n\000e\000s}{chapter.10}% 138
\BOOKMARK [2][-]{subsection.10.2.1}{\376\377\000F\000o\000t\000o\000n\000e\000s\000\040\000c\000o\000m\000o\000\040\000p\000a\000q\000u\000e\000t\000e\000s\000\040\000d\000e\000\040\000o\000n\000d\000a\000s}{section.10.2}% 139
\BOOKMARK [2][-]{subsection.10.2.2}{\376\377\000E\000s\000t\000a\000d\000o\000s\000\040\000C\000o\000h\000e\000r\000e\000n\000t\000e\000s\000\040\000d\000e\000\040\000l\000o\000s\000\040\000p\000a\000q\000u\000e\000t\000e\000s\000\040\000d\000e\000\040\000o\000n\000d\000a}{section.10.2}% 140
\BOOKMARK [2][-]{subsection.10.2.3}{\376\377\000L\000a\000\040\000e\000m\000i\000s\000i\000\363\000n\000\040\000d\000e\000\040\000f\000o\000t\000o\000n\000e\000s\000\040\000c\000o\000m\000o\000\040\000e\000s\000t\000a\000d\000o\000s\000\040\000p\000a\000q\000u\000e\000t\000e\000s\000\040\000d\000e\000\040\000o\000n\000d\000a\000\040\000c\000o\000h\000e\000r\000e\000n\000t\000e\000s}{section.10.2}% 141
